Archive member included to satisfy reference by file (symbol)

C:\Program Files (x86)\ON Semiconductor\RSL10 EDK\eclipse\..\lib\ble_core\release\libblelib.a(rwip.o)
                              ./code/ble_std.o (BLE_Reset)
C:\Program Files (x86)\ON Semiconductor\RSL10 EDK\eclipse\..\lib\ble_core\release\libblelib.a(rwble.o)
                              C:\Program Files (x86)\ON Semiconductor\RSL10 EDK\eclipse\..\lib\ble_core\release\libblelib.a(rwip.o) (rwble_init)
C:\Program Files (x86)\ON Semiconductor\RSL10 EDK\eclipse\..\lib\ble_core\release\libblelib.a(rf_atlas.o)
                              C:\Program Files (x86)\ON Semiconductor\RSL10 EDK\eclipse\..\lib\ble_core\release\libblelib.a(rwip.o) (rf_init)
C:\Program Files (x86)\ON Semiconductor\RSL10 EDK\eclipse\..\lib\ble_core\release\libblelib.a(prf-prf_utils.o)
                              ./code/ble_basc.o (prf_env_get)
C:\Program Files (x86)\ON Semiconductor\RSL10 EDK\eclipse\..\lib\ble_core\release\libblelib.a(lld_evt.o)
                              C:\Program Files (x86)\ON Semiconductor\RSL10 EDK\eclipse\..\lib\ble_core\release\libblelib.a(rwble.o) (lld_evt_env)
C:\Program Files (x86)\ON Semiconductor\RSL10 EDK\eclipse\..\lib\ble_core\release\libblelib.a(lld_sleep.o)
                              C:\Program Files (x86)\ON Semiconductor\RSL10 EDK\eclipse\..\lib\ble_core\release\libblelib.a(rwip.o) (lld_power_mode_enter)
C:\Program Files (x86)\ON Semiconductor\RSL10 EDK\eclipse\..\lib\ble_core\release\libblelib.a(hci.o)
                              C:\Program Files (x86)\ON Semiconductor\RSL10 EDK\eclipse\..\lib\ble_core\release\libblelib.a(rwip.o) (hci_init)
C:\Program Files (x86)\ON Semiconductor\RSL10 EDK\eclipse\..\lib\ble_core\release\libblelib.a(hci_fc.o)
                              C:\Program Files (x86)\ON Semiconductor\RSL10 EDK\eclipse\..\lib\ble_core\release\libblelib.a(hci.o) (hci_fc_init)
C:\Program Files (x86)\ON Semiconductor\RSL10 EDK\eclipse\..\lib\ble_core\release\libblelib.a(hci_msg.o)
                              C:\Program Files (x86)\ON Semiconductor\RSL10 EDK\eclipse\..\lib\ble_core\release\libblelib.a(hci.o) (hci_look_for_cmd_desc)
C:\Program Files (x86)\ON Semiconductor\RSL10 EDK\eclipse\..\lib\ble_core\release\libblelib.a(llm.o)
                              C:\Program Files (x86)\ON Semiconductor\RSL10 EDK\eclipse\..\lib\ble_core\release\libblelib.a(lld_evt.o) (llm_le_env)
C:\Program Files (x86)\ON Semiconductor\RSL10 EDK\eclipse\..\lib\ble_core\release\libblelib.a(llm_task.o)
                              C:\Program Files (x86)\ON Semiconductor\RSL10 EDK\eclipse\..\lib\ble_core\release\libblelib.a(llm.o) (llm_state)
C:\Program Files (x86)\ON Semiconductor\RSL10 EDK\eclipse\..\lib\ble_core\release\libblelib.a(llm_util.o)
                              C:\Program Files (x86)\ON Semiconductor\RSL10 EDK\eclipse\..\lib\ble_core\release\libblelib.a(llm.o) (llm_util_bd_addr_wl_position)
C:\Program Files (x86)\ON Semiconductor\RSL10 EDK\eclipse\..\lib\ble_core\release\libblelib.a(lld.o)
                              C:\Program Files (x86)\ON Semiconductor\RSL10 EDK\eclipse\..\lib\ble_core\release\libblelib.a(rwble.o) (lld_init)
C:\Program Files (x86)\ON Semiconductor\RSL10 EDK\eclipse\..\lib\ble_core\release\libblelib.a(lld_pdu.o)
                              C:\Program Files (x86)\ON Semiconductor\RSL10 EDK\eclipse\..\lib\ble_core\release\libblelib.a(lld_evt.o) (lld_pdu_check)
C:\Program Files (x86)\ON Semiconductor\RSL10 EDK\eclipse\..\lib\ble_core\release\libblelib.a(lld_util.o)
                              C:\Program Files (x86)\ON Semiconductor\RSL10 EDK\eclipse\..\lib\ble_core\release\libblelib.a(llm_util.o) (lld_util_set_bd_address)
C:\Program Files (x86)\ON Semiconductor\RSL10 EDK\eclipse\..\lib\ble_core\release\libblelib.a(lld_wlcoex.o)
                              C:\Program Files (x86)\ON Semiconductor\RSL10 EDK\eclipse\..\lib\ble_core\release\libblelib.a(rwip.o) (lld_wlcoex_set)
C:\Program Files (x86)\ON Semiconductor\RSL10 EDK\eclipse\..\lib\ble_core\release\libblelib.a(llc.o)
                              C:\Program Files (x86)\ON Semiconductor\RSL10 EDK\eclipse\..\lib\ble_core\release\libblelib.a(rwble.o) (llc_init)
C:\Program Files (x86)\ON Semiconductor\RSL10 EDK\eclipse\..\lib\ble_core\release\libblelib.a(llc_llcp.o)
                              C:\Program Files (x86)\ON Semiconductor\RSL10 EDK\eclipse\..\lib\ble_core\release\libblelib.a(lld_pdu.o) (llc_llcp_recv_handler)
C:\Program Files (x86)\ON Semiconductor\RSL10 EDK\eclipse\..\lib\ble_core\release\libblelib.a(llc_task.o)
                              C:\Program Files (x86)\ON Semiconductor\RSL10 EDK\eclipse\..\lib\ble_core\release\libblelib.a(llc.o) (llc_state)
C:\Program Files (x86)\ON Semiconductor\RSL10 EDK\eclipse\..\lib\ble_core\release\libblelib.a(llc_util.o)
                              C:\Program Files (x86)\ON Semiconductor\RSL10 EDK\eclipse\..\lib\ble_core\release\libblelib.a(llm.o) (llc_util_get_free_conhdl)
[...]
Memory Configuration

Name             Origin             Length             Attributes
ROM              0x00000000         0x00001000         r
FLASH            0x00100000         0x00060000         xrw
PRAM             0x00200000         0x00008000         xrw
DRAM             0x20000000         0x00006000         xrw
DRAM_DSP         0x20006000         0x0000c000         xrw
DRAM_BB          0x20012000         0x00004000         xrw
*default*        0x00000000         0xffffffff

Linker script and memory map

LOAD ./code/app_init.o
LOAD ./code/app_process.o
LOAD ./code/app_spi.o
LOAD ./code/ble_basc.o
LOAD ./code/ble_bass.o
LOAD ./code/ble_custom.o
LOAD ./code/ble_std.o
LOAD ./app.o
LOAD C:\Program Files (x86)\ON Semiconductor\RSL10 EDK\eclipse\..\lib\ble_core\release\libblelib.a
LOAD C:\Program Files (x86)\ON Semiconductor\RSL10 EDK\eclipse\..\lib\ble_core\release\libkelib.a
LOAD C:\Program Files (x86)\ON Semiconductor\RSL10 EDK\eclipse\..\lib\ble_profiles\release\libbasc.a
LOAD C:\Program Files (x86)\ON Semiconductor\RSL10 EDK\eclipse\..\lib\ble_profiles\release\libbass.a
LOAD C:\Program Files (x86)\ON Semiconductor\RSL10 EDK\eclipse\..\lib\release\libcmsis.a
LOAD C:\Program Files (x86)\ON Semiconductor\RSL10 EDK\eclipse\..\lib\release\libsyslib.a
LOAD C:\Program Files (x86)\ON Semiconductor\RSL10 EDK\eclipse\..\lib\ble_core\release\libweak_prf.a
START GROUP
LOAD c:/program files (x86)/gnu tools arm embedded/6 2017-q1-update/bin/../lib/gcc/arm-none-eabi/6.3.1/thumb/v7-m\libgcc.a
LOAD c:/program files (x86)/gnu tools arm embedded/6 2017-q1-update/bin/../lib/gcc/arm-none-eabi/6.3.1/../../../../arm-none-eabi/lib/thumb/v7-m\libg_nano.a
LOAD c:/program files (x86)/gnu tools arm embedded/6 2017-q1-update/bin/../lib/gcc/arm-none-eabi/6.3.1/../../../../arm-none-eabi/lib/thumb/v7-m\libc_nano.a
END GROUP
START GROUP
LOAD c:/program files (x86)/gnu tools arm embedded/6 2017-q1-update/bin/../lib/gcc/arm-none-eabi/6.3.1/thumb/v7-m\libgcc.a
LOAD c:/program files (x86)/gnu tools arm embedded/6 2017-q1-update/bin/../lib/gcc/arm-none-eabi/6.3.1/../../../../arm-none-eabi/lib/thumb/v7-m\libc_nano.a
END GROUP
                0x20006000                __stack = (ORIGIN (DRAM) + LENGTH (DRAM))
                [!provide]                PROVIDE (__stack, __stack)
                0x00000400                __Main_Stack_Size = 0x400
                [!provide]                PROVIDE (_Main_Stack_Size, __Main_Stack_Size)
                0x20005c00                __Main_Stack_Limit = (__stack - __Main_Stack_Size)
                [!provide]                PROVIDE (_Main_Stack_Limit, __Main_Stack_Limit)
                0x200037c4                PROVIDE (__Heap_Begin__, __noinit_end__)
                0x20005c00                PROVIDE (__Heap_Limit__, (__stack - __Main_Stack_Size))
                0xe000ed08                __VTOR = 0xe000ed08

.text           0x00100000    0x2562c
                0x00100000                . = ALIGN (0x4)
 *(.interrupt_vector)
 .interrupt_vector
                0x00100000      0x164 C:\Program Files (x86)\ON Semiconductor\RSL10 EDK\eclipse\..\lib\release\libcmsis.a(startup_rsl10.o)
                0x00100000                ISR_Vector_Table
 *(.reset)
 .reset         0x00100164       0x18 C:\Program Files (x86)\ON Semiconductor\RSL10 EDK\eclipse\..\lib\release\libcmsis.a(startup_rsl10.o)
                0x00100164                Reset_Handler
                0x0010017c                . = ALIGN (0x4)
                0x0010017c                PROVIDE (__preinit_array_start__, .)
 *(.preinit_array_sysinit .preinit_array_sysinit.*)
 *(.preinit_array_platform .preinit_array_platform.*)
 *(.preinit_array .preinit_array.*)
                0x0010017c                PROVIDE (__preinit_array_end__, .)
                0x0010017c                . = ALIGN (0x4)
                0x0010017c                PROVIDE (__init_array_start__, .)
 *(SORT(.init_array.*))
 *(.init_array)
                0x0010017c                PROVIDE (__init_array_end__, .)
                0x0010017c                . = ALIGN (0x4)
 *(.text .text.*)
 .text.NVIC_EnableIRQ
                0x0010017c       0x30 ./code/app_init.o
 .text.Sys_DIO_Config
                0x001001ac       0x24 ./code/app_init.o
 .text.Sys_Clocks_SystemClkConfig
                0x001001d0       0x34 ./code/app_init.o
 .text.Sys_NVIC_DisableAllInt
                0x00100204       0x30 ./code/app_init.o
 .text.Sys_NVIC_ClearAllPendingInt
                0x00100234       0x30 ./code/app_init.o
 .text.Sys_DMA_ClearChannelStatus
                0x00100264       0x24 ./code/app_init.o
 .text.Sys_DMA_ChannelEnable
                0x00100288       0x22 ./code/app_init.o
 *fill*         0x001002aa        0x2 
 .text.Sys_ADC_Set_Config
                0x001002ac       0x20 ./code/app_init.o
 .text.Sys_ADC_InputSelectConfig
                0x001002cc       0x24 ./code/app_init.o
 .text.Sys_SPI_Config
                0x001002f0       0x28 ./code/app_init.o
 .text.Sys_SPI_TransferConfig
                0x00100318       0x28 ./code/app_init.o
 .text.Sys_SPI_DIOConfig
                0x00100340       0xc8 ./code/app_init.o
 .text.Sys_Timer_Set_Control
                0x00100408       0x24 ./code/app_init.o
 .text.App_Initialize
                0x0010042c      0x1d8 ./code/app_init.o
                0x0010042c                App_Initialize
 .text.App_Env_Initialize
                0x00100604       0x40 ./code/app_init.o
                0x00100604                App_Env_Initialize
 .text.Sys_BootROM_Reset
                0x00100644        0xe ./code/app_process.o
 *fill*         0x00100652        0x2 
 .text.Sys_GPIO_Set_High
                0x00100654       0x3c ./code/app_process.o
 .text.Sys_GPIO_Set_Low
                0x00100690       0x3c ./code/app_process.o
 .text.Sys_GPIO_Toggle
                0x001006cc       0x3c ./code/app_process.o
 .text.APP_Timer
                0x00100708      0x194 ./code/app_process.o
                0x00100708                APP_Timer
 .text.Msg_Handler
                0x0010089c       0x24 ./code/app_process.o
                0x0010089c                Msg_Handler
 .text.Sys_DMA_ClearChannelStatus
                0x001008c0       0x24 ./code/app_spi.o
 .text.Sys_DMA_ChannelEnable
                0x001008e4       0x22 ./code/app_spi.o
 *fill*         0x00100906        0x2 
 .text.Sys_GPIO_Set_High
                0x00100908       0x3c ./code/app_spi.o
 .text.DMA0_IRQHandler
                0x00100944       0xbc ./code/app_spi.o
                0x00100944                DMA0_IRQHandler
 .text.Sys_GPIO_Toggle
                0x00100a00       0x3c ./code/ble_basc.o
 .text.Basc_Env_Initialize
                0x00100a3c       0x24 ./code/ble_basc.o
                0x00100a3c                Basc_Env_Initialize
 .text.Batt_ServiceAdd_Client
                0x00100a60       0x42 ./code/ble_basc.o
                0x00100a60                Batt_ServiceAdd_Client
 *fill*         0x00100aa2        0x2 
 .text.Batt_ServiceEnable_Client
                0x00100aa4       0x64 ./code/ble_basc.o
                0x00100aa4                Batt_ServiceEnable_Client
 .text.Batt_ReadInfoRsp
                0x00100b08       0x8c ./code/ble_basc.o
                0x00100b08                Batt_ReadInfoRsp
 .text.Batt_LevelInd
                0x00100b94       0x38 ./code/ble_basc.o
                0x00100b94                Batt_LevelInd
 .text.Batt_LevelNtfCfgRsp
                0x00100bcc       0x48 ./code/ble_basc.o
                0x00100bcc                Batt_LevelNtfCfgRsp
 .text.Batt_EnableRsp_Client
                0x00100c14       0x7c ./code/ble_basc.o
                0x00100c14                Batt_EnableRsp_Client
 .text.Batt_SendReadInfoReq
                0x00100c90       0x52 ./code/ble_basc.o
                0x00100c90                Batt_SendReadInfoReq
 *fill*         0x00100ce2        0x2 
 .text.Batt_SendLevelNtfCfgReq
                0x00100ce4       0x64 ./code/ble_basc.o
                0x00100ce4                Batt_SendLevelNtfCfgReq
 .text.Bass_Env_Initialize
                0x00100d48       0x18 ./code/ble_bass.o
                0x00100d48                Bass_Env_Initialize
 .text.Batt_ServiceAdd_Server
                0x00100d60       0x74 ./code/ble_bass.o
                0x00100d60                Batt_ServiceAdd_Server
 .text.Batt_ServiceEnable_Server
                0x00100dd4       0x56 ./code/ble_bass.o
                0x00100dd4                Batt_ServiceEnable_Server
 .text.Batt_LevelUpdateSend
                0x00100e2a       0x52 ./code/ble_bass.o
                0x00100e2a                Batt_LevelUpdateSend
 .text.Batt_LevelNtfCfgInd
                0x00100e7c       0x30 ./code/ble_bass.o
                0x00100e7c                Batt_LevelNtfCfgInd
 .text.Batt_EnableRsp_Server
                0x00100eac       0x38 ./code/ble_bass.o
                0x00100eac                Batt_EnableRsp_Server
 .text.Sys_GPIO_Set_Low
                0x00100ee4       0x3c ./code/ble_custom.o
 .text.Sys_GPIO_Toggle
                0x00100f20       0x3c ./code/ble_custom.o
 .text.CustomService_Env_Initialize
                0x00100f5c       0x24 ./code/ble_custom.o
                0x00100f5c                CustomService_Env_Initialize
 .text.CustomService_ServiceEnable
                0x00100f80       0x78 ./code/ble_custom.o
                0x00100f80                CustomService_ServiceEnable
 .text.GATTC_DiscCharInd
                0x00100ff8       0xe4 ./code/ble_custom.o
                0x00100ff8                GATTC_DiscCharInd
 .text.GATTC_CmpEvt
                0x001010dc       0xd4 ./code/ble_custom.o
                0x001010dc                GATTC_CmpEvt
 .text.GATTC_DiscSvcInd
                0x001011b0       0xac ./code/ble_custom.o
                0x001011b0                GATTC_DiscSvcInd
 .text.GATTC_ReadInd
                0x0010125c       0x48 ./code/ble_custom.o
                0x0010125c                GATTC_ReadInd
 .text.GATTC_EvtInd
                0x001012a4       0x74 ./code/ble_custom.o
                0x001012a4                GATTC_EvtInd
 .text.CustomService_SendWrite
                0x00101318       0x9a ./code/ble_custom.o
                0x00101318                CustomService_SendWrite
 *fill*         0x001013b2        0x2 
 .text.CustomService_ServiceAdd
                0x001013b4       0xc0 ./code/ble_custom.o
                0x001013b4                CustomService_ServiceAdd
 .text.GATTM_AddSvcRsp
                0x00101474       0x68 ./code/ble_custom.o
                0x00101474                GATTM_AddSvcRsp
 .text.GATTC_ReadReqInd
                0x001014dc      0x160 ./code/ble_custom.o
                0x001014dc                GATTC_ReadReqInd
 .text.GATTC_WriteReqInd
                0x0010163c       0xfc ./code/ble_custom.o
                0x0010163c                GATTC_WriteReqInd
 .text.CustomService_SendNotification
                0x00101738       0x84 ./code/ble_custom.o
                0x00101738                CustomService_SendNotification
 .text.NVIC_EnableIRQ
                0x001017bc       0x30 ./code/ble_std.o
 .text.BLE_Initialize
                0x001017ec      0x1e4 ./code/ble_std.o
                0x001017ec                BLE_Initialize
 .text.Service_Add
                0x001019d0       0x40 ./code/ble_std.o
                0x001019d0                Service_Add
 .text.GAPM_ProfileAddedInd
                0x00101a10       0x74 ./code/ble_std.o
                0x00101a10                GAPM_ProfileAddedInd
 .text.GAPM_CmpEvt
                0x00101a84      0x188 ./code/ble_std.o
                0x00101a84                GAPM_CmpEvt
 .text.Advertising_Start
                0x00101c0c      0x17c ./code/ble_std.o
                0x00101c0c                Advertising_Start
 .text.GAPC_GetDevInfoReqInd
                0x00101d88       0xac ./code/ble_std.o
                0x00101d88                GAPC_GetDevInfoReqInd
 .text.GAPC_ConnectionReqInd
                0x00101e34      0x1a8 ./code/ble_std.o
                0x00101e34                GAPC_ConnectionReqInd
 .text.GAPC_CmpEvt
                0x00101fdc       0x24 ./code/ble_std.o
                0x00101fdc                GAPC_CmpEvt
 .text.GAPC_DisconnectInd
                0x00102000       0x80 ./code/ble_std.o
                0x00102000                GAPC_DisconnectInd
 .text.GAPC_ParamUpdatedInd
                0x00102080       0x80 ./code/ble_std.o
                0x00102080                GAPC_ParamUpdatedInd
 .text.GAPC_ParamUpdateReqInd
                0x00102100       0x88 ./code/ble_std.o
                0x00102100                GAPC_ParamUpdateReqInd
 .text.Connection_SendStartCmd
                0x00102188       0xd4 ./code/ble_std.o
                0x00102188                Connection_SendStartCmd
 .text.BLE_SetServiceState
                0x0010225c       0x8c ./code/ble_std.o
                0x0010225c                BLE_SetServiceState
 .text.ServiceEnable
                0x001022e8       0x50 ./code/ble_std.o
                0x001022e8                ServiceEnable
 .text.BLE_Operation_Cancel
                0x00102338       0x2c ./code/ble_std.o
                0x00102338                BLE_Operation_Cancel
 .text.APP_SwitchRole_Timeout
                0x00102364       0x70 ./code/ble_std.o
                0x00102364                APP_SwitchRole_Timeout
 .text.DeviceIndx
                0x001023d4       0x60 ./code/ble_std.o
                0x001023d4                DeviceIndx
 .text.BLE_Connection_SelectBegin
                0x00102434       0xac ./code/ble_std.o
                0x00102434                BLE_Connection_SelectBegin
 .text.Sys_Watchdog_Refresh
                0x001024e0       0x1c ./app.o
 .text.main     0x001024fc      0x170 ./app.o
                0x001024fc                main
 .text.BLE_Reset
                0x0010266c       0x3c C:\Program Files (x86)\ON Semiconductor\RSL10 EDK\eclipse\..\lib\ble_core\release\libblelib.a(rwip.o)
                0x0010266c                BLE_Reset
 .text.rwip_reset
                0x001026a8       0x34 C:\Program Files (x86)\ON Semiconductor\RSL10 EDK\eclipse\..\lib\ble_core\release\libblelib.a(rwip.o)
                0x001026a8                rwip_reset
 .text.rwip_wakeup
                0x001026dc       0x18 C:\Program Files (x86)\ON Semiconductor\RSL10 EDK\eclipse\..\lib\ble_core\release\libblelib.a(rwip.o)
                0x001026dc                rwip_wakeup
 .text.rwip_wakeup_end
                0x001026f4       0x28 C:\Program Files (x86)\ON Semiconductor\RSL10 EDK\eclipse\..\lib\ble_core\release\libblelib.a(rwip.o)
                0x001026f4                rwip_wakeup_end
 .text.rwip_wakeup_delay_set
                0x0010271c       0x40 C:\Program Files (x86)\ON Semiconductor\RSL10 EDK\eclipse\..\lib\ble_core\release\libblelib.a(rwip.o)
                0x0010271c                rwip_wakeup_delay_set
 .text.rwip_prevent_sleep_set
                0x0010275c       0x14 C:\Program Files (x86)\ON Semiconductor\RSL10 EDK\eclipse\..\lib\ble_core\release\libblelib.a(rwip.o)
                0x0010275c                rwip_prevent_sleep_set
 .text.rwip_prevent_sleep_clear
                0x00102770       0x14 C:\Program Files (x86)\ON Semiconductor\RSL10 EDK\eclipse\..\lib\ble_core\release\libblelib.a(rwip.o)
                0x00102770                rwip_prevent_sleep_clear
 .text.rwip_sleep_lpcycles_2_us
                0x00102784       0x48 C:\Program Files (x86)\ON Semiconductor\RSL10 EDK\eclipse\..\lib\ble_core\release\libblelib.a(rwip.o)
                0x00102784                rwip_sleep_lpcycles_2_us
 .text.rwip_us_2_lpcycles
                0x001027cc       0x34 C:\Program Files (x86)\ON Semiconductor\RSL10 EDK\eclipse\..\lib\ble_core\release\libblelib.a(rwip.o)
                0x001027cc                rwip_us_2_lpcycles
 .text.BLE_InitNoTL
                0x00102800       0x4c C:\Program Files (x86)\ON Semiconductor\RSL10 EDK\eclipse\..\lib\ble_core\release\libblelib.a(rwip.o)
                0x00102800                BLE_InitNoTL
 .text.rwble_init
                0x0010284c       0x28 C:\Program Files (x86)\ON Semiconductor\RSL10 EDK\eclipse\..\lib\ble_core\release\libblelib.a(rwble.o)
                0x0010284c                rwble_init
 .text.rwble_reset
                0x00102874       0x50 C:\Program Files (x86)\ON Semiconductor\RSL10 EDK\eclipse\..\lib\ble_core\release\libblelib.a(rwble.o)
                0x00102874                rwble_reset
 .text.rwble_isr
                0x001028c4       0xdc C:\Program Files (x86)\ON Semiconductor\RSL10 EDK\eclipse\..\lib\ble_core\release\libblelib.a(rwble.o)
                0x001028c4                BLE_CSCNT_IRQHandler
                0x001028c4                BLE_SW_IRQHandler
                0x001028c4                BLE_AUDIO0_IRQHandler
                0x001028c4                BLE_SLP_IRQHandler
                0x001028c4                BLE_RX_IRQHandler
                0x001028c4                rwble_isr
                0x001028c4                BLE_AUDIO2_IRQHandler
                0x001028c4                BLE_AUDIO1_IRQHandler
                0x001028c4                BLE_ERROR_IRQHandler
                0x001028c4                BLE_EVENT_IRQHandler
                0x001028c4                BLE_CRYPT_IRQHandler
                0x001028c4                BLE_FINETGTIM_IRQHandler
 .text.rf_atl_spi_tf
                0x001029a0       0x24 C:\Program Files (x86)\ON Semiconductor\RSL10 EDK\eclipse\..\lib\ble_core\release\libblelib.a(rf_atlas.o)
 .text.rf_reset
                0x001029c4        0x4 C:\Program Files (x86)\ON Semiconductor\RSL10 EDK\eclipse\..\lib\ble_core\release\libblelib.a(rf_atlas.o)
 .text.rf_force_agc_enable
                0x001029c8        0x4 C:\Program Files (x86)\ON Semiconductor\RSL10 EDK\eclipse\..\lib\ble_core\release\libblelib.a(rf_atlas.o)
 .text.rf_txpwr_dbm_get
                0x001029cc        0x4 C:\Program Files (x86)\ON Semiconductor\RSL10 EDK\eclipse\..\lib\ble_core\release\libblelib.a(rf_atlas.o)
 .text.rf_sleep
                0x001029d0       0x10 C:\Program Files (x86)\ON Semiconductor\RSL10 EDK\eclipse\..\lib\ble_core\release\libblelib.a(rf_atlas.o)
 .text.rf_rssi_convert
                0x001029e0       0x38 C:\Program Files (x86)\ON Semiconductor\RSL10 EDK\eclipse\..\lib\ble_core\release\libblelib.a(rf_atlas.o)
 .text.rf_atl_reg_burst_wr
                0x00102a18       0x44 C:\Program Files (x86)\ON Semiconductor\RSL10 EDK\eclipse\..\lib\ble_core\release\libblelib.a(rf_atlas.o)
 .text.rf_atl_reg_wr
                0x00102a5c       0x2c C:\Program Files (x86)\ON Semiconductor\RSL10 EDK\eclipse\..\lib\ble_core\release\libblelib.a(rf_atlas.o)
 .text.rf_atl_reg_rd
                0x00102a88       0x2c C:\Program Files (x86)\ON Semiconductor\RSL10 EDK\eclipse\..\lib\ble_core\release\libblelib.a(rf_atlas.o)
 .text.rf_init  0x00102ab4      0x52c C:\Program Files (x86)\ON Semiconductor\RSL10 EDK\eclipse\..\lib\ble_core\release\libblelib.a(rf_atlas.o)
                0x00102ab4                rf_init
 .text.prf_itf_get
                0x00102fe0       0xcc C:\Program Files (x86)\ON Semiconductor\RSL10 EDK\eclipse\..\lib\ble_core\release\libblelib.a(prf-prf_utils.o)
 .text.prf_gatt_write.part.0
                0x001030ac       0x5c C:\Program Files (x86)\ON Semiconductor\RSL10 EDK\eclipse\..\lib\ble_core\release\libblelib.a(prf-prf_utils.o)
 .text.prf_init
                0x00103108       0x6c C:\Program Files (x86)\ON Semiconductor\RSL10 EDK\eclipse\..\lib\ble_core\release\libblelib.a(prf-prf_utils.o)
                0x00103108                prf_init
 .text.prf_add_profile
                0x00103174       0x84 C:\Program Files (x86)\ON Semiconductor\RSL10 EDK\eclipse\..\lib\ble_core\release\libblelib.a(prf-prf_utils.o)
                0x00103174                prf_add_profile
 .text.prf_create
                0x001031f8       0x28 C:\Program Files (x86)\ON Semiconductor\RSL10 EDK\eclipse\..\lib\ble_core\release\libblelib.a(prf-prf_utils.o)
                0x001031f8                prf_create
 .text.prf_cleanup
                0x00103220       0x2c C:\Program Files (x86)\ON Semiconductor\RSL10 EDK\eclipse\..\lib\ble_core\release\libblelib.a(prf-prf_utils.o)
                0x00103220                prf_cleanup
 .text.prf_env_get
                0x0010324c       0x34 C:\Program Files (x86)\ON Semiconductor\RSL10 EDK\eclipse\..\lib\ble_core\release\libblelib.a(prf-prf_utils.o)
                0x0010324c                prf_env_get
 .text.prf_src_task_get
                0x00103280       0x10 C:\Program Files (x86)\ON Semiconductor\RSL10 EDK\eclipse\..\lib\ble_core\release\libblelib.a(prf-prf_utils.o)
                0x00103280                prf_src_task_get
 .text.prf_dst_task_get
                0x00103290       0x10 C:\Program Files (x86)\ON Semiconductor\RSL10 EDK\eclipse\..\lib\ble_core\release\libblelib.a(prf-prf_utils.o)
                0x00103290                prf_dst_task_get
 .text.prf_pack_char_pres_fmt
                0x001032a0       0x20 C:\Program Files (x86)\ON Semiconductor\RSL10 EDK\eclipse\..\lib\ble_core\release\libblelib.a(prf-prf_utils.o)
                0x001032a0                prf_pack_char_pres_fmt
 .text.prf_unpack_char_pres_fmt
                0x001032c0       0x24 C:\Program Files (x86)\ON Semiconductor\RSL10 EDK\eclipse\..\lib\ble_core\release\libblelib.a(prf-prf_utils.o)
                0x001032c0                prf_unpack_char_pres_fmt
 .text.prf_read_char_send
                0x001032e4       0x3c C:\Program Files (x86)\ON Semiconductor\RSL10 EDK\eclipse\..\lib\ble_core\release\libblelib.a(prf-prf_utils.o)
                0x001032e4                prf_read_char_send
 .text.prf_register_atthdl2gatt
                0x00103320       0x3c C:\Program Files (x86)\ON Semiconductor\RSL10 EDK\eclipse\..\lib\ble_core\release\libblelib.a(prf-prf_utils.o)
                0x00103320                prf_register_atthdl2gatt
 .text.prf_disc_svc_send
                0x0010335c       0x40 C:\Program Files (x86)\ON Semiconductor\RSL10 EDK\eclipse\..\lib\ble_core\release\libblelib.a(prf-prf_utils.o)
                0x0010335c                prf_disc_svc_send
 .text.prf_gatt_write_ntf_ind
                0x0010339c       0x24 C:\Program Files (x86)\ON Semiconductor\RSL10 EDK\eclipse\..\lib\ble_core\release\libblelib.a(prf-prf_utils.o)
                0x0010339c                prf_gatt_write_ntf_ind
 .text.prf_check_svc_char_validity
                0x001033c0       0x3c C:\Program Files (x86)\ON Semiconductor\RSL10 EDK\eclipse\..\lib\ble_core\release\libblelib.a(prf-prf_utils.o)
                0x001033c0                prf_check_svc_char_validity
 .text.prf_check_svc_char_desc_validity
                0x001033fc       0x44 C:\Program Files (x86)\ON Semiconductor\RSL10 EDK\eclipse\..\lib\ble_core\release\libblelib.a(prf-prf_utils.o)
                0x001033fc                prf_check_svc_char_desc_validity
 .text.prf_extract_svc_info
                0x00103440      0x1c8 C:\Program Files (x86)\ON Semiconductor\RSL10 EDK\eclipse\..\lib\ble_core\release\libblelib.a(prf-prf_utils.o)
                0x00103440                prf_extract_svc_info
 .text.lld_evt_winsize_change
                0x00103608       0xb8 C:\Program Files (x86)\ON Semiconductor\RSL10 EDK\eclipse\..\lib\ble_core\release\libblelib.a(lld_evt.o)
 .text.lld_evt_rxwin_compute
                0x001036c0       0x64 C:\Program Files (x86)\ON Semiconductor\RSL10 EDK\eclipse\..\lib\ble_core\release\libblelib.a(lld_evt.o)
 .text.lld_evt_slave_time_compute
                0x00103724       0xd4 C:\Program Files (x86)\ON Semiconductor\RSL10 EDK\eclipse\..\lib\ble_core\release\libblelib.a(lld_evt.o)
 .text.lld_evt_prevent_stop
                0x001037f8        0x4 C:\Program Files (x86)\ON Semiconductor\RSL10 EDK\eclipse\..\lib\ble_core\release\libblelib.a(lld_evt.o)
                0x001037f8                lld_evt_prevent_stop
 .text.lld_evt_deferred_elt_push
                0x001037fc       0x28 C:\Program Files (x86)\ON Semiconductor\RSL10 EDK\eclipse\..\lib\ble_core\release\libblelib.a(lld_evt.o)
 .text.lld_evt_elt_wait_insert
                0x00103824       0x20 C:\Program Files (x86)\ON Semiconductor\RSL10 EDK\eclipse\..\lib\ble_core\release\libblelib.a(lld_evt.o)
 .text.lld_evt_deferred_elt_pop
                0x00103844       0x2c C:\Program Files (x86)\ON Semiconductor\RSL10 EDK\eclipse\..\lib\ble_core\release\libblelib.a(lld_evt.o)
 .text.lld_evt_get_next_free_slot
                0x00103870       0x40 C:\Program Files (x86)\ON Semiconductor\RSL10 EDK\eclipse\..\lib\ble_core\release\libblelib.a(lld_evt.o)
 .text.lld_evt_elt_wait_get
                0x001038b0       0x34 C:\Program Files (x86)\ON Semiconductor\RSL10 EDK\eclipse\..\lib\ble_core\release\libblelib.a(lld_evt.o)
 .text.lld_evt_schedule
                0x001038e4      0x170 C:\Program Files (x86)\ON Semiconductor\RSL10 EDK\eclipse\..\lib\ble_core\release\libblelib.a(lld_evt.o)
                0x001038e4                lld_evt_schedule
 .text.lld_evt_delete_elt_push
                0x00103a54       0x44 C:\Program Files (x86)\ON Semiconductor\RSL10 EDK\eclipse\..\lib\ble_core\release\libblelib.a(lld_evt.o)
                0x00103a54                lld_evt_delete_elt_push
 .text.lld_evt_deffered_elt_handler
                0x00103a98      0x118 C:\Program Files (x86)\ON Semiconductor\RSL10 EDK\eclipse\..\lib\ble_core\release\libblelib.a(lld_evt.o)
                0x00103a98                lld_evt_deffered_elt_handler
 .text.lld_evt_channel_next
                0x00103bb0       0x50 C:\Program Files (x86)\ON Semiconductor\RSL10 EDK\eclipse\..\lib\ble_core\release\libblelib.a(lld_evt.o)
                0x00103bb0                lld_evt_channel_next
 .text.lld_evt_init
                0x00103c00      0x130 C:\Program Files (x86)\ON Semiconductor\RSL10 EDK\eclipse\..\lib\ble_core\release\libblelib.a(lld_evt.o)
                0x00103c00                lld_evt_init
 .text.lld_evt_init_evt
                0x00103d30       0x40 C:\Program Files (x86)\ON Semiconductor\RSL10 EDK\eclipse\..\lib\ble_core\release\libblelib.a(lld_evt.o)
                0x00103d30                lld_evt_init_evt
 .text.lld_evt_restart
                0x00103d70      0x8f0 C:\Program Files (x86)\ON Semiconductor\RSL10 EDK\eclipse\..\lib\ble_core\release\libblelib.a(lld_evt.o)
                0x00103d70                lld_evt_restart
 .text.lld_evt_elt_insert
                0x00104660       0x48 C:\Program Files (x86)\ON Semiconductor\RSL10 EDK\eclipse\..\lib\ble_core\release\libblelib.a(lld_evt.o)
                0x00104660                lld_evt_elt_insert
 .text.lld_evt_canceled
                0x001046a8       0x40 C:\Program Files (x86)\ON Semiconductor\RSL10 EDK\eclipse\..\lib\ble_core\release\libblelib.a(lld_evt.o)
                0x001046a8                lld_evt_canceled
 .text.lld_evt_elt_delete
                0x001046e8       0xd4 C:\Program Files (x86)\ON Semiconductor\RSL10 EDK\eclipse\..\lib\ble_core\release\libblelib.a(lld_evt.o)
                0x001046e8                lld_evt_elt_delete
 .text.lld_evt_delete_elt_handler
                0x001047bc       0x68 C:\Program Files (x86)\ON Semiconductor\RSL10 EDK\eclipse\..\lib\ble_core\release\libblelib.a(lld_evt.o)
 .text.lld_evt_schedule_next
                0x00104824      0x1b8 C:\Program Files (x86)\ON Semiconductor\RSL10 EDK\eclipse\..\lib\ble_core\release\libblelib.a(lld_evt.o)
                0x00104824                lld_evt_schedule_next
 .text.lld_evt_scan_create
                0x001049dc       0x88 C:\Program Files (x86)\ON Semiconductor\RSL10 EDK\eclipse\..\lib\ble_core\release\libblelib.a(lld_evt.o)
                0x001049dc                lld_evt_scan_create
 .text.lld_evt_move_to_master
                0x00104a64      0x15c C:\Program Files (x86)\ON Semiconductor\RSL10 EDK\eclipse\..\lib\ble_core\release\libblelib.a(lld_evt.o)
                0x00104a64                lld_evt_move_to_master
 .text.lld_evt_update_create
                0x00104bc0      0x164 C:\Program Files (x86)\ON Semiconductor\RSL10 EDK\eclipse\..\lib\ble_core\release\libblelib.a(lld_evt.o)
                0x00104bc0                lld_evt_update_create
 .text.lld_evt_move_to_slave
                0x00104d24      0x344 C:\Program Files (x86)\ON Semiconductor\RSL10 EDK\eclipse\..\lib\ble_core\release\libblelib.a(lld_evt.o)
                0x00104d24                lld_evt_move_to_slave
 .text.lld_evt_slave_update
                0x00105068      0x19c C:\Program Files (x86)\ON Semiconductor\RSL10 EDK\eclipse\..\lib\ble_core\release\libblelib.a(lld_evt.o)
                0x00105068                lld_evt_slave_update
 .text.lld_evt_adv_create
                0x00105204       0x8c C:\Program Files (x86)\ON Semiconductor\RSL10 EDK\eclipse\..\lib\ble_core\release\libblelib.a(lld_evt.o)
                0x00105204                lld_evt_adv_create
 .text.lld_evt_end
                0x00105290      0x194 C:\Program Files (x86)\ON Semiconductor\RSL10 EDK\eclipse\..\lib\ble_core\release\libblelib.a(lld_evt.o)
                0x00105290                lld_evt_end
 .text.lld_evt_rx
                0x00105424       0x40 C:\Program Files (x86)\ON Semiconductor\RSL10 EDK\eclipse\..\lib\ble_core\release\libblelib.a(lld_evt.o)
                0x00105424                lld_evt_rx
 .text.lld_evt_end_isr
                0x00105464       0x40 C:\Program Files (x86)\ON Semiconductor\RSL10 EDK\eclipse\..\lib\ble_core\release\libblelib.a(lld_evt.o)
                0x00105464                lld_evt_end_isr
 .text.lld_evt_rx_isr
                0x001054a4       0x10 C:\Program Files (x86)\ON Semiconductor\RSL10 EDK\eclipse\..\lib\ble_core\release\libblelib.a(lld_evt.o)
                0x001054a4                lld_evt_rx_isr
 .text.lld_sleep_init
                0x001054b4       0x3c C:\Program Files (x86)\ON Semiconductor\RSL10 EDK\eclipse\..\lib\ble_core\release\libblelib.a(lld_sleep.o)
                0x001054b4                lld_sleep_init
 .text.lld_sleep_wakeup
                0x001054f0       0x84 C:\Program Files (x86)\ON Semiconductor\RSL10 EDK\eclipse\..\lib\ble_core\release\libblelib.a(lld_sleep.o)
                0x001054f0                lld_sleep_wakeup
 .text.lld_sleep_wakeup_end
                0x00105574       0x1c C:\Program Files (x86)\ON Semiconductor\RSL10 EDK\eclipse\..\lib\ble_core\release\libblelib.a(lld_sleep.o)
                0x00105574                lld_sleep_wakeup_end
 .text.hci_evt_mask_set.part.1
                0x00105590       0x34 C:\Program Files (x86)\ON Semiconductor\RSL10 EDK\eclipse\..\lib\ble_core\release\libblelib.a(hci.o)
 .text.hci_init
                0x001055c4       0x24 C:\Program Files (x86)\ON Semiconductor\RSL10 EDK\eclipse\..\lib\ble_core\release\libblelib.a(hci.o)
                0x001055c4                hci_init
 .text.hci_reset
                0x001055e8       0x24 C:\Program Files (x86)\ON Semiconductor\RSL10 EDK\eclipse\..\lib\ble_core\release\libblelib.a(hci.o)
                0x001055e8                hci_reset
 .text.hci_send_2_host
                0x0010560c       0xfc C:\Program Files (x86)\ON Semiconductor\RSL10 EDK\eclipse\..\lib\ble_core\release\libblelib.a(hci.o)
                0x0010560c                hci_send_2_host
 .text.hci_send_2_controller
                0x00105708       0xa4 C:\Program Files (x86)\ON Semiconductor\RSL10 EDK\eclipse\..\lib\ble_core\release\libblelib.a(hci.o)
                0x00105708                hci_send_2_controller
 .text.hci_evt_mask_set
                0x001057ac       0x24 C:\Program Files (x86)\ON Semiconductor\RSL10 EDK\eclipse\..\lib\ble_core\release\libblelib.a(hci.o)
                0x001057ac                hci_evt_mask_set
 .text.hci_fc_init
                0x001057d0       0x20 C:\Program Files (x86)\ON Semiconductor\RSL10 EDK\eclipse\..\lib\ble_core\release\libblelib.a(hci_fc.o)
                0x001057d0                hci_fc_init
 .text.hci_fc_acl_buf_size_set
                0x001057f0       0x24 C:\Program Files (x86)\ON Semiconductor\RSL10 EDK\eclipse\..\lib\ble_core\release\libblelib.a(hci_fc.o)
                0x001057f0                hci_fc_acl_buf_size_set
 .text.hci_fc_acl_en
                0x00105814       0x30 C:\Program Files (x86)\ON Semiconductor\RSL10 EDK\eclipse\..\lib\ble_core\release\libblelib.a(hci_fc.o)
                0x00105814                hci_fc_acl_en
 .text.hci_fc_host_nb_acl_pkts_complete
                0x00105844       0x14 C:\Program Files (x86)\ON Semiconductor\RSL10 EDK\eclipse\..\lib\ble_core\release\libblelib.a(hci_fc.o)
                0x00105844                hci_fc_host_nb_acl_pkts_complete
 .text.hci_look_for_cmd_desc
                0x00105858       0x64 C:\Program Files (x86)\ON Semiconductor\RSL10 EDK\eclipse\..\lib\ble_core\release\libblelib.a(hci_msg.o)
                0x00105858                hci_look_for_cmd_desc
 .text.hci_look_for_evt_desc
                0x001058bc       0x2c C:\Program Files (x86)\ON Semiconductor\RSL10 EDK\eclipse\..\lib\ble_core\release\libblelib.a(hci_msg.o)
                0x001058bc                hci_look_for_evt_desc
 .text.hci_look_for_le_evt_desc
                0x001058e8       0x2c C:\Program Files (x86)\ON Semiconductor\RSL10 EDK\eclipse\..\lib\ble_core\release\libblelib.a(hci_msg.o)
                0x001058e8                hci_look_for_le_evt_desc
 .text.llm_con_req_ind
                0x00105914      0x18c C:\Program Files (x86)\ON Semiconductor\RSL10 EDK\eclipse\..\lib\ble_core\release\libblelib.a(llm.o)
                0x00105914                llm_con_req_ind
 .text.llm_le_adv_report_ind
                0x00105aa0      0x308 C:\Program Files (x86)\ON Semiconductor\RSL10 EDK\eclipse\..\lib\ble_core\release\libblelib.a(llm.o)
                0x00105aa0                llm_le_adv_report_ind
 .text.llm_con_req_tx_cfm
                0x00105da8      0x13c C:\Program Files (x86)\ON Semiconductor\RSL10 EDK\eclipse\..\lib\ble_core\release\libblelib.a(llm.o)
                0x00105da8                llm_con_req_tx_cfm
 .text.llm_common_cmd_complete_send
                0x00105ee4       0x1c C:\Program Files (x86)\ON Semiconductor\RSL10 EDK\eclipse\..\lib\ble_core\release\libblelib.a(llm.o)
                0x00105ee4                llm_common_cmd_complete_send
 .text.llm_ble_ready
                0x00105f00        0x8 C:\Program Files (x86)\ON Semiconductor\RSL10 EDK\eclipse\..\lib\ble_core\release\libblelib.a(llm.o)
                0x00105f00                llm_ble_ready
 .text.llm_common_cmd_status_send
                0x00105f08       0x1c C:\Program Files (x86)\ON Semiconductor\RSL10 EDK\eclipse\..\lib\ble_core\release\libblelib.a(llm.o)
                0x00105f08                llm_common_cmd_status_send
 .text.llm_test_mode_start_tx
                0x00105f24      0x280 C:\Program Files (x86)\ON Semiconductor\RSL10 EDK\eclipse\..\lib\ble_core\release\libblelib.a(llm.o)
                0x00105f24                llm_test_mode_start_tx
 .text.llm_test_mode_start_rx
                0x001061a4       0xe8 C:\Program Files (x86)\ON Semiconductor\RSL10 EDK\eclipse\..\lib\ble_core\release\libblelib.a(llm.o)
                0x001061a4                llm_test_mode_start_rx
 .text.llm_set_adv_param
                0x0010628c      0x184 C:\Program Files (x86)\ON Semiconductor\RSL10 EDK\eclipse\..\lib\ble_core\release\libblelib.a(llm.o)
                0x0010628c                llm_set_adv_param
 .text.llm_set_adv_data
                0x00106410       0xa4 C:\Program Files (x86)\ON Semiconductor\RSL10 EDK\eclipse\..\lib\ble_core\release\libblelib.a(llm.o)
                0x00106410                llm_set_adv_data
 .text.llm_set_scan_rsp_data
                0x001064b4       0xa4 C:\Program Files (x86)\ON Semiconductor\RSL10 EDK\eclipse\..\lib\ble_core\release\libblelib.a(llm.o)
                0x001064b4                llm_set_scan_rsp_data
 .text.llm_set_scan_param
                0x00106558       0x94 C:\Program Files (x86)\ON Semiconductor\RSL10 EDK\eclipse\..\lib\ble_core\release\libblelib.a(llm.o)
                0x00106558                llm_set_scan_param
 .text.llm_wl_clr
                0x001065ec       0x9c C:\Program Files (x86)\ON Semiconductor\RSL10 EDK\eclipse\..\lib\ble_core\release\libblelib.a(llm.o)
                0x001065ec                llm_wl_clr
 .text.llm_init
                0x00106688      0x1d0 C:\Program Files (x86)\ON Semiconductor\RSL10 EDK\eclipse\..\lib\ble_core\release\libblelib.a(llm.o)
                0x00106688                llm_init
 .text.llm_wl_dev_add
                0x00106858       0x84 C:\Program Files (x86)\ON Semiconductor\RSL10 EDK\eclipse\..\lib\ble_core\release\libblelib.a(llm.o)
                0x00106858                llm_wl_dev_add
 .text.llm_wl_dev_rem
                0x001068dc       0x70 C:\Program Files (x86)\ON Semiconductor\RSL10 EDK\eclipse\..\lib\ble_core\release\libblelib.a(llm.o)
                0x001068dc                llm_wl_dev_rem
 .text.llm_wl_dev_add_hdl
                0x0010694c       0x84 C:\Program Files (x86)\ON Semiconductor\RSL10 EDK\eclipse\..\lib\ble_core\release\libblelib.a(llm.o)
                0x0010694c                llm_wl_dev_add_hdl
 .text.llm_wl_dev_rem_hdl
                0x001069d0       0x7c C:\Program Files (x86)\ON Semiconductor\RSL10 EDK\eclipse\..\lib\ble_core\release\libblelib.a(llm.o)
                0x001069d0                llm_wl_dev_rem_hdl
 .text.llm_encryption_start
                0x00106a4c       0xb4 C:\Program Files (x86)\ON Semiconductor\RSL10 EDK\eclipse\..\lib\ble_core\release\libblelib.a(llm.o)
                0x00106a4c                llm_encryption_start
 .text.llm_encryption_done
                0x00106b00       0xac C:\Program Files (x86)\ON Semiconductor\RSL10 EDK\eclipse\..\lib\ble_core\release\libblelib.a(llm.o)
                0x00106b00                llm_encryption_done
 .text.llm_ral_clear
                0x00106bac       0x2c C:\Program Files (x86)\ON Semiconductor\RSL10 EDK\eclipse\..\lib\ble_core\release\libblelib.a(llm.o)
                0x00106bac                llm_ral_clear
 .text.llm_ral_dev_add
                0x00106bd8      0x150 C:\Program Files (x86)\ON Semiconductor\RSL10 EDK\eclipse\..\lib\ble_core\release\libblelib.a(llm.o)
                0x00106bd8                llm_ral_dev_add
 .text.llm_ral_dev_rm
                0x00106d28       0x40 C:\Program Files (x86)\ON Semiconductor\RSL10 EDK\eclipse\..\lib\ble_core\release\libblelib.a(llm.o)
                0x00106d28                llm_ral_dev_rm
 .text.llm_ral_get_rpa
                0x00106d68       0x8c C:\Program Files (x86)\ON Semiconductor\RSL10 EDK\eclipse\..\lib\ble_core\release\libblelib.a(llm.o)
                0x00106d68                llm_ral_get_rpa
 .text.llm_ral_set_timeout
                0x00106df4       0x4c C:\Program Files (x86)\ON Semiconductor\RSL10 EDK\eclipse\..\lib\ble_core\release\libblelib.a(llm.o)
                0x00106df4                llm_ral_set_timeout
 .text.llm_ral_update
                0x00106e40       0x38 C:\Program Files (x86)\ON Semiconductor\RSL10 EDK\eclipse\..\lib\ble_core\release\libblelib.a(llm.o)
                0x00106e40                llm_ral_update
 .text.llm_set_adv_en
                0x00106e78      0x14c C:\Program Files (x86)\ON Semiconductor\RSL10 EDK\eclipse\..\lib\ble_core\release\libblelib.a(llm.o)
                0x00106e78                llm_set_adv_en
 .text.llm_set_scan_en
                0x00106fc4       0xb0 C:\Program Files (x86)\ON Semiconductor\RSL10 EDK\eclipse\..\lib\ble_core\release\libblelib.a(llm.o)
                0x00106fc4                llm_set_scan_en
 .text.llm_create_con
                0x00107074      0x13c C:\Program Files (x86)\ON Semiconductor\RSL10 EDK\eclipse\..\lib\ble_core\release\libblelib.a(llm.o)
                0x00107074                llm_create_con
 .text.llm_dft_handler
                0x001071b0        0x4 C:\Program Files (x86)\ON Semiconductor\RSL10 EDK\eclipse\..\lib\ble_core\release\libblelib.a(llm_task.o)
 .text.llm_le_set_host_ch_class_cmd_sto_handler
                0x001071b4       0x10 C:\Program Files (x86)\ON Semiconductor\RSL10 EDK\eclipse\..\lib\ble_core\release\libblelib.a(llm_task.o)
 .text.llm_ecc_result_ind_handler
                0x001071c4      0x10c C:\Program Files (x86)\ON Semiconductor\RSL10 EDK\eclipse\..\lib\ble_core\release\libblelib.a(llm_task.o)
 .text.llm_enc_req_handler
                0x001072d0       0x24 C:\Program Files (x86)\ON Semiconductor\RSL10 EDK\eclipse\..\lib\ble_core\release\libblelib.a(llm_task.o)
 .text.llm_le_enh_priv_addr_renew_timer_handler
                0x001072f4       0x4c C:\Program Files (x86)\ON Semiconductor\RSL10 EDK\eclipse\..\lib\ble_core\release\libblelib.a(llm_task.o)
 .text.lld_stop_ind_handler
                0x00107340       0x60 C:\Program Files (x86)\ON Semiconductor\RSL10 EDK\eclipse\..\lib\ble_core\release\libblelib.a(llm_task.o)
 .text.llm_util_bd_addr_wl_position
                0x001073a0       0x68 C:\Program Files (x86)\ON Semiconductor\RSL10 EDK\eclipse\..\lib\ble_core\release\libblelib.a(llm_util.o)
                0x001073a0                llm_util_bd_addr_wl_position
 .text.llm_util_check_address_validity
                0x00107408       0x18 C:\Program Files (x86)\ON Semiconductor\RSL10 EDK\eclipse\..\lib\ble_core\release\libblelib.a(llm_util.o)
                0x00107408                llm_util_check_address_validity
 .text.llm_util_check_map_validity
                0x00107420       0x58 C:\Program Files (x86)\ON Semiconductor\RSL10 EDK\eclipse\..\lib\ble_core\release\libblelib.a(llm_util.o)
                0x00107420                llm_util_check_map_validity
 .text.llm_util_apply_bd_addr
                0x00107478       0x20 C:\Program Files (x86)\ON Semiconductor\RSL10 EDK\eclipse\..\lib\ble_core\release\libblelib.a(llm_util.o)
                0x00107478                llm_util_apply_bd_addr
 .text.llm_util_check_evt_mask
                0x00107498       0x1c C:\Program Files (x86)\ON Semiconductor\RSL10 EDK\eclipse\..\lib\ble_core\release\libblelib.a(llm_util.o)
                0x00107498                llm_util_check_evt_mask
 .text.llm_util_get_channel_map
                0x001074b4       0x10 C:\Program Files (x86)\ON Semiconductor\RSL10 EDK\eclipse\..\lib\ble_core\release\libblelib.a(llm_util.o)
                0x001074b4                llm_util_get_channel_map
 .text.llm_util_get_supp_features
                0x001074c4       0x10 C:\Program Files (x86)\ON Semiconductor\RSL10 EDK\eclipse\..\lib\ble_core\release\libblelib.a(llm_util.o)
                0x001074c4                llm_util_get_supp_features
 .text.llm_util_adv_data_update
                0x001074d4       0x40 C:\Program Files (x86)\ON Semiconductor\RSL10 EDK\eclipse\..\lib\ble_core\release\libblelib.a(llm_util.o)
                0x001074d4                llm_util_adv_data_update
 .text.llm_util_bl_check
                0x00107514       0x78 C:\Program Files (x86)\ON Semiconductor\RSL10 EDK\eclipse\..\lib\ble_core\release\libblelib.a(llm_util.o)
                0x00107514                llm_util_bl_check
 .text.llm_util_bd_addr_in_wl
                0x0010758c       0x50 C:\Program Files (x86)\ON Semiconductor\RSL10 EDK\eclipse\..\lib\ble_core\release\libblelib.a(llm_util.o)
                0x0010758c                llm_util_bd_addr_in_wl
 .text.llm_util_get_default_phy
                0x001075dc       0x2c C:\Program Files (x86)\ON Semiconductor\RSL10 EDK\eclipse\..\lib\ble_core\release\libblelib.a(llm_util.o)
                0x001075dc                llm_util_get_default_phy
 .text.llm_util_bd_addr_in_ral
                0x00107608       0x68 C:\Program Files (x86)\ON Semiconductor\RSL10 EDK\eclipse\..\lib\ble_core\release\libblelib.a(llm_util.o)
                0x00107608                llm_util_bd_addr_in_ral
 .text.llm_util_bl_add
                0x00107670       0x98 C:\Program Files (x86)\ON Semiconductor\RSL10 EDK\eclipse\..\lib\ble_core\release\libblelib.a(llm_util.o)
                0x00107670                llm_util_bl_add
 .text.llm_util_bl_rem
                0x00107708       0x74 C:\Program Files (x86)\ON Semiconductor\RSL10 EDK\eclipse\..\lib\ble_core\release\libblelib.a(llm_util.o)
                0x00107708                llm_util_bl_rem
 .text.llm_end_evt_defer
                0x0010777c       0xd0 C:\Program Files (x86)\ON Semiconductor\RSL10 EDK\eclipse\..\lib\ble_core\release\libblelib.a(llm_util.o)
                0x0010777c                llm_end_evt_defer
 .text.llm_pdu_defer
                0x0010784c       0x88 C:\Program Files (x86)\ON Semiconductor\RSL10 EDK\eclipse\..\lib\ble_core\release\libblelib.a(llm_util.o)
                0x0010784c                llm_pdu_defer
 .text.lld_init
                0x001078d4      0x280 C:\Program Files (x86)\ON Semiconductor\RSL10 EDK\eclipse\..\lib\ble_core\release\libblelib.a(lld.o)
                0x001078d4                lld_init
 .text.lld_core_reset
                0x00107b54       0x64 C:\Program Files (x86)\ON Semiconductor\RSL10 EDK\eclipse\..\lib\ble_core\release\libblelib.a(lld.o)
                0x00107b54                lld_core_reset
 .text.lld_adv_start
                0x00107bb8      0x270 C:\Program Files (x86)\ON Semiconductor\RSL10 EDK\eclipse\..\lib\ble_core\release\libblelib.a(lld.o)
                0x00107bb8                lld_adv_start
 .text.lld_adv_stop
                0x00107e28       0x2c C:\Program Files (x86)\ON Semiconductor\RSL10 EDK\eclipse\..\lib\ble_core\release\libblelib.a(lld.o)
                0x00107e28                lld_adv_stop
 .text.lld_scan_start
                0x00107e54      0x1f0 C:\Program Files (x86)\ON Semiconductor\RSL10 EDK\eclipse\..\lib\ble_core\release\libblelib.a(lld.o)
                0x00107e54                lld_scan_start
 .text.lld_scan_stop
                0x00108044       0x2c C:\Program Files (x86)\ON Semiconductor\RSL10 EDK\eclipse\..\lib\ble_core\release\libblelib.a(lld.o)
                0x00108044                lld_scan_stop
 .text.lld_con_start
                0x00108070      0x668 C:\Program Files (x86)\ON Semiconductor\RSL10 EDK\eclipse\..\lib\ble_core\release\libblelib.a(lld.o)
                0x00108070                lld_con_start
 .text.lld_move_to_master
                0x001086d8      0x104 C:\Program Files (x86)\ON Semiconductor\RSL10 EDK\eclipse\..\lib\ble_core\release\libblelib.a(lld.o)
                0x001086d8                lld_move_to_master
 .text.lld_con_update_req
                0x001087dc       0x68 C:\Program Files (x86)\ON Semiconductor\RSL10 EDK\eclipse\..\lib\ble_core\release\libblelib.a(lld.o)
                0x001087dc                lld_con_update_req
 .text.lld_con_update_after_param_req
                0x00108844      0x284 C:\Program Files (x86)\ON Semiconductor\RSL10 EDK\eclipse\..\lib\ble_core\release\libblelib.a(lld.o)
                0x00108844                lld_con_update_after_param_req
 .text.lld_con_param_rsp
                0x00108ac8      0x110 C:\Program Files (x86)\ON Semiconductor\RSL10 EDK\eclipse\..\lib\ble_core\release\libblelib.a(lld.o)
                0x00108ac8                lld_con_param_rsp
 .text.lld_con_param_req
                0x00108bd8       0xcc C:\Program Files (x86)\ON Semiconductor\RSL10 EDK\eclipse\..\lib\ble_core\release\libblelib.a(lld.o)
                0x00108bd8                lld_con_param_req
 .text.lld_con_stop
                0x00108ca4        0x8 C:\Program Files (x86)\ON Semiconductor\RSL10 EDK\eclipse\..\lib\ble_core\release\libblelib.a(lld.o)
                0x00108ca4                lld_con_stop
 .text.lld_get_mode
                0x00108cac       0x2c C:\Program Files (x86)\ON Semiconductor\RSL10 EDK\eclipse\..\lib\ble_core\release\libblelib.a(lld.o)
                0x00108cac                lld_get_mode
 .text.lld_move_to_slave
                0x00108cd8      0x20c C:\Program Files (x86)\ON Semiconductor\RSL10 EDK\eclipse\..\lib\ble_core\release\libblelib.a(lld.o)
                0x00108cd8                lld_move_to_slave
 .text.lld_ch_map_ind
                0x00108ee4       0x4c C:\Program Files (x86)\ON Semiconductor\RSL10 EDK\eclipse\..\lib\ble_core\release\libblelib.a(lld.o)
                0x00108ee4                lld_ch_map_ind
 .text.lld_con_update_ind
                0x00108f30        0xc C:\Program Files (x86)\ON Semiconductor\RSL10 EDK\eclipse\..\lib\ble_core\release\libblelib.a(lld.o)
                0x00108f30                lld_con_update_ind
 .text.lld_crypt_isr
                0x00108f3c        0x8 C:\Program Files (x86)\ON Semiconductor\RSL10 EDK\eclipse\..\lib\ble_core\release\libblelib.a(lld.o)
                0x00108f3c                lld_crypt_isr
 .text.lld_test_mode_tx
                0x00108f44      0x138 C:\Program Files (x86)\ON Semiconductor\RSL10 EDK\eclipse\..\lib\ble_core\release\libblelib.a(lld.o)
                0x00108f44                lld_test_mode_tx
 .text.lld_test_mode_rx
                0x0010907c      0x13c C:\Program Files (x86)\ON Semiconductor\RSL10 EDK\eclipse\..\lib\ble_core\release\libblelib.a(lld.o)
                0x0010907c                lld_test_mode_rx
 .text.lld_test_stop
                0x001091b8       0x3c C:\Program Files (x86)\ON Semiconductor\RSL10 EDK\eclipse\..\lib\ble_core\release\libblelib.a(lld.o)
                0x001091b8                lld_test_stop
 .text.lld_ral_renew_req
                0x001091f4       0x14 C:\Program Files (x86)\ON Semiconductor\RSL10 EDK\eclipse\..\lib\ble_core\release\libblelib.a(lld.o)
                0x001091f4                lld_ral_renew_req
 .text.lld_pdu_llcp_con_param_req_unpk
                0x00109208      0x128 C:\Program Files (x86)\ON Semiconductor\RSL10 EDK\eclipse\..\lib\ble_core\release\libblelib.a(lld_pdu.o)
 .text.lld_pdu_llcp_con_param_rsp_unpk
                0x00109330      0x128 C:\Program Files (x86)\ON Semiconductor\RSL10 EDK\eclipse\..\lib\ble_core\release\libblelib.a(lld_pdu.o)
 .text.lld_pdu_llcp_length_req_unpk
                0x00109458       0x64 C:\Program Files (x86)\ON Semiconductor\RSL10 EDK\eclipse\..\lib\ble_core\release\libblelib.a(lld_pdu.o)
 .text.lld_pdu_llcp_length_rsp_unpk
                0x001094bc       0x64 C:\Program Files (x86)\ON Semiconductor\RSL10 EDK\eclipse\..\lib\ble_core\release\libblelib.a(lld_pdu.o)
 .text.lld_pdu_llcp_phy_upd_req_unpk
                0x00109520       0x3c C:\Program Files (x86)\ON Semiconductor\RSL10 EDK\eclipse\..\lib\ble_core\release\libblelib.a(lld_pdu.o)
 .text.lld_pdu_pack
                0x0010955c       0xfc C:\Program Files (x86)\ON Semiconductor\RSL10 EDK\eclipse\..\lib\ble_core\release\libblelib.a(lld_pdu.o)
 .text.lld_pdu_tx_flush_list
                0x00109658       0x48 C:\Program Files (x86)\ON Semiconductor\RSL10 EDK\eclipse\..\lib\ble_core\release\libblelib.a(lld_pdu.o)
 .text.lld_pdu_cntl_aligned_unpk
                0x001096a0       0x18 C:\Program Files (x86)\ON Semiconductor\RSL10 EDK\eclipse\..\lib\ble_core\release\libblelib.a(lld_pdu.o)
 .text.lld_pdu_check
                0x001096b8      0x188 C:\Program Files (x86)\ON Semiconductor\RSL10 EDK\eclipse\..\lib\ble_core\release\libblelib.a(lld_pdu.o)
                0x001096b8                lld_pdu_check
 .text.lld_pdu_tx_loop
                0x00109840       0x30 C:\Program Files (x86)\ON Semiconductor\RSL10 EDK\eclipse\..\lib\ble_core\release\libblelib.a(lld_pdu.o)
                0x00109840                lld_pdu_tx_loop
 .text.lld_pdu_data_tx_push
                0x00109870       0x90 C:\Program Files (x86)\ON Semiconductor\RSL10 EDK\eclipse\..\lib\ble_core\release\libblelib.a(lld_pdu.o)
                0x00109870                lld_pdu_data_tx_push
 .text.lld_pdu_data_send
                0x00109900       0x40 C:\Program Files (x86)\ON Semiconductor\RSL10 EDK\eclipse\..\lib\ble_core\release\libblelib.a(lld_pdu.o)
                0x00109900                lld_pdu_data_send
 .text.lld_pdu_tx_push
                0x00109940       0x40 C:\Program Files (x86)\ON Semiconductor\RSL10 EDK\eclipse\..\lib\ble_core\release\libblelib.a(lld_pdu.o)
                0x00109940                lld_pdu_tx_push
 .text.lld_pdu_tx_prog
                0x00109980      0x400 C:\Program Files (x86)\ON Semiconductor\RSL10 EDK\eclipse\..\lib\ble_core\release\libblelib.a(lld_pdu.o)
                0x00109980                lld_pdu_tx_prog
 .text.lld_pdu_tx_flush
                0x00109d80       0x60 C:\Program Files (x86)\ON Semiconductor\RSL10 EDK\eclipse\..\lib\ble_core\release\libblelib.a(lld_pdu.o)
                0x00109d80                lld_pdu_tx_flush
 .text.lld_pdu_adv_pack
                0x00109de0       0x20 C:\Program Files (x86)\ON Semiconductor\RSL10 EDK\eclipse\..\lib\ble_core\release\libblelib.a(lld_pdu.o)
                0x00109de0                lld_pdu_adv_pack
 .text.lld_pdu_rx_handler
                0x00109e00      0x314 C:\Program Files (x86)\ON Semiconductor\RSL10 EDK\eclipse\..\lib\ble_core\release\libblelib.a(lld_pdu.o)
                0x00109e00                lld_pdu_rx_handler
 .text.lld_util_instant_get
                0x0010a114       0x18 C:\Program Files (x86)\ON Semiconductor\RSL10 EDK\eclipse\..\lib\ble_core\release\libblelib.a(lld_util.o)
                0x0010a114                lld_util_instant_get
 .text.lld_util_set_bd_address
                0x0010a12c       0x48 C:\Program Files (x86)\ON Semiconductor\RSL10 EDK\eclipse\..\lib\ble_core\release\libblelib.a(lld_util.o)
                0x0010a12c                lld_util_set_bd_address
 .text.lld_util_ral_force_rpa_renew
                0x0010a174       0x44 C:\Program Files (x86)\ON Semiconductor\RSL10 EDK\eclipse\..\lib\ble_core\release\libblelib.a(lld_util.o)
                0x0010a174                lld_util_ral_force_rpa_renew
 .text.lld_util_freq2chnl
                0x0010a1b8       0x20 C:\Program Files (x86)\ON Semiconductor\RSL10 EDK\eclipse\..\lib\ble_core\release\libblelib.a(lld_util.o)
                0x0010a1b8                lld_util_freq2chnl
 .text.lld_util_get_local_offset
                0x0010a1d8       0x18 C:\Program Files (x86)\ON Semiconductor\RSL10 EDK\eclipse\..\lib\ble_core\release\libblelib.a(lld_util.o)
                0x0010a1d8                lld_util_get_local_offset
 .text.lld_util_get_peer_offset
                0x0010a1f0       0x1c C:\Program Files (x86)\ON Semiconductor\RSL10 EDK\eclipse\..\lib\ble_core\release\libblelib.a(lld_util.o)
                0x0010a1f0                lld_util_get_peer_offset
 .text.lld_util_connection_param_set
                0x0010a20c       0x4c C:\Program Files (x86)\ON Semiconductor\RSL10 EDK\eclipse\..\lib\ble_core\release\libblelib.a(lld_util.o)
                0x0010a20c                lld_util_connection_param_set
 .text.lld_util_dle_set_cs_fields
                0x0010a258       0x30 C:\Program Files (x86)\ON Semiconductor\RSL10 EDK\eclipse\..\lib\ble_core\release\libblelib.a(lld_util.o)
                0x0010a258                lld_util_dle_set_cs_fields
 .text.lld_util_anchor_point_move
                0x0010a288       0xf8 C:\Program Files (x86)\ON Semiconductor\RSL10 EDK\eclipse\..\lib\ble_core\release\libblelib.a(lld_util.o)
                0x0010a288                lld_util_anchor_point_move
 .text.lld_util_flush_list
                0x0010a380       0x18 C:\Program Files (x86)\ON Semiconductor\RSL10 EDK\eclipse\..\lib\ble_core\release\libblelib.a(lld_util.o)
                0x0010a380                lld_util_flush_list
 .text.lld_util_instant_ongoing
                0x0010a398        0xc C:\Program Files (x86)\ON Semiconductor\RSL10 EDK\eclipse\..\lib\ble_core\release\libblelib.a(lld_util.o)
                0x0010a398                lld_util_instant_ongoing
 .text.lld_util_compute_ce_max
                0x0010a3a4       0xbc C:\Program Files (x86)\ON Semiconductor\RSL10 EDK\eclipse\..\lib\ble_core\release\libblelib.a(lld_util.o)
                0x0010a3a4                lld_util_compute_ce_max
 .text.lld_util_priority_set
                0x0010a460       0x78 C:\Program Files (x86)\ON Semiconductor\RSL10 EDK\eclipse\..\lib\ble_core\release\libblelib.a(lld_util.o)
                0x0010a460                lld_util_priority_set
 .text.lld_util_get_tx_pkt_cnt
                0x0010a4d8        0x8 C:\Program Files (x86)\ON Semiconductor\RSL10 EDK\eclipse\..\lib\ble_core\release\libblelib.a(lld_util.o)
                0x0010a4d8                lld_util_get_tx_pkt_cnt
 .text.lld_util_get_phys
                0x0010a4e0       0x3c C:\Program Files (x86)\ON Semiconductor\RSL10 EDK\eclipse\..\lib\ble_core\release\libblelib.a(lld_util.o)
                0x0010a4e0                lld_util_get_phys
 .text.lld_util_phy_update_ind
                0x0010a51c       0x78 C:\Program Files (x86)\ON Semiconductor\RSL10 EDK\eclipse\..\lib\ble_core\release\libblelib.a(lld_util.o)
                0x0010a51c                lld_util_phy_update_ind
 .text.lld_util_phy_update_req
                0x0010a594       0x40 C:\Program Files (x86)\ON Semiconductor\RSL10 EDK\eclipse\..\lib\ble_core\release\libblelib.a(lld_util.o)
                0x0010a594                lld_util_phy_update_req
 .text.lld_util_eff_tx_time_set
                0x0010a5d4        0xc C:\Program Files (x86)\ON Semiconductor\RSL10 EDK\eclipse\..\lib\ble_core\release\libblelib.a(lld_util.o)
                0x0010a5d4                lld_util_eff_tx_time_set
 .text.lld_wlcoex_set
                0x0010a5e0       0x1c C:\Program Files (x86)\ON Semiconductor\RSL10 EDK\eclipse\..\lib\ble_core\release\libblelib.a(lld_wlcoex.o)
                0x0010a5e0                lld_wlcoex_set
 .text.llc_init
                0x0010a5fc       0x38 C:\Program Files (x86)\ON Semiconductor\RSL10 EDK\eclipse\..\lib\ble_core\release\libblelib.a(llc.o)
                0x0010a5fc                llc_init
 .text.llc_stop
                0x0010a634       0x50 C:\Program Files (x86)\ON Semiconductor\RSL10 EDK\eclipse\..\lib\ble_core\release\libblelib.a(llc.o)
                0x0010a634                llc_stop
 .text.llc_reset
                0x0010a684       0x28 C:\Program Files (x86)\ON Semiconductor\RSL10 EDK\eclipse\..\lib\ble_core\release\libblelib.a(llc.o)
                0x0010a684                llc_reset
 .text.llc_discon_event_complete_send
                0x0010a6ac       0x24 C:\Program Files (x86)\ON Semiconductor\RSL10 EDK\eclipse\..\lib\ble_core\release\libblelib.a(llc.o)
                0x0010a6ac                llc_discon_event_complete_send
 .text.llc_le_con_cmp_evt_send
                0x0010a6d0      0x244 C:\Program Files (x86)\ON Semiconductor\RSL10 EDK\eclipse\..\lib\ble_core\release\libblelib.a(llc.o)
                0x0010a6d0                llc_le_con_cmp_evt_send
 .text.llc_start
                0x0010a914      0x17c C:\Program Files (x86)\ON Semiconductor\RSL10 EDK\eclipse\..\lib\ble_core\release\libblelib.a(llc.o)
                0x0010a914                llc_start
 .text.llc_con_update_complete_send
                0x0010aa90       0x6c C:\Program Files (x86)\ON Semiconductor\RSL10 EDK\eclipse\..\lib\ble_core\release\libblelib.a(llc.o)
                0x0010aa90                llc_con_update_complete_send
 .text.llc_ltk_req_send
                0x0010aafc       0x38 C:\Program Files (x86)\ON Semiconductor\RSL10 EDK\eclipse\..\lib\ble_core\release\libblelib.a(llc.o)
                0x0010aafc                llc_ltk_req_send
 .text.llc_feats_rd_event_send
                0x0010ab34       0x38 C:\Program Files (x86)\ON Semiconductor\RSL10 EDK\eclipse\..\lib\ble_core\release\libblelib.a(llc.o)
                0x0010ab34                llc_feats_rd_event_send
 .text.llc_version_rd_event_send
                0x0010ab6c       0x3c C:\Program Files (x86)\ON Semiconductor\RSL10 EDK\eclipse\..\lib\ble_core\release\libblelib.a(llc.o)
                0x0010ab6c                llc_version_rd_event_send
 .text.llc_common_cmd_complete_send
                0x0010aba8       0x20 C:\Program Files (x86)\ON Semiconductor\RSL10 EDK\eclipse\..\lib\ble_core\release\libblelib.a(llc.o)
                0x0010aba8                llc_common_cmd_complete_send
 .text.llc_common_cmd_status_send
                0x0010abc8       0x20 C:\Program Files (x86)\ON Semiconductor\RSL10 EDK\eclipse\..\lib\ble_core\release\libblelib.a(llc.o)
                0x0010abc8                llc_common_cmd_status_send
 .text.llc_common_flush_occurred_send
                0x0010abe8       0x1c C:\Program Files (x86)\ON Semiconductor\RSL10 EDK\eclipse\..\lib\ble_core\release\libblelib.a(llc.o)
                0x0010abe8                llc_common_flush_occurred_send
 .text.llc_common_enc_key_ref_comp_evt_send
                0x0010ac04       0x20 C:\Program Files (x86)\ON Semiconductor\RSL10 EDK\eclipse\..\lib\ble_core\release\libblelib.a(llc.o)
                0x0010ac04                llc_common_enc_key_ref_comp_evt_send
 .text.llc_common_enc_change_evt_send
                0x0010ac24       0x78 C:\Program Files (x86)\ON Semiconductor\RSL10 EDK\eclipse\..\lib\ble_core\release\libblelib.a(llc.o)
                0x0010ac24                llc_common_enc_change_evt_send
 .text.llc_common_nb_of_pkt_comp_evt_send
                0x0010ac9c       0x24 C:\Program Files (x86)\ON Semiconductor\RSL10 EDK\eclipse\..\lib\ble_core\release\libblelib.a(llc.o)
                0x0010ac9c                llc_common_nb_of_pkt_comp_evt_send
 .text.llc_con_update_ind
                0x0010acc0       0x54 C:\Program Files (x86)\ON Semiconductor\RSL10 EDK\eclipse\..\lib\ble_core\release\libblelib.a(llc.o)
                0x0010acc0                llc_con_update_ind
 .text.llc_lsto_con_update
                0x0010ad14       0x44 C:\Program Files (x86)\ON Semiconductor\RSL10 EDK\eclipse\..\lib\ble_core\release\libblelib.a(llc.o)
                0x0010ad14                llc_lsto_con_update
 .text.llc_map_update_ind
                0x0010ad58       0x64 C:\Program Files (x86)\ON Semiconductor\RSL10 EDK\eclipse\..\lib\ble_core\release\libblelib.a(llc.o)
                0x0010ad58                llc_map_update_ind
 .text.llc_con_update_finished
                0x0010adbc       0x84 C:\Program Files (x86)\ON Semiconductor\RSL10 EDK\eclipse\..\lib\ble_core\release\libblelib.a(llc.o)
                0x0010adbc                llc_con_update_finished
 .text.llc_map_update_finished
                0x0010ae40       0x7c C:\Program Files (x86)\ON Semiconductor\RSL10 EDK\eclipse\..\lib\ble_core\release\libblelib.a(llc.o)
                0x0010ae40                llc_map_update_finished
 .text.llc_phy_update_complete_send
                0x0010aebc       0x2c C:\Program Files (x86)\ON Semiconductor\RSL10 EDK\eclipse\..\lib\ble_core\release\libblelib.a(llc.o)
                0x0010aebc                llc_phy_update_complete_send
 .text.llc_phy_update_finished
                0x0010aee8       0xb8 C:\Program Files (x86)\ON Semiconductor\RSL10 EDK\eclipse\..\lib\ble_core\release\libblelib.a(llc.o)
                0x0010aee8                llc_phy_update_finished
 .text.llc_llcp_send
                0x0010afa0       0x78 C:\Program Files (x86)\ON Semiconductor\RSL10 EDK\eclipse\..\lib\ble_core\release\libblelib.a(llc_llcp.o)
 .text.llcp_ping_rsp_handler
                0x0010b018       0x5c C:\Program Files (x86)\ON Semiconductor\RSL10 EDK\eclipse\..\lib\ble_core\release\libblelib.a(llc_llcp.o)
 .text.llcp_enc_rsp_handler
                0x0010b074       0xf4 C:\Program Files (x86)\ON Semiconductor\RSL10 EDK\eclipse\..\lib\ble_core\release\libblelib.a(llc_llcp.o)
 .text.llcp_terminate_ind_handler
                0x0010b168       0x50 C:\Program Files (x86)\ON Semiconductor\RSL10 EDK\eclipse\..\lib\ble_core\release\libblelib.a(llc_llcp.o)
 .text.llc_llcp_reject_ind
                0x0010b1b8      0x258 C:\Program Files (x86)\ON Semiconductor\RSL10 EDK\eclipse\..\lib\ble_core\release\libblelib.a(llc_llcp.o)
 .text.llcp_reject_ind_ext_handler
                0x0010b410       0x10 C:\Program Files (x86)\ON Semiconductor\RSL10 EDK\eclipse\..\lib\ble_core\release\libblelib.a(llc_llcp.o)
 .text.llcp_reject_ind_handler
                0x0010b420       0x10 C:\Program Files (x86)\ON Semiconductor\RSL10 EDK\eclipse\..\lib\ble_core\release\libblelib.a(llc_llcp.o)
 .text.llcp_pause_enc_req_handler
                0x0010b430       0xbc C:\Program Files (x86)\ON Semiconductor\RSL10 EDK\eclipse\..\lib\ble_core\release\libblelib.a(llc_llcp.o)
 .text.llcp_start_enc_req_handler
                0x0010b4ec       0x6c C:\Program Files (x86)\ON Semiconductor\RSL10 EDK\eclipse\..\lib\ble_core\release\libblelib.a(llc_llcp.o)
 .text.llcp_enc_req_handler
                0x0010b558       0xcc C:\Program Files (x86)\ON Semiconductor\RSL10 EDK\eclipse\..\lib\ble_core\release\libblelib.a(llc_llcp.o)
 .text.llcp_unknown_rsp_handler
                0x0010b624      0x248 C:\Program Files (x86)\ON Semiconductor\RSL10 EDK\eclipse\..\lib\ble_core\release\libblelib.a(llc_llcp.o)
 .text.llcp_ping_req_handler
                0x0010b86c       0x3c C:\Program Files (x86)\ON Semiconductor\RSL10 EDK\eclipse\..\lib\ble_core\release\libblelib.a(llc_llcp.o)
 .text.llc_llcp_version_ind_pdu_send
                0x0010b8a8       0x2c C:\Program Files (x86)\ON Semiconductor\RSL10 EDK\eclipse\..\lib\ble_core\release\libblelib.a(llc_llcp.o)
                0x0010b8a8                llc_llcp_version_ind_pdu_send
 .text.llcp_vers_ind_handler
                0x0010b8d4       0xa0 C:\Program Files (x86)\ON Semiconductor\RSL10 EDK\eclipse\..\lib\ble_core\release\libblelib.a(llc_llcp.o)
 .text.llc_llcp_ch_map_update_pdu_send
                0x0010b974       0x44 C:\Program Files (x86)\ON Semiconductor\RSL10 EDK\eclipse\..\lib\ble_core\release\libblelib.a(llc_llcp.o)
                0x0010b974                llc_llcp_ch_map_update_pdu_send
 .text.llc_llcp_pause_enc_req_pdu_send
                0x0010b9b8       0x34 C:\Program Files (x86)\ON Semiconductor\RSL10 EDK\eclipse\..\lib\ble_core\release\libblelib.a(llc_llcp.o)
                0x0010b9b8                llc_llcp_pause_enc_req_pdu_send
 .text.llc_llcp_pause_enc_rsp_pdu_send
                0x0010b9ec       0x44 C:\Program Files (x86)\ON Semiconductor\RSL10 EDK\eclipse\..\lib\ble_core\release\libblelib.a(llc_llcp.o)
                0x0010b9ec                llc_llcp_pause_enc_rsp_pdu_send
 .text.llcp_pause_enc_rsp_handler
                0x0010ba30       0xd4 C:\Program Files (x86)\ON Semiconductor\RSL10 EDK\eclipse\..\lib\ble_core\release\libblelib.a(llc_llcp.o)
 .text.llc_llcp_enc_req_pdu_send
                0x0010bb04      0x100 C:\Program Files (x86)\ON Semiconductor\RSL10 EDK\eclipse\..\lib\ble_core\release\libblelib.a(llc_llcp.o)
                0x0010bb04                llc_llcp_enc_req_pdu_send
 .text.llc_llcp_enc_rsp_pdu_send
                0x0010bc04       0x84 C:\Program Files (x86)\ON Semiconductor\RSL10 EDK\eclipse\..\lib\ble_core\release\libblelib.a(llc_llcp.o)
                0x0010bc04                llc_llcp_enc_rsp_pdu_send
 .text.llc_llcp_start_enc_rsp_pdu_send
                0x0010bc88       0x58 C:\Program Files (x86)\ON Semiconductor\RSL10 EDK\eclipse\..\lib\ble_core\release\libblelib.a(llc_llcp.o)
                0x0010bc88                llc_llcp_start_enc_rsp_pdu_send
 .text.llcp_start_enc_rsp_handler
                0x0010bce0      0x140 C:\Program Files (x86)\ON Semiconductor\RSL10 EDK\eclipse\..\lib\ble_core\release\libblelib.a(llc_llcp.o)
 .text.llc_llcp_reject_ind_pdu_send
                0x0010be20       0x6c C:\Program Files (x86)\ON Semiconductor\RSL10 EDK\eclipse\..\lib\ble_core\release\libblelib.a(llc_llcp.o)
                0x0010be20                llc_llcp_reject_ind_pdu_send
 .text.llcp_phy_upd_ind_handler
                0x0010be8c      0x28c C:\Program Files (x86)\ON Semiconductor\RSL10 EDK\eclipse\..\lib\ble_core\release\libblelib.a(llc_llcp.o)
 .text.llcp_phy_rsp_handler
                0x0010c118       0x70 C:\Program Files (x86)\ON Semiconductor\RSL10 EDK\eclipse\..\lib\ble_core\release\libblelib.a(llc_llcp.o)
 .text.llcp_length_rsp_handler
                0x0010c188      0x154 C:\Program Files (x86)\ON Semiconductor\RSL10 EDK\eclipse\..\lib\ble_core\release\libblelib.a(llc_llcp.o)
 .text.llcp_con_param_rsp_handler
                0x0010c2dc      0x100 C:\Program Files (x86)\ON Semiconductor\RSL10 EDK\eclipse\..\lib\ble_core\release\libblelib.a(llc_llcp.o)
 .text.llcp_feats_rsp_handler
                0x0010c3dc       0xa8 C:\Program Files (x86)\ON Semiconductor\RSL10 EDK\eclipse\..\lib\ble_core\release\libblelib.a(llc_llcp.o)
 .text.llcp_channel_map_ind_handler
                0x0010c484      0x178 C:\Program Files (x86)\ON Semiconductor\RSL10 EDK\eclipse\..\lib\ble_core\release\libblelib.a(llc_llcp.o)
 .text.llcp_con_upd_ind_handler
                0x0010c5fc      0x1c4 C:\Program Files (x86)\ON Semiconductor\RSL10 EDK\eclipse\..\lib\ble_core\release\libblelib.a(llc_llcp.o)
 .text.llcp_phy_req_handler
                0x0010c7c0      0x1a4 C:\Program Files (x86)\ON Semiconductor\RSL10 EDK\eclipse\..\lib\ble_core\release\libblelib.a(llc_llcp.o)
 .text.llc_llcp_con_update_pdu_send
                0x0010c964       0x40 C:\Program Files (x86)\ON Semiconductor\RSL10 EDK\eclipse\..\lib\ble_core\release\libblelib.a(llc_llcp.o)
                0x0010c964                llc_llcp_con_update_pdu_send
 .text.llc_llcp_con_param_req_pdu_send
                0x0010c9a4       0x70 C:\Program Files (x86)\ON Semiconductor\RSL10 EDK\eclipse\..\lib\ble_core\release\libblelib.a(llc_llcp.o)
                0x0010c9a4                llc_llcp_con_param_req_pdu_send
 .text.llc_llcp_con_param_rsp_pdu_send
                0x0010ca14       0x70 C:\Program Files (x86)\ON Semiconductor\RSL10 EDK\eclipse\..\lib\ble_core\release\libblelib.a(llc_llcp.o)
                0x0010ca14                llc_llcp_con_param_rsp_pdu_send
 .text.llcp_con_param_req_handler
                0x0010ca84      0x254 C:\Program Files (x86)\ON Semiconductor\RSL10 EDK\eclipse\..\lib\ble_core\release\libblelib.a(llc_llcp.o)
 .text.llc_llcp_feats_req_pdu_send
                0x0010ccd8       0x30 C:\Program Files (x86)\ON Semiconductor\RSL10 EDK\eclipse\..\lib\ble_core\release\libblelib.a(llc_llcp.o)
                0x0010ccd8                llc_llcp_feats_req_pdu_send
 .text.llc_llcp_feats_rsp_pdu_send
                0x0010cd08       0x28 C:\Program Files (x86)\ON Semiconductor\RSL10 EDK\eclipse\..\lib\ble_core\release\libblelib.a(llc_llcp.o)
                0x0010cd08                llc_llcp_feats_rsp_pdu_send
 .text.llcp_feats_req_handler
                0x0010cd30       0x50 C:\Program Files (x86)\ON Semiconductor\RSL10 EDK\eclipse\..\lib\ble_core\release\libblelib.a(llc_llcp.o)
 .text.llcp_slave_feature_req_handler
                0x0010cd80        0x4 C:\Program Files (x86)\ON Semiconductor\RSL10 EDK\eclipse\..\lib\ble_core\release\libblelib.a(llc_llcp.o)
 .text.llc_llcp_start_enc_req_pdu_send
                0x0010cd84       0x88 C:\Program Files (x86)\ON Semiconductor\RSL10 EDK\eclipse\..\lib\ble_core\release\libblelib.a(llc_llcp.o)
                0x0010cd84                llc_llcp_start_enc_req_pdu_send
 .text.llc_llcp_terminate_ind_pdu_send
                0x0010ce0c       0x64 C:\Program Files (x86)\ON Semiconductor\RSL10 EDK\eclipse\..\lib\ble_core\release\libblelib.a(llc_llcp.o)
                0x0010ce0c                llc_llcp_terminate_ind_pdu_send
 .text.llc_llcp_ping_req_pdu_send
                0x0010ce70       0x18 C:\Program Files (x86)\ON Semiconductor\RSL10 EDK\eclipse\..\lib\ble_core\release\libblelib.a(llc_llcp.o)
                0x0010ce70                llc_llcp_ping_req_pdu_send
 .text.llc_llcp_length_req_pdu_send
                0x0010ce88       0x44 C:\Program Files (x86)\ON Semiconductor\RSL10 EDK\eclipse\..\lib\ble_core\release\libblelib.a(llc_llcp.o)
                0x0010ce88                llc_llcp_length_req_pdu_send
 .text.llc_llcp_length_rsp_pdu_send
                0x0010cecc       0x44 C:\Program Files (x86)\ON Semiconductor\RSL10 EDK\eclipse\..\lib\ble_core\release\libblelib.a(llc_llcp.o)
                0x0010cecc                llc_llcp_length_rsp_pdu_send
 .text.llcp_length_req_handler
                0x0010cf10      0x110 C:\Program Files (x86)\ON Semiconductor\RSL10 EDK\eclipse\..\lib\ble_core\release\libblelib.a(llc_llcp.o)
 .text.llc_llcp_phy_req_pdu_send
                0x0010d020       0x24 C:\Program Files (x86)\ON Semiconductor\RSL10 EDK\eclipse\..\lib\ble_core\release\libblelib.a(llc_llcp.o)
                0x0010d020                llc_llcp_phy_req_pdu_send
 .text.llc_llcp_phy_upd_ind_pdu_send
                0x0010d044       0x2c C:\Program Files (x86)\ON Semiconductor\RSL10 EDK\eclipse\..\lib\ble_core\release\libblelib.a(llc_llcp.o)
                0x0010d044                llc_llcp_phy_upd_ind_pdu_send
 .text.llc_llcp_recv_handler
                0x0010d070       0xbc C:\Program Files (x86)\ON Semiconductor\RSL10 EDK\eclipse\..\lib\ble_core\release\libblelib.a(llc_llcp.o)
                0x0010d070                llc_llcp_recv_handler
 .text.llc_llcp_get_autorize
                0x0010d12c       0x14 C:\Program Files (x86)\ON Semiconductor\RSL10 EDK\eclipse\..\lib\ble_core\release\libblelib.a(llc_llcp.o)
                0x0010d12c                llc_llcp_get_autorize
 .text.llc_dft_handler
                0x0010d140        0x4 C:\Program Files (x86)\ON Semiconductor\RSL10 EDK\eclipse\..\lib\ble_core\release\libblelib.a(llc_task.o)
 .text.llm_enc_ind_handler
                0x0010d144       0xe4 C:\Program Files (x86)\ON Semiconductor\RSL10 EDK\eclipse\..\lib\ble_core\release\libblelib.a(llc_task.o)
 .text.llc_llcp_recv_ind_handler
                0x0010d228       0x18 C:\Program Files (x86)\ON Semiconductor\RSL10 EDK\eclipse\..\lib\ble_core\release\libblelib.a(llc_task.o)
 .text.llc_phy_upd_req_ind_handler
                0x0010d240      0x348 C:\Program Files (x86)\ON Semiconductor\RSL10 EDK\eclipse\..\lib\ble_core\release\libblelib.a(llc_task.o)
 .text.llc_chmap_update_req_ind_handler
                0x0010d588       0x5c C:\Program Files (x86)\ON Semiconductor\RSL10 EDK\eclipse\..\lib\ble_core\release\libblelib.a(llc_task.o)
 .text.llc_auth_payl_real_to_ind_handler
                0x0010d5e4       0x5c C:\Program Files (x86)\ON Semiconductor\RSL10 EDK\eclipse\..\lib\ble_core\release\libblelib.a(llc_task.o)
 .text.llc_con_upd_req_ind_handler
                0x0010d640      0x1f4 C:\Program Files (x86)\ON Semiconductor\RSL10 EDK\eclipse\..\lib\ble_core\release\libblelib.a(llc_task.o)
 .text.llc_length_req_ind_handler
                0x0010d834       0x88 C:\Program Files (x86)\ON Semiconductor\RSL10 EDK\eclipse\..\lib\ble_core\release\libblelib.a(llc_task.o)
 .text.llc_task_random_gen_request
                0x0010d8bc       0x40 C:\Program Files (x86)\ON Semiconductor\RSL10 EDK\eclipse\..\lib\ble_core\release\libblelib.a(llc_task.o)
 .text.llc_enc_mgt_ind_handler
                0x0010d8fc      0x29c C:\Program Files (x86)\ON Semiconductor\RSL10 EDK\eclipse\..\lib\ble_core\release\libblelib.a(llc_task.o)
 .text.llc_chnl_assess_timer_handler
                0x0010db98       0x8c C:\Program Files (x86)\ON Semiconductor\RSL10 EDK\eclipse\..\lib\ble_core\release\libblelib.a(llc_task.o)
 .text.llc_llcp_rsp_to_ind_handler
                0x0010dc24       0x10 C:\Program Files (x86)\ON Semiconductor\RSL10 EDK\eclipse\..\lib\ble_core\release\libblelib.a(llc_task.o)
 .text.llc_link_sup_to_ind_handler
                0x0010dc34       0x20 C:\Program Files (x86)\ON Semiconductor\RSL10 EDK\eclipse\..\lib\ble_core\release\libblelib.a(llc_task.o)
 .text.llc_auth_payl_nearly_to_ind_handler
                0x0010dc54       0x7c C:\Program Files (x86)\ON Semiconductor\RSL10 EDK\eclipse\..\lib\ble_core\release\libblelib.a(llc_task.o)
 .text.llc_data_ind_handler
                0x0010dcd0       0x58 C:\Program Files (x86)\ON Semiconductor\RSL10 EDK\eclipse\..\lib\ble_core\release\libblelib.a(llc_task.o)
 .text.lld_stop_ind_handler
                0x0010dd28      0x16c C:\Program Files (x86)\ON Semiconductor\RSL10 EDK\eclipse\..\lib\ble_core\release\libblelib.a(llc_task.o)
 .text.llc_check_trafic_paused
                0x0010de94       0x4c C:\Program Files (x86)\ON Semiconductor\RSL10 EDK\eclipse\..\lib\ble_core\release\libblelib.a(llc_util.o)
 .text.llc_util_get_free_conhdl
                0x0010dee0       0x2c C:\Program Files (x86)\ON Semiconductor\RSL10 EDK\eclipse\..\lib\ble_core\release\libblelib.a(llc_util.o)
                0x0010dee0                llc_util_get_free_conhdl
 .text.llc_util_get_nb_active_link
                0x0010df0c       0x2c C:\Program Files (x86)\ON Semiconductor\RSL10 EDK\eclipse\..\lib\ble_core\release\libblelib.a(llc_util.o)
                0x0010df0c                llc_util_get_nb_active_link
 .text.llc_util_dicon_procedure
                0x0010df38       0x3c C:\Program Files (x86)\ON Semiconductor\RSL10 EDK\eclipse\..\lib\ble_core\release\libblelib.a(llc_util.o)
                0x0010df38                llc_util_dicon_procedure
 .text.llc_util_update_channel_map
                0x0010df74       0x18 C:\Program Files (x86)\ON Semiconductor\RSL10 EDK\eclipse\..\lib\ble_core\release\libblelib.a(llc_util.o)
                0x0010df74                llc_util_update_channel_map
 .text.llc_util_set_auth_payl_to_margin
                0x0010df8c       0x40 C:\Program Files (x86)\ON Semiconductor\RSL10 EDK\eclipse\..\lib\ble_core\release\libblelib.a(llc_util.o)
                0x0010df8c                llc_util_set_auth_payl_to_margin
 .text.llc_util_clear_operation_ptr
                0x0010dfcc       0x20 C:\Program Files (x86)\ON Semiconductor\RSL10 EDK\eclipse\..\lib\ble_core\release\libblelib.a(llc_util.o)
                0x0010dfcc                llc_util_clear_operation_ptr
 .text.llc_util_bw_mgt
                0x0010dfec       0x68 C:\Program Files (x86)\ON Semiconductor\RSL10 EDK\eclipse\..\lib\ble_core\release\libblelib.a(llc_util.o)
                0x0010dfec                llc_util_bw_mgt
 .text.llc_end_evt_defer
                0x0010e054       0x54 C:\Program Files (x86)\ON Semiconductor\RSL10 EDK\eclipse\..\lib\ble_core\release\libblelib.a(llc_util.o)
                0x0010e054                llc_end_evt_defer
 .text.llc_pdu_llcp_tx_ack_defer
                0x0010e0a8       0xd4 C:\Program Files (x86)\ON Semiconductor\RSL10 EDK\eclipse\..\lib\ble_core\release\libblelib.a(llc_util.o)
                0x0010e0a8                llc_pdu_llcp_tx_ack_defer
 .text.llc_pdu_acl_tx_ack_defer
                0x0010e17c       0x2c C:\Program Files (x86)\ON Semiconductor\RSL10 EDK\eclipse\..\lib\ble_core\release\libblelib.a(llc_util.o)
                0x0010e17c                llc_pdu_acl_tx_ack_defer
 .text.llc_pdu_defer
                0x0010e1a8       0xe4 C:\Program Files (x86)\ON Semiconductor\RSL10 EDK\eclipse\..\lib\ble_core\release\libblelib.a(llc_util.o)
                0x0010e1a8                llc_pdu_defer
 .text.em_buf_init
                0x0010e28c       0xf0 C:\Program Files (x86)\ON Semiconductor\RSL10 EDK\eclipse\..\lib\ble_core\release\libblelib.a(em_buf.o)
                0x0010e28c                em_buf_init
 .text.em_buf_rx_free
                0x0010e37c       0x18 C:\Program Files (x86)\ON Semiconductor\RSL10 EDK\eclipse\..\lib\ble_core\release\libblelib.a(em_buf.o)
                0x0010e37c                em_buf_rx_free
 .text.em_buf_rx_buff_addr_get
                0x0010e394       0x1c C:\Program Files (x86)\ON Semiconductor\RSL10 EDK\eclipse\..\lib\ble_core\release\libblelib.a(em_buf.o)
                0x0010e394                em_buf_rx_buff_addr_get
 .text.em_buf_tx_free
                0x0010e3b0       0x6c C:\Program Files (x86)\ON Semiconductor\RSL10 EDK\eclipse\..\lib\ble_core\release\libblelib.a(em_buf.o)
                0x0010e3b0                em_buf_tx_free
 .text.rwble_hl_init
                0x0010e41c       0x20 C:\Program Files (x86)\ON Semiconductor\RSL10 EDK\eclipse\..\lib\ble_core\release\libblelib.a(rwble_hl.o)
                0x0010e41c                rwble_hl_init
 .text.rwble_hl_reset
                0x0010e43c       0x20 C:\Program Files (x86)\ON Semiconductor\RSL10 EDK\eclipse\..\lib\ble_core\release\libblelib.a(rwble_hl.o)
                0x0010e43c                rwble_hl_reset
 .text.l2cm_l2cap_tx_handler
                0x0010e45c       0x4c C:\Program Files (x86)\ON Semiconductor\RSL10 EDK\eclipse\..\lib\ble_core\release\libblelib.a(l2cm.o)
 .text.l2cm_init
                0x0010e4a8       0x30 C:\Program Files (x86)\ON Semiconductor\RSL10 EDK\eclipse\..\lib\ble_core\release\libblelib.a(l2cm.o)
                0x0010e4a8                l2cm_init
 .text.l2cm_set_link_layer_buff_size
                0x0010e4d8       0x10 C:\Program Files (x86)\ON Semiconductor\RSL10 EDK\eclipse\..\lib\ble_core\release\libblelib.a(l2cm.o)
                0x0010e4d8                l2cm_set_link_layer_buff_size
 .text.l2cm_get_nb_buffer_available
                0x0010e4e8        0xc C:\Program Files (x86)\ON Semiconductor\RSL10 EDK\eclipse\..\lib\ble_core\release\libblelib.a(l2cm.o)
                0x0010e4e8                l2cm_get_nb_buffer_available
 .text.l2cm_tx_status
                0x0010e4f4       0x3c C:\Program Files (x86)\ON Semiconductor\RSL10 EDK\eclipse\..\lib\ble_core\release\libblelib.a(l2cm.o)
                0x0010e4f4                l2cm_tx_status
 .text.l2cm_create
                0x0010e530       0x14 C:\Program Files (x86)\ON Semiconductor\RSL10 EDK\eclipse\..\lib\ble_core\release\libblelib.a(l2cm.o)
                0x0010e530                l2cm_create
 .text.l2cm_cleanup
                0x0010e544       0x18 C:\Program Files (x86)\ON Semiconductor\RSL10 EDK\eclipse\..\lib\ble_core\release\libblelib.a(l2cm.o)
                0x0010e544                l2cm_cleanup
 .text.l2cc_create
                0x0010e55c       0x3c C:\Program Files (x86)\ON Semiconductor\RSL10 EDK\eclipse\..\lib\ble_core\release\libblelib.a(l2cc.o)
                0x0010e55c                l2cc_create
 .text.l2cc_update_state
                0x0010e598       0x34 C:\Program Files (x86)\ON Semiconductor\RSL10 EDK\eclipse\..\lib\ble_core\release\libblelib.a(l2cc.o)
                0x0010e598                l2cc_update_state
 .text.l2cc_send_complete_evt
                0x0010e5cc       0x60 C:\Program Files (x86)\ON Semiconductor\RSL10 EDK\eclipse\..\lib\ble_core\release\libblelib.a(l2cc.o)
                0x0010e5cc                l2cc_send_complete_evt
 .text.l2cc_send_error_evt
                0x0010e62c       0x30 C:\Program Files (x86)\ON Semiconductor\RSL10 EDK\eclipse\..\lib\ble_core\release\libblelib.a(l2cc.o)
                0x0010e62c                l2cc_send_error_evt
 .text.l2cc_cleanup
                0x0010e65c       0xc4 C:\Program Files (x86)\ON Semiconductor\RSL10 EDK\eclipse\..\lib\ble_core\release\libblelib.a(l2cc.o)
                0x0010e65c                l2cc_cleanup
 .text.l2cc_init
                0x0010e720       0x34 C:\Program Files (x86)\ON Semiconductor\RSL10 EDK\eclipse\..\lib\ble_core\release\libblelib.a(l2cc.o)
                0x0010e720                l2cc_init
 .text.l2cc_get_operation
                0x0010e754       0x14 C:\Program Files (x86)\ON Semiconductor\RSL10 EDK\eclipse\..\lib\ble_core\release\libblelib.a(l2cc.o)
                0x0010e754                l2cc_get_operation
 .text.l2cc_get_operation_ptr
                0x0010e768       0x10 C:\Program Files (x86)\ON Semiconductor\RSL10 EDK\eclipse\..\lib\ble_core\release\libblelib.a(l2cc.o)
                0x0010e768                l2cc_get_operation_ptr
 .text.l2cc_set_operation_ptr
                0x0010e778       0x10 C:\Program Files (x86)\ON Semiconductor\RSL10 EDK\eclipse\..\lib\ble_core\release\libblelib.a(l2cc.o)
                0x0010e778                l2cc_set_operation_ptr
 .text.l2cc_data_send
                0x0010e788      0x280 C:\Program Files (x86)\ON Semiconductor\RSL10 EDK\eclipse\..\lib\ble_core\release\libblelib.a(l2cc.o)
                0x0010e788                l2cc_data_send
 .text.l2cc_lecb_h2l_err
                0x0010ea08       0x60 C:\Program Files (x86)\ON Semiconductor\RSL10 EDK\eclipse\..\lib\ble_core\release\libblelib.a(l2cc_lecb.o)
                0x0010ea08                l2cc_lecb_h2l_err
 .text.l2cc_lecb_find
                0x0010ea68       0x38 C:\Program Files (x86)\ON Semiconductor\RSL10 EDK\eclipse\..\lib\ble_core\release\libblelib.a(l2cc_lecb.o)
                0x0010ea68                l2cc_lecb_find
 .text.l2cc_lecb_free
                0x0010eaa0       0xcc C:\Program Files (x86)\ON Semiconductor\RSL10 EDK\eclipse\..\lib\ble_core\release\libblelib.a(l2cc_lecb.o)
                0x0010eaa0                l2cc_lecb_free
 .text.l2cc_lecb_init_disconnect
                0x0010eb6c       0x38 C:\Program Files (x86)\ON Semiconductor\RSL10 EDK\eclipse\..\lib\ble_core\release\libblelib.a(l2cc_lecb.o)
                0x0010eb6c                l2cc_lecb_init_disconnect
 .text.l2cc_lecb_send_con_req
                0x0010eba4       0x58 C:\Program Files (x86)\ON Semiconductor\RSL10 EDK\eclipse\..\lib\ble_core\release\libblelib.a(l2cc_lecb.o)
                0x0010eba4                l2cc_lecb_send_con_req
 .text.l2cc_lecb_send_con_rsp
                0x0010ebfc       0x44 C:\Program Files (x86)\ON Semiconductor\RSL10 EDK\eclipse\..\lib\ble_core\release\libblelib.a(l2cc_lecb.o)
                0x0010ebfc                l2cc_lecb_send_con_rsp
 .text.l2cc_lecb_send_disc_req
                0x0010ec40       0x40 C:\Program Files (x86)\ON Semiconductor\RSL10 EDK\eclipse\..\lib\ble_core\release\libblelib.a(l2cc_lecb.o)
                0x0010ec40                l2cc_lecb_send_disc_req
 .text.l2cc_lecb_send_disc_rsp
                0x0010ec80       0x30 C:\Program Files (x86)\ON Semiconductor\RSL10 EDK\eclipse\..\lib\ble_core\release\libblelib.a(l2cc_lecb.o)
                0x0010ec80                l2cc_lecb_send_disc_rsp
 .text.l2cc_lecb_send_credit_add
                0x0010ecb0       0x30 C:\Program Files (x86)\ON Semiconductor\RSL10 EDK\eclipse\..\lib\ble_core\release\libblelib.a(l2cc_lecb.o)
                0x0010ecb0                l2cc_lecb_send_credit_add
 .text.l2cc_lecb_pdu_pack
                0x0010ece0       0x70 C:\Program Files (x86)\ON Semiconductor\RSL10 EDK\eclipse\..\lib\ble_core\release\libblelib.a(l2cc_pdu.o)
                0x0010ece0                l2cc_lecb_pdu_pack
 .text.l2cc_lecb_pdu_unpack
                0x0010ed50       0x5c C:\Program Files (x86)\ON Semiconductor\RSL10 EDK\eclipse\..\lib\ble_core\release\libblelib.a(l2cc_pdu.o)
                0x0010ed50                l2cc_lecb_pdu_unpack
 .text.l2cc_pdu_pack
                0x0010edac      0x31c C:\Program Files (x86)\ON Semiconductor\RSL10 EDK\eclipse\..\lib\ble_core\release\libblelib.a(l2cc_pdu.o)
                0x0010edac                l2cc_pdu_pack
 .text.l2cc_pdu_unpack
                0x0010f0c8      0x2f0 C:\Program Files (x86)\ON Semiconductor\RSL10 EDK\eclipse\..\lib\ble_core\release\libblelib.a(l2cc_pdu.o)
                0x0010f0c8                l2cc_pdu_unpack
 .text.l2cc_pdu_header_check
                0x0010f3b8      0x240 C:\Program Files (x86)\ON Semiconductor\RSL10 EDK\eclipse\..\lib\ble_core\release\libblelib.a(l2cc_pdu.o)
                0x0010f3b8                l2cc_pdu_header_check
 .text.l2cc_default_msg_handler
                0x0010f5f8        0x4 C:\Program Files (x86)\ON Semiconductor\RSL10 EDK\eclipse\..\lib\ble_core\release\libblelib.a(l2cc_task.o)
 .text.l2cc_dbg_pdu_send_cmd_handler
                0x0010f5fc       0x40 C:\Program Files (x86)\ON Semiconductor\RSL10 EDK\eclipse\..\lib\ble_core\release\libblelib.a(l2cc_task.o)
 .text.l2cc_pdu_recv_ind_handler
                0x0010f63c       0x7c C:\Program Files (x86)\ON Semiconductor\RSL10 EDK\eclipse\..\lib\ble_core\release\libblelib.a(l2cc_task.o)
 .text.hci_acl_data_rx_handler
                0x0010f6b8      0x100 C:\Program Files (x86)\ON Semiconductor\RSL10 EDK\eclipse\..\lib\ble_core\release\libblelib.a(l2cc_task.o)
 .text.l2cc_signaling_trans_to_ind_handler
                0x0010f7b8       0x44 C:\Program Files (x86)\ON Semiconductor\RSL10 EDK\eclipse\..\lib\ble_core\release\libblelib.a(l2cc_task.o)
 .text.l2cc_lecb_sdu_send_cmd_handler
                0x0010f7fc       0x84 C:\Program Files (x86)\ON Semiconductor\RSL10 EDK\eclipse\..\lib\ble_core\release\libblelib.a(l2cc_task.o)
 .text.l2cc_pdu_send_cmd_handler
                0x0010f880       0x5c C:\Program Files (x86)\ON Semiconductor\RSL10 EDK\eclipse\..\lib\ble_core\release\libblelib.a(l2cc_task.o)
 .text.hci_nb_cmp_pkts_evt_handler
                0x0010f8dc       0x3c C:\Program Files (x86)\ON Semiconductor\RSL10 EDK\eclipse\..\lib\ble_core\release\libblelib.a(l2cc_task.o)
 .text.l2cc_lecb_connect_cfm_handler
                0x0010f918      0x188 C:\Program Files (x86)\ON Semiconductor\RSL10 EDK\eclipse\..\lib\ble_core\release\libblelib.a(l2cc_task.o)
 .text.l2cc_process_op
                0x0010faa0       0x9c C:\Program Files (x86)\ON Semiconductor\RSL10 EDK\eclipse\..\lib\ble_core\release\libblelib.a(l2cc_task.o)
                0x0010faa0                l2cc_process_op
 .text.l2cc_lecb_disconnect_cmd_handler
                0x0010fb3c       0x88 C:\Program Files (x86)\ON Semiconductor\RSL10 EDK\eclipse\..\lib\ble_core\release\libblelib.a(l2cc_task.o)
 .text.l2cc_lecb_add_cmd_handler
                0x0010fbc4       0x8c C:\Program Files (x86)\ON Semiconductor\RSL10 EDK\eclipse\..\lib\ble_core\release\libblelib.a(l2cc_task.o)
 .text.l2cc_lecb_connect_cmd_handler
                0x0010fc50      0x148 C:\Program Files (x86)\ON Semiconductor\RSL10 EDK\eclipse\..\lib\ble_core\release\libblelib.a(l2cc_task.o)
 .text.l2cc_pdu_alloc
                0x0010fd98       0x30 C:\Program Files (x86)\ON Semiconductor\RSL10 EDK\eclipse\..\lib\ble_core\release\libblelib.a(l2cc_task.o)
                0x0010fd98                l2cc_pdu_alloc
 .text.l2cc_pdu_send
                0x0010fdc8        0x8 C:\Program Files (x86)\ON Semiconductor\RSL10 EDK\eclipse\..\lib\ble_core\release\libblelib.a(l2cc_task.o)
                0x0010fdc8                l2cc_pdu_send
 .text.gattm_svc_get_start_hdl
                0x0010fdd0        0xc C:\Program Files (x86)\ON Semiconductor\RSL10 EDK\eclipse\..\lib\ble_core\release\libblelib.a(gattm.o)
                0x0010fdd0                gattm_svc_get_start_hdl
 .text.gattm_init
                0x0010fddc       0x24 C:\Program Files (x86)\ON Semiconductor\RSL10 EDK\eclipse\..\lib\ble_core\release\libblelib.a(gattm.o)
                0x0010fddc                gattm_init
 .text.gattm_init_attr
                0x0010fe00       0x78 C:\Program Files (x86)\ON Semiconductor\RSL10 EDK\eclipse\..\lib\ble_core\release\libblelib.a(gattm.o)
                0x0010fe00                gattm_init_attr
 .text.gattm_create
                0x0010fe78        0x4 C:\Program Files (x86)\ON Semiconductor\RSL10 EDK\eclipse\..\lib\ble_core\release\libblelib.a(gattm.o)
                0x0010fe78                gattm_create
 .text.gattm_cleanup
                0x0010fe7c        0x8 C:\Program Files (x86)\ON Semiconductor\RSL10 EDK\eclipse\..\lib\ble_core\release\libblelib.a(gattm.o)
                0x0010fe7c                gattm_cleanup
 .text.gattm_default_msg_handler
                0x0010fe84        0x4 C:\Program Files (x86)\ON Semiconductor\RSL10 EDK\eclipse\..\lib\ble_core\release\libblelib.a(gattm_task.o)
 .text.gattm_att_set_value_req_handler
                0x0010fe88       0x30 C:\Program Files (x86)\ON Semiconductor\RSL10 EDK\eclipse\..\lib\ble_core\release\libblelib.a(gattm_task.o)
 .text.gattm_att_get_value_req_handler
                0x0010feb8       0x58 C:\Program Files (x86)\ON Semiconductor\RSL10 EDK\eclipse\..\lib\ble_core\release\libblelib.a(gattm_task.o)
 .text.gattm_att_set_permission_req_handler
                0x0010ff10       0x2c C:\Program Files (x86)\ON Semiconductor\RSL10 EDK\eclipse\..\lib\ble_core\release\libblelib.a(gattm_task.o)
 .text.gattm_att_get_permission_req_handler
                0x0010ff3c       0x48 C:\Program Files (x86)\ON Semiconductor\RSL10 EDK\eclipse\..\lib\ble_core\release\libblelib.a(gattm_task.o)
 .text.gattm_svc_set_permission_req_handler
                0x0010ff84       0x2c C:\Program Files (x86)\ON Semiconductor\RSL10 EDK\eclipse\..\lib\ble_core\release\libblelib.a(gattm_task.o)
 .text.gattm_svc_get_permission_req_handler
                0x0010ffb0       0x2c C:\Program Files (x86)\ON Semiconductor\RSL10 EDK\eclipse\..\lib\ble_core\release\libblelib.a(gattm_task.o)
 .text.gattm_add_svc_req_handler
                0x0010ffdc       0x28 C:\Program Files (x86)\ON Semiconductor\RSL10 EDK\eclipse\..\lib\ble_core\release\libblelib.a(gattm_task.o)
 .text.gattc_operation_cleanup
                0x00110004       0x74 C:\Program Files (x86)\ON Semiconductor\RSL10 EDK\eclipse\..\lib\ble_core\release\libblelib.a(gattc.o)
 .text.gattc_get_mtu
                0x00110078       0x10 C:\Program Files (x86)\ON Semiconductor\RSL10 EDK\eclipse\..\lib\ble_core\release\libblelib.a(gattc.o)
                0x00110078                gattc_get_mtu
 .text.gattc_set_mtu
                0x00110088       0x4c C:\Program Files (x86)\ON Semiconductor\RSL10 EDK\eclipse\..\lib\ble_core\release\libblelib.a(gattc.o)
                0x00110088                gattc_set_mtu
 .text.gattc_send_error_evt
                0x001100d4       0x2c C:\Program Files (x86)\ON Semiconductor\RSL10 EDK\eclipse\..\lib\ble_core\release\libblelib.a(gattc.o)
                0x001100d4                gattc_send_error_evt
 .text.gattc_get_operation
                0x00110100       0x14 C:\Program Files (x86)\ON Semiconductor\RSL10 EDK\eclipse\..\lib\ble_core\release\libblelib.a(gattc.o)
                0x00110100                gattc_get_operation
 .text.gattc_get_operation_ptr
                0x00110114       0x10 C:\Program Files (x86)\ON Semiconductor\RSL10 EDK\eclipse\..\lib\ble_core\release\libblelib.a(gattc.o)
                0x00110114                gattc_get_operation_ptr
 .text.gattc_set_operation_ptr
                0x00110124       0x10 C:\Program Files (x86)\ON Semiconductor\RSL10 EDK\eclipse\..\lib\ble_core\release\libblelib.a(gattc.o)
                0x00110124                gattc_set_operation_ptr
 .text.gattc_reschedule_operation
                0x00110134       0x30 C:\Program Files (x86)\ON Semiconductor\RSL10 EDK\eclipse\..\lib\ble_core\release\libblelib.a(gattc.o)
                0x00110134                gattc_reschedule_operation
 .text.gattc_get_requester
                0x00110164       0x18 C:\Program Files (x86)\ON Semiconductor\RSL10 EDK\eclipse\..\lib\ble_core\release\libblelib.a(gattc.o)
                0x00110164                gattc_get_requester
 .text.gattc_update_state