Archive member included to satisfy reference by file (symbol)

C:\Program Files (x86)\ON Semiconductor\RSL10 EDK oxigen\eclipse\..\lib\ble_core\release\libblelib.a(rwip.o)
                              ./code/ble_std.o (BLE_Reset)
C:\Program Files (x86)\ON Semiconductor\RSL10 EDK oxigen\eclipse\..\lib\ble_core\release\libblelib.a(rwble.o)
                              C:\Program Files (x86)\ON Semiconductor\RSL10 EDK oxigen\eclipse\..\lib\ble_core\release\libblelib.a(rwip.o) (rwble_init)
C:\Program Files (x86)\ON Semiconductor\RSL10 EDK oxigen\eclipse\..\lib\ble_core\release\libblelib.a(rf_atlas.o)
                              C:\Program Files (x86)\ON Semiconductor\RSL10 EDK oxigen\eclipse\..\lib\ble_core\release\libblelib.a(rwip.o) (rf_init)
C:\Program Files (x86)\ON Semiconductor\RSL10 EDK oxigen\eclipse\..\lib\ble_core\release\libblelib.a(prf-prf_utils.o)
                              ./code/ble_basc.o (prf_env_get)
C:\Program Files (x86)\ON Semiconductor\RSL10 EDK oxigen\eclipse\..\lib\ble_core\release\libblelib.a(lld_evt.o)
                              C:\Program Files (x86)\ON Semiconductor\RSL10 EDK oxigen\eclipse\..\lib\ble_core\release\libblelib.a(rwble.o) (lld_evt_env)
C:\Program Files (x86)\ON Semiconductor\RSL10 EDK oxigen\eclipse\..\lib\ble_core\release\libblelib.a(lld_sleep.o)
                              C:\Program Files (x86)\ON Semiconductor\RSL10 EDK oxigen\eclipse\..\lib\ble_core\release\libblelib.a(rwip.o) (lld_power_mode_enter)
C:\Program Files (x86)\ON Semiconductor\RSL10 EDK oxigen\eclipse\..\lib\ble_core\release\libblelib.a(hci.o)
                              C:\Program Files (x86)\ON Semiconductor\RSL10 EDK oxigen\eclipse\..\lib\ble_core\release\libblelib.a(rwip.o) (hci_init)
C:\Program Files (x86)\ON Semiconductor\RSL10 EDK oxigen\eclipse\..\lib\ble_core\release\libblelib.a(hci_fc.o)
                              C:\Program Files (x86)\ON Semiconductor\RSL10 EDK oxigen\eclipse\..\lib\ble_core\release\libblelib.a(hci.o) (hci_fc_init)
C:\Program Files (x86)\ON Semiconductor\RSL10 EDK oxigen\eclipse\..\lib\ble_core\release\libblelib.a(hci_msg.o)
                              C:\Program Files (x86)\ON Semiconductor\RSL10 EDK oxigen\eclipse\..\lib\ble_core\release\libblelib.a(hci.o) (hci_look_for_cmd_desc)
C:\Program Files (x86)\ON Semiconductor\RSL10 EDK oxigen\eclipse\..\lib\ble_core\release\libblelib.a(llm.o)
                              C:\Program Files (x86)\ON Semiconductor\RSL10 EDK oxigen\eclipse\..\lib\ble_core\release\libblelib.a(lld_evt.o) (llm_le_env)
C:\Program Files (x86)\ON Semiconductor\RSL10 EDK oxigen\eclipse\..\lib\ble_core\release\libblelib.a(llm_task.o)
                              C:\Program Files (x86)\ON Semiconductor\RSL10 EDK oxigen\eclipse\..\lib\ble_core\release\libblelib.a(llm.o) (llm_state)
C:\Program Files (x86)\ON Semiconductor\RSL10 EDK oxigen\eclipse\..\lib\ble_core\release\libblelib.a(llm_util.o)
                              C:\Program Files (x86)\ON Semiconductor\RSL10 EDK oxigen\eclipse\..\lib\ble_core\release\libblelib.a(llm.o) (llm_util_bd_addr_wl_position)
C:\Program Files (x86)\ON Semiconductor\RSL10 EDK oxigen\eclipse\..\lib\ble_core\release\libblelib.a(lld.o)
                              C:\Program Files (x86)\ON Semiconductor\RSL10 EDK oxigen\eclipse\..\lib\ble_core\release\libblelib.a(rwble.o) (lld_init)
C:\Program Files (x86)\ON Semiconductor\RSL10 EDK oxigen\eclipse\..\lib\ble_core\release\libblelib.a(lld_pdu.o)
                              C:\Program Files (x86)\ON Semiconductor\RSL10 EDK oxigen\eclipse\..\lib\ble_core\release\libblelib.a(lld_evt.o) (lld_pdu_check)
C:\Program Files (x86)\ON Semiconductor\RSL10 EDK oxigen\eclipse\..\lib\ble_core\release\libblelib.a(lld_util.o)
                              C:\Program Files (x86)\ON Semiconductor\RSL10 EDK oxigen\eclipse\..\lib\ble_core\release\libblelib.a(llm_util.o) (lld_util_set_bd_address)
C:\Program Files (x86)\ON Semiconductor\RSL10 EDK oxigen\eclipse\..\lib\ble_core\release\libblelib.a(lld_wlcoex.o)
                              C:\Program Files (x86)\ON Semiconductor\RSL10 EDK oxigen\eclipse\..\lib\ble_core\release\libblelib.a(rwip.o) (lld_wlcoex_set)
C:\Program Files (x86)\ON Semiconductor\RSL10 EDK oxigen\eclipse\..\lib\ble_core\release\libblelib.a(llc.o)
                              C:\Program Files (x86)\ON Semiconductor\RSL10 EDK oxigen\eclipse\..\lib\ble_core\release\libblelib.a(rwble.o) (llc_init)
C:\Program Files (x86)\ON Semiconductor\RSL10 EDK oxigen\eclipse\..\lib\ble_core\release\libblelib.a(llc_llcp.o)
                              C:\Program Files (x86)\ON Semiconductor\RSL10 EDK oxigen\eclipse\..\lib\ble_core\release\libblelib.a(lld_pdu.o) (llc_llcp_recv_handler)
C:\Program Files (x86)\ON Semiconductor\RSL10 EDK oxigen\eclipse\..\lib\ble_core\release\libblelib.a(llc_task.o)
                              C:\Program Files (x86)\ON Semiconductor\RSL10 EDK oxigen\eclipse\..\lib\ble_core\release\libblelib.a(llc.o) (llc_state)
[...]
Memory Configuration

Name             Origin             Length             Attributes
ROM              0x00000000         0x00001000         r
FLASH            0x00100000         0x00060000         xrw
PRAM             0x00200000         0x00008000         xrw
DRAM             0x20000000         0x00006000         xrw
DRAM_DSP         0x20006000         0x0000c000         xrw
DRAM_BB          0x20012000         0x00004000         xrw
*default*        0x00000000         0xffffffff

Linker script and memory map

LOAD ./code/app_init.o
LOAD ./code/app_process.o
LOAD ./code/app_spi.o
LOAD ./code/ble_basc.o
LOAD ./code/ble_bass.o
LOAD ./code/ble_custom.o
LOAD ./code/ble_std.o
LOAD ./app.o
LOAD C:\Program Files (x86)\ON Semiconductor\RSL10 EDK oxigen\eclipse\..\lib\ble_core\release\libblelib.a
LOAD C:\Program Files (x86)\ON Semiconductor\RSL10 EDK oxigen\eclipse\..\lib\ble_core\release\libkelib.a
LOAD C:\Program Files (x86)\ON Semiconductor\RSL10 EDK oxigen\eclipse\..\lib\ble_profiles\release\libbasc.a
LOAD C:\Program Files (x86)\ON Semiconductor\RSL10 EDK oxigen\eclipse\..\lib\ble_profiles\release\libbass.a
LOAD C:\Program Files (x86)\ON Semiconductor\RSL10 EDK oxigen\eclipse\..\lib\release\libcmsis.a
LOAD C:\Program Files (x86)\ON Semiconductor\RSL10 EDK oxigen\eclipse\..\lib\release\libsyslib.a
LOAD C:\Program Files (x86)\ON Semiconductor\RSL10 EDK oxigen\eclipse\..\lib\ble_core\release\libweak_prf.a
START GROUP
LOAD c:/program files (x86)/gnu tools arm embedded/6 2017-q2-update/bin/../lib/gcc/arm-none-eabi/6.3.1/thumb/v7-m\libgcc.a
LOAD c:/program files (x86)/gnu tools arm embedded/6 2017-q2-update/bin/../lib/gcc/arm-none-eabi/6.3.1/../../../../arm-none-eabi/lib/thumb/v7-m\libg_nano.a
LOAD c:/program files (x86)/gnu tools arm embedded/6 2017-q2-update/bin/../lib/gcc/arm-none-eabi/6.3.1/../../../../arm-none-eabi/lib/thumb/v7-m\libc_nano.a
END GROUP
START GROUP
LOAD c:/program files (x86)/gnu tools arm embedded/6 2017-q2-update/bin/../lib/gcc/arm-none-eabi/6.3.1/thumb/v7-m\libgcc.a
LOAD c:/program files (x86)/gnu tools arm embedded/6 2017-q2-update/bin/../lib/gcc/arm-none-eabi/6.3.1/../../../../arm-none-eabi/lib/thumb/v7-m\libc_nano.a
END GROUP
                0x20006000                __stack = (ORIGIN (DRAM) + LENGTH (DRAM))
                [!provide]                PROVIDE (__stack, __stack)
                0x00000400                __Main_Stack_Size = 0x400
                [!provide]                PROVIDE (_Main_Stack_Size, __Main_Stack_Size)
                0x20005c00                __Main_Stack_Limit = (__stack - __Main_Stack_Size)
                [!provide]                PROVIDE (_Main_Stack_Limit, __Main_Stack_Limit)
                0x20004724                PROVIDE (__Heap_Begin__, __noinit_end__)
                0x20005c00                PROVIDE (__Heap_Limit__, (__stack - __Main_Stack_Size))

.text           0x00100000    0x24d74
                0x00100000                . = ALIGN (0x4)
 *(.interrupt_vector)
 .interrupt_vector
                0x00100000      0x164 C:\Program Files (x86)\ON Semiconductor\RSL10 EDK oxigen\eclipse\..\lib\release\libcmsis.a(startup_rsl10.o)
                0x00100000                ISR_Vector_Table
 *(.reset)
 .reset         0x00100164       0x18 C:\Program Files (x86)\ON Semiconductor\RSL10 EDK oxigen\eclipse\..\lib\release\libcmsis.a(startup_rsl10.o)
                0x00100164                Reset_Handler
                0x0010017c                . = ALIGN (0x4)
                0x0010017c                PROVIDE (__preinit_array_start__, .)
 *(.preinit_array_sysinit .preinit_array_sysinit.*)
 *(.preinit_array_platform .preinit_array_platform.*)
 *(.preinit_array .preinit_array.*)
                0x0010017c                PROVIDE (__preinit_array_end__, .)
                0x0010017c                . = ALIGN (0x4)
                0x0010017c                PROVIDE (__init_array_start__, .)
 *(SORT(.init_array.*))
 *(.init_array)
                0x0010017c                PROVIDE (__init_array_end__, .)
                0x0010017c                . = ALIGN (0x4)
 *(.text .text.*)
 .text.App_Env_Initialize
                0x0010017c       0x44 ./code/app_init.o
                0x0010017c                App_Env_Initialize
 .text.App_Initialize
                0x001001c0      0x1ac ./code/app_init.o
                0x001001c0                App_Initialize
 .text.Msg_Handler
                0x0010036c        0x4 ./code/app_process.o
                0x0010036c                Msg_Handler
 .text.APP_Timer
                0x00100370      0x110 ./code/app_process.o
                0x00100370                APP_Timer
 .text.DMA0_IRQHandler
                0x00100480       0xa8 ./code/app_spi.o
                0x00100480                DMA0_IRQHandler
 .text.Basc_Env_Initialize
                0x00100528       0x1c ./code/ble_basc.o
                0x00100528                Basc_Env_Initialize
 .text.Batt_ServiceAdd_Client
                0x00100544       0x28 ./code/ble_basc.o
                0x00100544                Batt_ServiceAdd_Client
 .text.Batt_ServiceEnable_Client
                0x0010056c       0x4c ./code/ble_basc.o
                0x0010056c                Batt_ServiceEnable_Client
 .text.Batt_ReadInfoRsp
                0x001005b8       0x64 ./code/ble_basc.o
                0x001005b8                Batt_ReadInfoRsp
 .text.Batt_LevelInd
                0x0010061c       0x14 ./code/ble_basc.o
                0x0010061c                Batt_LevelInd
 .text.Batt_LevelNtfCfgRsp
                0x00100630       0x18 ./code/ble_basc.o
                0x00100630                Batt_LevelNtfCfgRsp
 .text.Batt_SendReadInfoReq
                0x00100648       0x2c ./code/ble_basc.o
                0x00100648                Batt_SendReadInfoReq
 .text.Batt_SendLevelNtfCfgReq
                0x00100674       0x38 ./code/ble_basc.o
                0x00100674                Batt_SendLevelNtfCfgReq
 .text.Batt_EnableRsp_Client
                0x001006ac       0x5c ./code/ble_basc.o
                0x001006ac                Batt_EnableRsp_Client
 .text.Bass_Env_Initialize
                0x00100708        0xc ./code/ble_bass.o
                0x00100708                Bass_Env_Initialize
 .text.Batt_ServiceAdd_Server
                0x00100714       0x3c ./code/ble_bass.o
                0x00100714                Batt_ServiceAdd_Server
 .text.Batt_ServiceEnable_Server
                0x00100750       0x30 ./code/ble_bass.o
                0x00100750                Batt_ServiceEnable_Server
 .text.Batt_LevelUpdateSend
                0x00100780       0x2c ./code/ble_bass.o
                0x00100780                Batt_LevelUpdateSend
 .text.Batt_LevelNtfCfgInd
                0x001007ac       0x10 ./code/ble_bass.o
                0x001007ac                Batt_LevelNtfCfgInd
 .text.Batt_EnableRsp_Server
                0x001007bc       0x14 ./code/ble_bass.o
                0x001007bc                Batt_EnableRsp_Server
 .text.CustomService_Env_Initialize
                0x001007d0       0x20 ./code/ble_custom.o
                0x001007d0                CustomService_Env_Initialize
 .text.CustomService_ServiceEnable
                0x001007f0       0x54 ./code/ble_custom.o
                0x001007f0                CustomService_ServiceEnable
 .text.GATTC_DiscCharInd
                0x00100844       0xb0 ./code/ble_custom.o
                0x00100844                GATTC_DiscCharInd
 .text.GATTC_CmpEvt
                0x001008f4       0xa0 ./code/ble_custom.o
                0x001008f4                GATTC_CmpEvt
 .text.GATTC_DiscSvcInd
                0x00100994       0x64 ./code/ble_custom.o
                0x00100994                GATTC_DiscSvcInd
 .text.GATTC_ReadInd
                0x001009f8       0x28 ./code/ble_custom.o
                0x001009f8                GATTC_ReadInd
 .text.GATTC_EvtInd
                0x00100a20       0x60 ./code/ble_custom.o
                0x00100a20                GATTC_EvtInd
 .text.CustomService_SendWrite
                0x00100a80       0x6c ./code/ble_custom.o
                0x00100a80                CustomService_SendWrite
 .text.CustomService_ServiceAdd
                0x00100aec       0x9c ./code/ble_custom.o
                0x00100aec                CustomService_ServiceAdd
 .text.GATTM_AddSvcRsp
                0x00100b88       0x38 ./code/ble_custom.o
                0x00100b88                GATTM_AddSvcRsp
 .text.GATTC_ReadReqInd
                0x00100bc0      0x104 ./code/ble_custom.o
                0x00100bc0                GATTC_ReadReqInd
 .text.GATTC_WriteReqInd
                0x00100cc4       0xb4 ./code/ble_custom.o
                0x00100cc4                GATTC_WriteReqInd
 .text.CustomService_SendNotification
                0x00100d78       0x54 ./code/ble_custom.o
                0x00100d78                CustomService_SendNotification
 .text.BLE_Initialize
                0x00100dcc      0x13c ./code/ble_std.o
                0x00100dcc                BLE_Initialize
 .text.Service_Add
                0x00100f08       0x28 ./code/ble_std.o
                0x00100f08                Service_Add
 .text.Advertising_Start
                0x00100f30       0xdc ./code/ble_std.o
                0x00100f30                Advertising_Start
 .text.GAPC_GetDevInfoReqInd
                0x0010100c       0x6c ./code/ble_std.o
                0x0010100c                GAPC_GetDevInfoReqInd
 .text.GAPC_CmpEvt
                0x00101078        0x4 ./code/ble_std.o
                0x00101078                GAPC_CmpEvt
 .text.Connection_SendStartCmd
                0x0010107c       0x98 ./code/ble_std.o
                0x0010107c                Connection_SendStartCmd
 .text.ServiceEnable
                0x00101114       0x28 ./code/ble_std.o
                0x00101114                ServiceEnable
 .text.BLE_Operation_Cancel
                0x0010113c       0x1a ./code/ble_std.o
                0x0010113c                BLE_Operation_Cancel
 *fill*         0x00101156        0x2 
 .text.DeviceIndx
                0x00101158       0x30 ./code/ble_std.o
                0x00101158                DeviceIndx
 .text.GAPC_ParamUpdatedInd
                0x00101188       0x30 ./code/ble_std.o
                0x00101188                GAPC_ParamUpdatedInd
 .text.GAPC_ParamUpdateReqInd
                0x001011b8       0x44 ./code/ble_std.o
                0x001011b8                GAPC_ParamUpdateReqInd
 .text.BLE_SetServiceState
                0x001011fc       0x60 ./code/ble_std.o
                0x001011fc                BLE_SetServiceState
 .text.APP_SwitchRole_Timeout
                0x0010125c       0x28 ./code/ble_std.o
                0x0010125c                APP_SwitchRole_Timeout
 .text.BLE_Connection_SelectBegin
                0x00101284       0x94 ./code/ble_std.o
                0x00101284                BLE_Connection_SelectBegin
 .text.GAPM_ProfileAddedInd
                0x00101318       0x3c ./code/ble_std.o
                0x00101318                GAPM_ProfileAddedInd
 .text.GAPM_CmpEvt
                0x00101354       0xfc ./code/ble_std.o
                0x00101354                GAPM_CmpEvt
 .text.GAPC_ConnectionReqInd
                0x00101450       0xd4 ./code/ble_std.o
                0x00101450                GAPC_ConnectionReqInd
 .text.GAPC_DisconnectInd
                0x00101524       0x48 ./code/ble_std.o
                0x00101524                GAPC_DisconnectInd
 .text.main     0x0010156c      0x148 ./app.o
                0x0010156c                main
 .text.BLE_Reset
                0x001016b4       0x58 C:\Program Files (x86)\ON Semiconductor\RSL10 EDK oxigen\eclipse\..\lib\ble_core\release\libblelib.a(rwip.o)
                0x001016b4                BLE_Reset
 .text.rwip_reset
                0x0010170c       0x50 C:\Program Files (x86)\ON Semiconductor\RSL10 EDK oxigen\eclipse\..\lib\ble_core\release\libblelib.a(rwip.o)
                0x0010170c                rwip_reset
 .text.rwip_wakeup
                0x0010175c       0x34 C:\Program Files (x86)\ON Semiconductor\RSL10 EDK oxigen\eclipse\..\lib\ble_core\release\libblelib.a(rwip.o)
                0x0010175c                rwip_wakeup
 .text.rwip_wakeup_end
                0x00101790       0x44 C:\Program Files (x86)\ON Semiconductor\RSL10 EDK oxigen\eclipse\..\lib\ble_core\release\libblelib.a(rwip.o)
                0x00101790                rwip_wakeup_end
 .text.rwip_wakeup_delay_set
                0x001017d4       0x40 C:\Program Files (x86)\ON Semiconductor\RSL10 EDK oxigen\eclipse\..\lib\ble_core\release\libblelib.a(rwip.o)
                0x001017d4                rwip_wakeup_delay_set
 .text.rwip_prevent_sleep_set
                0x00101814       0x34 C:\Program Files (x86)\ON Semiconductor\RSL10 EDK oxigen\eclipse\..\lib\ble_core\release\libblelib.a(rwip.o)
                0x00101814                rwip_prevent_sleep_set
 .text.rwip_prevent_sleep_clear
                0x00101848       0x38 C:\Program Files (x86)\ON Semiconductor\RSL10 EDK oxigen\eclipse\..\lib\ble_core\release\libblelib.a(rwip.o)
                0x00101848                rwip_prevent_sleep_clear
 .text.rwip_sleep_lpcycles_2_us
                0x00101880       0x48 C:\Program Files (x86)\ON Semiconductor\RSL10 EDK oxigen\eclipse\..\lib\ble_core\release\libblelib.a(rwip.o)
                0x00101880                rwip_sleep_lpcycles_2_us
 .text.rwip_us_2_lpcycles
                0x001018c8       0x34 C:\Program Files (x86)\ON Semiconductor\RSL10 EDK oxigen\eclipse\..\lib\ble_core\release\libblelib.a(rwip.o)
                0x001018c8                rwip_us_2_lpcycles
 .text.BLE_InitNoTL
                0x001018fc       0x4c C:\Program Files (x86)\ON Semiconductor\RSL10 EDK oxigen\eclipse\..\lib\ble_core\release\libblelib.a(rwip.o)
                0x001018fc                BLE_InitNoTL
 .text.rwble_init
                0x00101948       0x28 C:\Program Files (x86)\ON Semiconductor\RSL10 EDK oxigen\eclipse\..\lib\ble_core\release\libblelib.a(rwble.o)
                0x00101948                rwble_init
 .text.rwble_reset
                0x00101970       0x6c C:\Program Files (x86)\ON Semiconductor\RSL10 EDK oxigen\eclipse\..\lib\ble_core\release\libblelib.a(rwble.o)
                0x00101970                rwble_reset
 .text.rwble_isr
                0x001019dc       0xdc C:\Program Files (x86)\ON Semiconductor\RSL10 EDK oxigen\eclipse\..\lib\ble_core\release\libblelib.a(rwble.o)
                0x001019dc                BLE_CSCNT_IRQHandler
                0x001019dc                BLE_SW_IRQHandler
                0x001019dc                BLE_AUDIO0_IRQHandler
                0x001019dc                BLE_SLP_IRQHandler
                0x001019dc                BLE_RX_IRQHandler
                0x001019dc                rwble_isr
                0x001019dc                BLE_AUDIO2_IRQHandler
                0x001019dc                BLE_AUDIO1_IRQHandler
                0x001019dc                BLE_ERROR_IRQHandler
                0x001019dc                BLE_EVENT_IRQHandler
                0x001019dc                BLE_CRYPT_IRQHandler
                0x001019dc                BLE_FINETGTIM_IRQHandler
 .text.rf_atl_spi_tf
                0x00101ab8       0x24 C:\Program Files (x86)\ON Semiconductor\RSL10 EDK oxigen\eclipse\..\lib\ble_core\release\libblelib.a(rf_atlas.o)
 .text.rf_reset
                0x00101adc        0x4 C:\Program Files (x86)\ON Semiconductor\RSL10 EDK oxigen\eclipse\..\lib\ble_core\release\libblelib.a(rf_atlas.o)
 .text.rf_force_agc_enable
                0x00101ae0        0x4 C:\Program Files (x86)\ON Semiconductor\RSL10 EDK oxigen\eclipse\..\lib\ble_core\release\libblelib.a(rf_atlas.o)
 .text.rf_txpwr_dbm_get
                0x00101ae4        0x4 C:\Program Files (x86)\ON Semiconductor\RSL10 EDK oxigen\eclipse\..\lib\ble_core\release\libblelib.a(rf_atlas.o)
 .text.rf_sleep
                0x00101ae8       0x10 C:\Program Files (x86)\ON Semiconductor\RSL10 EDK oxigen\eclipse\..\lib\ble_core\release\libblelib.a(rf_atlas.o)
 .text.rf_rssi_convert
                0x00101af8       0x38 C:\Program Files (x86)\ON Semiconductor\RSL10 EDK oxigen\eclipse\..\lib\ble_core\release\libblelib.a(rf_atlas.o)
 .text.rf_atl_reg_burst_wr
                0x00101b30       0x44 C:\Program Files (x86)\ON Semiconductor\RSL10 EDK oxigen\eclipse\..\lib\ble_core\release\libblelib.a(rf_atlas.o)
 .text.rf_atl_reg_wr
                0x00101b74       0x2c C:\Program Files (x86)\ON Semiconductor\RSL10 EDK oxigen\eclipse\..\lib\ble_core\release\libblelib.a(rf_atlas.o)
 .text.rf_atl_reg_rd
                0x00101ba0       0x2c C:\Program Files (x86)\ON Semiconductor\RSL10 EDK oxigen\eclipse\..\lib\ble_core\release\libblelib.a(rf_atlas.o)
 .text.rf_init  0x00101bcc      0x52c C:\Program Files (x86)\ON Semiconductor\RSL10 EDK oxigen\eclipse\..\lib\ble_core\release\libblelib.a(rf_atlas.o)
                0x00101bcc                rf_init
 .text.prf_itf_get
                0x001020f8       0xcc C:\Program Files (x86)\ON Semiconductor\RSL10 EDK oxigen\eclipse\..\lib\ble_core\release\libblelib.a(prf-prf_utils.o)
 .text.prf_gatt_write.part.0
                0x001021c4       0x5c C:\Program Files (x86)\ON Semiconductor\RSL10 EDK oxigen\eclipse\..\lib\ble_core\release\libblelib.a(prf-prf_utils.o)
 .text.prf_init
                0x00102220       0x6c C:\Program Files (x86)\ON Semiconductor\RSL10 EDK oxigen\eclipse\..\lib\ble_core\release\libblelib.a(prf-prf_utils.o)
                0x00102220                prf_init
 .text.prf_add_profile
                0x0010228c       0x84 C:\Program Files (x86)\ON Semiconductor\RSL10 EDK oxigen\eclipse\..\lib\ble_core\release\libblelib.a(prf-prf_utils.o)
                0x0010228c                prf_add_profile
 .text.prf_create
                0x00102310       0x28 C:\Program Files (x86)\ON Semiconductor\RSL10 EDK oxigen\eclipse\..\lib\ble_core\release\libblelib.a(prf-prf_utils.o)
                0x00102310                prf_create
 .text.prf_cleanup
                0x00102338       0x2c C:\Program Files (x86)\ON Semiconductor\RSL10 EDK oxigen\eclipse\..\lib\ble_core\release\libblelib.a(prf-prf_utils.o)
                0x00102338                prf_cleanup
 .text.prf_env_get
                0x00102364       0x34 C:\Program Files (x86)\ON Semiconductor\RSL10 EDK oxigen\eclipse\..\lib\ble_core\release\libblelib.a(prf-prf_utils.o)
                0x00102364                prf_env_get
 .text.prf_src_task_get
                0x00102398       0x10 C:\Program Files (x86)\ON Semiconductor\RSL10 EDK oxigen\eclipse\..\lib\ble_core\release\libblelib.a(prf-prf_utils.o)
                0x00102398                prf_src_task_get
 .text.prf_dst_task_get
                0x001023a8       0x10 C:\Program Files (x86)\ON Semiconductor\RSL10 EDK oxigen\eclipse\..\lib\ble_core\release\libblelib.a(prf-prf_utils.o)
                0x001023a8                prf_dst_task_get
 .text.prf_pack_char_pres_fmt
                0x001023b8       0x20 C:\Program Files (x86)\ON Semiconductor\RSL10 EDK oxigen\eclipse\..\lib\ble_core\release\libblelib.a(prf-prf_utils.o)
                0x001023b8                prf_pack_char_pres_fmt
 .text.prf_unpack_char_pres_fmt
                0x001023d8       0x24 C:\Program Files (x86)\ON Semiconductor\RSL10 EDK oxigen\eclipse\..\lib\ble_core\release\libblelib.a(prf-prf_utils.o)
                0x001023d8                prf_unpack_char_pres_fmt
 .text.prf_read_char_send
                0x001023fc       0x3c C:\Program Files (x86)\ON Semiconductor\RSL10 EDK oxigen\eclipse\..\lib\ble_core\release\libblelib.a(prf-prf_utils.o)
                0x001023fc                prf_read_char_send
 .text.prf_register_atthdl2gatt
                0x00102438       0x3c C:\Program Files (x86)\ON Semiconductor\RSL10 EDK oxigen\eclipse\..\lib\ble_core\release\libblelib.a(prf-prf_utils.o)
                0x00102438                prf_register_atthdl2gatt
 .text.prf_disc_svc_send
                0x00102474       0x40 C:\Program Files (x86)\ON Semiconductor\RSL10 EDK oxigen\eclipse\..\lib\ble_core\release\libblelib.a(prf-prf_utils.o)
                0x00102474                prf_disc_svc_send
 .text.prf_gatt_write_ntf_ind
                0x001024b4       0x24 C:\Program Files (x86)\ON Semiconductor\RSL10 EDK oxigen\eclipse\..\lib\ble_core\release\libblelib.a(prf-prf_utils.o)
                0x001024b4                prf_gatt_write_ntf_ind
 .text.prf_check_svc_char_validity
                0x001024d8       0x3c C:\Program Files (x86)\ON Semiconductor\RSL10 EDK oxigen\eclipse\..\lib\ble_core\release\libblelib.a(prf-prf_utils.o)
                0x001024d8                prf_check_svc_char_validity
 .text.prf_check_svc_char_desc_validity
                0x00102514       0x44 C:\Program Files (x86)\ON Semiconductor\RSL10 EDK oxigen\eclipse\..\lib\ble_core\release\libblelib.a(prf-prf_utils.o)
                0x00102514                prf_check_svc_char_desc_validity
 .text.prf_extract_svc_info
                0x00102558      0x1c8 C:\Program Files (x86)\ON Semiconductor\RSL10 EDK oxigen\eclipse\..\lib\ble_core\release\libblelib.a(prf-prf_utils.o)
                0x00102558                prf_extract_svc_info
 .text.lld_evt_winsize_change
                0x00102720       0xac C:\Program Files (x86)\ON Semiconductor\RSL10 EDK oxigen\eclipse\..\lib\ble_core\release\libblelib.a(lld_evt.o)
 .text.lld_evt_rxwin_compute
                0x001027cc       0x68 C:\Program Files (x86)\ON Semiconductor\RSL10 EDK oxigen\eclipse\..\lib\ble_core\release\libblelib.a(lld_evt.o)
 .text.lld_evt_slave_time_compute
                0x00102834       0xcc C:\Program Files (x86)\ON Semiconductor\RSL10 EDK oxigen\eclipse\..\lib\ble_core\release\libblelib.a(lld_evt.o)
 .text.lld_evt_prevent_stop
                0x00102900        0x4 C:\Program Files (x86)\ON Semiconductor\RSL10 EDK oxigen\eclipse\..\lib\ble_core\release\libblelib.a(lld_evt.o)
                0x00102900                lld_evt_prevent_stop
 .text.lld_evt_deferred_elt_push
                0x00102904       0x28 C:\Program Files (x86)\ON Semiconductor\RSL10 EDK oxigen\eclipse\..\lib\ble_core\release\libblelib.a(lld_evt.o)
 .text.lld_evt_elt_wait_insert
                0x0010292c       0x20 C:\Program Files (x86)\ON Semiconductor\RSL10 EDK oxigen\eclipse\..\lib\ble_core\release\libblelib.a(lld_evt.o)
 .text.lld_evt_deferred_elt_pop
                0x0010294c       0x48 C:\Program Files (x86)\ON Semiconductor\RSL10 EDK oxigen\eclipse\..\lib\ble_core\release\libblelib.a(lld_evt.o)
 .text.lld_evt_get_next_free_slot
                0x00102994       0x40 C:\Program Files (x86)\ON Semiconductor\RSL10 EDK oxigen\eclipse\..\lib\ble_core\release\libblelib.a(lld_evt.o)
 .text.lld_evt_elt_wait_get
                0x001029d4       0x34 C:\Program Files (x86)\ON Semiconductor\RSL10 EDK oxigen\eclipse\..\lib\ble_core\release\libblelib.a(lld_evt.o)
 .text.lld_evt_schedule
                0x00102a08      0x170 C:\Program Files (x86)\ON Semiconductor\RSL10 EDK oxigen\eclipse\..\lib\ble_core\release\libblelib.a(lld_evt.o)
                0x00102a08                lld_evt_schedule
 .text.lld_evt_delete_elt_push
                0x00102b78       0x60 C:\Program Files (x86)\ON Semiconductor\RSL10 EDK oxigen\eclipse\..\lib\ble_core\release\libblelib.a(lld_evt.o)
                0x00102b78                lld_evt_delete_elt_push
 .text.lld_evt_deffered_elt_handler
                0x00102bd8      0x134 C:\Program Files (x86)\ON Semiconductor\RSL10 EDK oxigen\eclipse\..\lib\ble_core\release\libblelib.a(lld_evt.o)
                0x00102bd8                lld_evt_deffered_elt_handler
 .text.lld_evt_channel_next
                0x00102d0c       0x50 C:\Program Files (x86)\ON Semiconductor\RSL10 EDK oxigen\eclipse\..\lib\ble_core\release\libblelib.a(lld_evt.o)
                0x00102d0c                lld_evt_channel_next
 .text.lld_evt_init
                0x00102d5c      0x14c C:\Program Files (x86)\ON Semiconductor\RSL10 EDK oxigen\eclipse\..\lib\ble_core\release\libblelib.a(lld_evt.o)
                0x00102d5c                lld_evt_init
 .text.lld_evt_init_evt
                0x00102ea8       0x5c C:\Program Files (x86)\ON Semiconductor\RSL10 EDK oxigen\eclipse\..\lib\ble_core\release\libblelib.a(lld_evt.o)
                0x00102ea8                lld_evt_init_evt
 .text.lld_evt_restart
                0x00102f04      0x910 C:\Program Files (x86)\ON Semiconductor\RSL10 EDK oxigen\eclipse\..\lib\ble_core\release\libblelib.a(lld_evt.o)
                0x00102f04                lld_evt_restart
 .text.lld_evt_elt_insert
                0x00103814       0x64 C:\Program Files (x86)\ON Semiconductor\RSL10 EDK oxigen\eclipse\..\lib\ble_core\release\libblelib.a(lld_evt.o)
                0x00103814                lld_evt_elt_insert
 .text.lld_evt_canceled
                0x00103878       0x40 C:\Program Files (x86)\ON Semiconductor\RSL10 EDK oxigen\eclipse\..\lib\ble_core\release\libblelib.a(lld_evt.o)
                0x00103878                lld_evt_canceled
 .text.lld_evt_elt_delete
                0x001038b8       0xf0 C:\Program Files (x86)\ON Semiconductor\RSL10 EDK oxigen\eclipse\..\lib\ble_core\release\libblelib.a(lld_evt.o)
                0x001038b8                lld_evt_elt_delete
 .text.lld_evt_delete_elt_handler
                0x001039a8       0xdc C:\Program Files (x86)\ON Semiconductor\RSL10 EDK oxigen\eclipse\..\lib\ble_core\release\libblelib.a(lld_evt.o)
 .text.lld_evt_schedule_next
                0x00103a84      0x1e0 C:\Program Files (x86)\ON Semiconductor\RSL10 EDK oxigen\eclipse\..\lib\ble_core\release\libblelib.a(lld_evt.o)
                0x00103a84                lld_evt_schedule_next
 .text.lld_evt_scan_create
                0x00103c64       0x88 C:\Program Files (x86)\ON Semiconductor\RSL10 EDK oxigen\eclipse\..\lib\ble_core\release\libblelib.a(lld_evt.o)
                0x00103c64                lld_evt_scan_create
 .text.lld_evt_move_to_master
                0x00103cec      0x168 C:\Program Files (x86)\ON Semiconductor\RSL10 EDK oxigen\eclipse\..\lib\ble_core\release\libblelib.a(lld_evt.o)
                0x00103cec                lld_evt_move_to_master
 .text.lld_evt_update_create
                0x00103e54      0x164 C:\Program Files (x86)\ON Semiconductor\RSL10 EDK oxigen\eclipse\..\lib\ble_core\release\libblelib.a(lld_evt.o)
                0x00103e54                lld_evt_update_create
 .text.lld_evt_move_to_slave
                0x00103fb8      0x328 C:\Program Files (x86)\ON Semiconductor\RSL10 EDK oxigen\eclipse\..\lib\ble_core\release\libblelib.a(lld_evt.o)
                0x00103fb8                lld_evt_move_to_slave
 .text.lld_evt_slave_update
                0x001042e0      0x1a0 C:\Program Files (x86)\ON Semiconductor\RSL10 EDK oxigen\eclipse\..\lib\ble_core\release\libblelib.a(lld_evt.o)
                0x001042e0                lld_evt_slave_update
 .text.lld_evt_adv_create
                0x00104480       0x8c C:\Program Files (x86)\ON Semiconductor\RSL10 EDK oxigen\eclipse\..\lib\ble_core\release\libblelib.a(lld_evt.o)
                0x00104480                lld_evt_adv_create
 .text.lld_evt_end
                0x0010450c      0x194 C:\Program Files (x86)\ON Semiconductor\RSL10 EDK oxigen\eclipse\..\lib\ble_core\release\libblelib.a(lld_evt.o)
                0x0010450c                lld_evt_end
 .text.lld_evt_rx
                0x001046a0       0x40 C:\Program Files (x86)\ON Semiconductor\RSL10 EDK oxigen\eclipse\..\lib\ble_core\release\libblelib.a(lld_evt.o)
                0x001046a0                lld_evt_rx
 .text.lld_evt_end_isr
                0x001046e0       0x40 C:\Program Files (x86)\ON Semiconductor\RSL10 EDK oxigen\eclipse\..\lib\ble_core\release\libblelib.a(lld_evt.o)
                0x001046e0                lld_evt_end_isr
 .text.lld_evt_rx_isr
                0x00104720       0x10 C:\Program Files (x86)\ON Semiconductor\RSL10 EDK oxigen\eclipse\..\lib\ble_core\release\libblelib.a(lld_evt.o)
                0x00104720                lld_evt_rx_isr
 .text.lld_sleep_init
                0x00104730       0x68 C:\Program Files (x86)\ON Semiconductor\RSL10 EDK oxigen\eclipse\..\lib\ble_core\release\libblelib.a(lld_sleep.o)
                0x00104730                lld_sleep_init
 .text.lld_sleep_wakeup
                0x00104798       0x84 C:\Program Files (x86)\ON Semiconductor\RSL10 EDK oxigen\eclipse\..\lib\ble_core\release\libblelib.a(lld_sleep.o)
                0x00104798                lld_sleep_wakeup
 .text.lld_sleep_wakeup_end
                0x0010481c       0x1c C:\Program Files (x86)\ON Semiconductor\RSL10 EDK oxigen\eclipse\..\lib\ble_core\release\libblelib.a(lld_sleep.o)
                0x0010481c                lld_sleep_wakeup_end
 .text.hci_evt_mask_set.part.1
                0x00104838       0x34 C:\Program Files (x86)\ON Semiconductor\RSL10 EDK oxigen\eclipse\..\lib\ble_core\release\libblelib.a(hci.o)
 .text.hci_init
                0x0010486c       0x24 C:\Program Files (x86)\ON Semiconductor\RSL10 EDK oxigen\eclipse\..\lib\ble_core\release\libblelib.a(hci.o)
                0x0010486c                hci_init
 .text.hci_reset
                0x00104890       0x24 C:\Program Files (x86)\ON Semiconductor\RSL10 EDK oxigen\eclipse\..\lib\ble_core\release\libblelib.a(hci.o)
                0x00104890                hci_reset
 .text.hci_send_2_host
                0x001048b4       0xfc C:\Program Files (x86)\ON Semiconductor\RSL10 EDK oxigen\eclipse\..\lib\ble_core\release\libblelib.a(hci.o)
                0x001048b4                hci_send_2_host
 .text.hci_send_2_controller
                0x001049b0       0xa4 C:\Program Files (x86)\ON Semiconductor\RSL10 EDK oxigen\eclipse\..\lib\ble_core\release\libblelib.a(hci.o)
                0x001049b0                hci_send_2_controller
 .text.hci_evt_mask_set
                0x00104a54       0x24 C:\Program Files (x86)\ON Semiconductor\RSL10 EDK oxigen\eclipse\..\lib\ble_core\release\libblelib.a(hci.o)
                0x00104a54                hci_evt_mask_set
 .text.hci_fc_init
                0x00104a78       0x20 C:\Program Files (x86)\ON Semiconductor\RSL10 EDK oxigen\eclipse\..\lib\ble_core\release\libblelib.a(hci_fc.o)
                0x00104a78                hci_fc_init
 .text.hci_fc_acl_buf_size_set
                0x00104a98       0x24 C:\Program Files (x86)\ON Semiconductor\RSL10 EDK oxigen\eclipse\..\lib\ble_core\release\libblelib.a(hci_fc.o)
                0x00104a98                hci_fc_acl_buf_size_set
 .text.hci_fc_acl_en
                0x00104abc       0x30 C:\Program Files (x86)\ON Semiconductor\RSL10 EDK oxigen\eclipse\..\lib\ble_core\release\libblelib.a(hci_fc.o)
                0x00104abc                hci_fc_acl_en
 .text.hci_fc_host_nb_acl_pkts_complete
                0x00104aec       0x14 C:\Program Files (x86)\ON Semiconductor\RSL10 EDK oxigen\eclipse\..\lib\ble_core\release\libblelib.a(hci_fc.o)
                0x00104aec                hci_fc_host_nb_acl_pkts_complete
 .text.hci_look_for_cmd_desc
                0x00104b00       0x64 C:\Program Files (x86)\ON Semiconductor\RSL10 EDK oxigen\eclipse\..\lib\ble_core\release\libblelib.a(hci_msg.o)
                0x00104b00                hci_look_for_cmd_desc
 .text.hci_look_for_evt_desc
                0x00104b64       0x2c C:\Program Files (x86)\ON Semiconductor\RSL10 EDK oxigen\eclipse\..\lib\ble_core\release\libblelib.a(hci_msg.o)
                0x00104b64                hci_look_for_evt_desc
 .text.hci_look_for_le_evt_desc
                0x00104b90       0x2c C:\Program Files (x86)\ON Semiconductor\RSL10 EDK oxigen\eclipse\..\lib\ble_core\release\libblelib.a(hci_msg.o)
                0x00104b90                hci_look_for_le_evt_desc
 .text.llm_con_req_ind
                0x00104bbc      0x18c C:\Program Files (x86)\ON Semiconductor\RSL10 EDK oxigen\eclipse\..\lib\ble_core\release\libblelib.a(llm.o)
                0x00104bbc                llm_con_req_ind
 .text.llm_le_adv_report_ind
                0x00104d48      0x308 C:\Program Files (x86)\ON Semiconductor\RSL10 EDK oxigen\eclipse\..\lib\ble_core\release\libblelib.a(llm.o)
                0x00104d48                llm_le_adv_report_ind
 .text.llm_con_req_tx_cfm
                0x00105050      0x13c C:\Program Files (x86)\ON Semiconductor\RSL10 EDK oxigen\eclipse\..\lib\ble_core\release\libblelib.a(llm.o)
                0x00105050                llm_con_req_tx_cfm
 .text.llm_common_cmd_complete_send
                0x0010518c       0x1c C:\Program Files (x86)\ON Semiconductor\RSL10 EDK oxigen\eclipse\..\lib\ble_core\release\libblelib.a(llm.o)
                0x0010518c                llm_common_cmd_complete_send
 .text.llm_ble_ready
                0x001051a8        0x8 C:\Program Files (x86)\ON Semiconductor\RSL10 EDK oxigen\eclipse\..\lib\ble_core\release\libblelib.a(llm.o)
                0x001051a8                llm_ble_ready
 .text.llm_common_cmd_status_send
                0x001051b0       0x1c C:\Program Files (x86)\ON Semiconductor\RSL10 EDK oxigen\eclipse\..\lib\ble_core\release\libblelib.a(llm.o)
                0x001051b0                llm_common_cmd_status_send
 .text.llm_test_mode_start_tx
                0x001051cc      0x2a0 C:\Program Files (x86)\ON Semiconductor\RSL10 EDK oxigen\eclipse\..\lib\ble_core\release\libblelib.a(llm.o)
                0x001051cc                llm_test_mode_start_tx
 .text.llm_test_mode_start_rx
                0x0010546c       0xe8 C:\Program Files (x86)\ON Semiconductor\RSL10 EDK oxigen\eclipse\..\lib\ble_core\release\libblelib.a(llm.o)
                0x0010546c                llm_test_mode_start_rx
 .text.llm_set_adv_param
                0x00105554      0x184 C:\Program Files (x86)\ON Semiconductor\RSL10 EDK oxigen\eclipse\..\lib\ble_core\release\libblelib.a(llm.o)
                0x00105554                llm_set_adv_param
 .text.llm_set_adv_data
                0x001056d8       0xa4 C:\Program Files (x86)\ON Semiconductor\RSL10 EDK oxigen\eclipse\..\lib\ble_core\release\libblelib.a(llm.o)
                0x001056d8                llm_set_adv_data
 .text.llm_set_scan_rsp_data
                0x0010577c       0xa4 C:\Program Files (x86)\ON Semiconductor\RSL10 EDK oxigen\eclipse\..\lib\ble_core\release\libblelib.a(llm.o)
                0x0010577c                llm_set_scan_rsp_data
 .text.llm_set_scan_param
                0x00105820       0x94 C:\Program Files (x86)\ON Semiconductor\RSL10 EDK oxigen\eclipse\..\lib\ble_core\release\libblelib.a(llm.o)
                0x00105820                llm_set_scan_param
 .text.llm_wl_clr
                0x001058b4       0x9c C:\Program Files (x86)\ON Semiconductor\RSL10 EDK oxigen\eclipse\..\lib\ble_core\release\libblelib.a(llm.o)
                0x001058b4                llm_wl_clr
 .text.llm_init
                0x00105950      0x1d0 C:\Program Files (x86)\ON Semiconductor\RSL10 EDK oxigen\eclipse\..\lib\ble_core\release\libblelib.a(llm.o)
                0x00105950                llm_init
 .text.llm_wl_dev_add
                0x00105b20       0x84 C:\Program Files (x86)\ON Semiconductor\RSL10 EDK oxigen\eclipse\..\lib\ble_core\release\libblelib.a(llm.o)
                0x00105b20                llm_wl_dev_add
 .text.llm_wl_dev_rem
                0x00105ba4       0x70 C:\Program Files (x86)\ON Semiconductor\RSL10 EDK oxigen\eclipse\..\lib\ble_core\release\libblelib.a(llm.o)
                0x00105ba4                llm_wl_dev_rem
 .text.llm_wl_dev_add_hdl
                0x00105c14       0x84 C:\Program Files (x86)\ON Semiconductor\RSL10 EDK oxigen\eclipse\..\lib\ble_core\release\libblelib.a(llm.o)
                0x00105c14                llm_wl_dev_add_hdl
 .text.llm_wl_dev_rem_hdl
                0x00105c98       0x7c C:\Program Files (x86)\ON Semiconductor\RSL10 EDK oxigen\eclipse\..\lib\ble_core\release\libblelib.a(llm.o)
                0x00105c98                llm_wl_dev_rem_hdl
 .text.llm_encryption_start
                0x00105d14       0xb4 C:\Program Files (x86)\ON Semiconductor\RSL10 EDK oxigen\eclipse\..\lib\ble_core\release\libblelib.a(llm.o)
                0x00105d14                llm_encryption_start
 .text.llm_encryption_done
                0x00105dc8       0xac C:\Program Files (x86)\ON Semiconductor\RSL10 EDK oxigen\eclipse\..\lib\ble_core\release\libblelib.a(llm.o)
                0x00105dc8                llm_encryption_done
 .text.llm_ral_clear
                0x00105e74       0x2c C:\Program Files (x86)\ON Semiconductor\RSL10 EDK oxigen\eclipse\..\lib\ble_core\release\libblelib.a(llm.o)
                0x00105e74                llm_ral_clear
 .text.llm_ral_dev_add
                0x00105ea0      0x150 C:\Program Files (x86)\ON Semiconductor\RSL10 EDK oxigen\eclipse\..\lib\ble_core\release\libblelib.a(llm.o)
                0x00105ea0                llm_ral_dev_add
 .text.llm_ral_dev_rm
                0x00105ff0       0x40 C:\Program Files (x86)\ON Semiconductor\RSL10 EDK oxigen\eclipse\..\lib\ble_core\release\libblelib.a(llm.o)
                0x00105ff0                llm_ral_dev_rm
 .text.llm_ral_get_rpa
                0x00106030       0x8c C:\Program Files (x86)\ON Semiconductor\RSL10 EDK oxigen\eclipse\..\lib\ble_core\release\libblelib.a(llm.o)
                0x00106030                llm_ral_get_rpa
 .text.llm_ral_set_timeout
                0x001060bc       0x4c C:\Program Files (x86)\ON Semiconductor\RSL10 EDK oxigen\eclipse\..\lib\ble_core\release\libblelib.a(llm.o)
                0x001060bc                llm_ral_set_timeout
 .text.llm_ral_update
                0x00106108       0x38 C:\Program Files (x86)\ON Semiconductor\RSL10 EDK oxigen\eclipse\..\lib\ble_core\release\libblelib.a(llm.o)
                0x00106108                llm_ral_update
 .text.llm_set_adv_en
                0x00106140      0x14c C:\Program Files (x86)\ON Semiconductor\RSL10 EDK oxigen\eclipse\..\lib\ble_core\release\libblelib.a(llm.o)
                0x00106140                llm_set_adv_en
 .text.llm_set_scan_en
                0x0010628c       0xb0 C:\Program Files (x86)\ON Semiconductor\RSL10 EDK oxigen\eclipse\..\lib\ble_core\release\libblelib.a(llm.o)
                0x0010628c                llm_set_scan_en
 .text.llm_create_con
                0x0010633c      0x13c C:\Program Files (x86)\ON Semiconductor\RSL10 EDK oxigen\eclipse\..\lib\ble_core\release\libblelib.a(llm.o)
                0x0010633c                llm_create_con
 .text.llm_dft_handler
                0x00106478        0x4 C:\Program Files (x86)\ON Semiconductor\RSL10 EDK oxigen\eclipse\..\lib\ble_core\release\libblelib.a(llm_task.o)
 .text.llm_le_set_host_ch_class_cmd_sto_handler
                0x0010647c       0x10 C:\Program Files (x86)\ON Semiconductor\RSL10 EDK oxigen\eclipse\..\lib\ble_core\release\libblelib.a(llm_task.o)
 .text.llm_ecc_result_ind_handler
                0x0010648c      0x10c C:\Program Files (x86)\ON Semiconductor\RSL10 EDK oxigen\eclipse\..\lib\ble_core\release\libblelib.a(llm_task.o)
 .text.llm_enc_req_handler
                0x00106598       0x24 C:\Program Files (x86)\ON Semiconductor\RSL10 EDK oxigen\eclipse\..\lib\ble_core\release\libblelib.a(llm_task.o)
 .text.llm_le_enh_priv_addr_renew_timer_handler
                0x001065bc       0x4c C:\Program Files (x86)\ON Semiconductor\RSL10 EDK oxigen\eclipse\..\lib\ble_core\release\libblelib.a(llm_task.o)
 .text.lld_stop_ind_handler
                0x00106608       0x60 C:\Program Files (x86)\ON Semiconductor\RSL10 EDK oxigen\eclipse\..\lib\ble_core\release\libblelib.a(llm_task.o)
 .text.llm_util_bd_addr_wl_position
                0x00106668       0x68 C:\Program Files (x86)\ON Semiconductor\RSL10 EDK oxigen\eclipse\..\lib\ble_core\release\libblelib.a(llm_util.o)
                0x00106668                llm_util_bd_addr_wl_position
 .text.llm_util_check_address_validity
                0x001066d0       0x18 C:\Program Files (x86)\ON Semiconductor\RSL10 EDK oxigen\eclipse\..\lib\ble_core\release\libblelib.a(llm_util.o)
                0x001066d0                llm_util_check_address_validity
 .text.llm_util_check_map_validity
                0x001066e8       0x58 C:\Program Files (x86)\ON Semiconductor\RSL10 EDK oxigen\eclipse\..\lib\ble_core\release\libblelib.a(llm_util.o)
                0x001066e8                llm_util_check_map_validity
 .text.llm_util_apply_bd_addr
                0x00106740       0x20 C:\Program Files (x86)\ON Semiconductor\RSL10 EDK oxigen\eclipse\..\lib\ble_core\release\libblelib.a(llm_util.o)
                0x00106740                llm_util_apply_bd_addr
 .text.llm_util_check_evt_mask
                0x00106760       0x1c C:\Program Files (x86)\ON Semiconductor\RSL10 EDK oxigen\eclipse\..\lib\ble_core\release\libblelib.a(llm_util.o)
                0x00106760                llm_util_check_evt_mask
 .text.llm_util_get_channel_map
                0x0010677c       0x10 C:\Program Files (x86)\ON Semiconductor\RSL10 EDK oxigen\eclipse\..\lib\ble_core\release\libblelib.a(llm_util.o)
                0x0010677c                llm_util_get_channel_map
 .text.llm_util_get_supp_features
                0x0010678c       0x10 C:\Program Files (x86)\ON Semiconductor\RSL10 EDK oxigen\eclipse\..\lib\ble_core\release\libblelib.a(llm_util.o)
                0x0010678c                llm_util_get_supp_features
 .text.llm_util_adv_data_update
                0x0010679c       0x40 C:\Program Files (x86)\ON Semiconductor\RSL10 EDK oxigen\eclipse\..\lib\ble_core\release\libblelib.a(llm_util.o)
                0x0010679c                llm_util_adv_data_update
 .text.llm_util_bl_check
                0x001067dc       0x78 C:\Program Files (x86)\ON Semiconductor\RSL10 EDK oxigen\eclipse\..\lib\ble_core\release\libblelib.a(llm_util.o)
                0x001067dc                llm_util_bl_check
 .text.llm_util_bd_addr_in_wl
                0x00106854       0x50 C:\Program Files (x86)\ON Semiconductor\RSL10 EDK oxigen\eclipse\..\lib\ble_core\release\libblelib.a(llm_util.o)
                0x00106854                llm_util_bd_addr_in_wl
 .text.llm_util_get_default_phy
                0x001068a4       0x2c C:\Program Files (x86)\ON Semiconductor\RSL10 EDK oxigen\eclipse\..\lib\ble_core\release\libblelib.a(llm_util.o)
                0x001068a4                llm_util_get_default_phy
 .text.llm_util_bd_addr_in_ral
                0x001068d0       0x68 C:\Program Files (x86)\ON Semiconductor\RSL10 EDK oxigen\eclipse\..\lib\ble_core\release\libblelib.a(llm_util.o)
                0x001068d0                llm_util_bd_addr_in_ral
 .text.llm_util_bl_add
                0x00106938       0x98 C:\Program Files (x86)\ON Semiconductor\RSL10 EDK oxigen\eclipse\..\lib\ble_core\release\libblelib.a(llm_util.o)
                0x00106938                llm_util_bl_add
 .text.llm_util_bl_rem
                0x001069d0       0x74 C:\Program Files (x86)\ON Semiconductor\RSL10 EDK oxigen\eclipse\..\lib\ble_core\release\libblelib.a(llm_util.o)
                0x001069d0                llm_util_bl_rem
 .text.llm_end_evt_defer
                0x00106a44       0xd0 C:\Program Files (x86)\ON Semiconductor\RSL10 EDK oxigen\eclipse\..\lib\ble_core\release\libblelib.a(llm_util.o)
                0x00106a44                llm_end_evt_defer
 .text.llm_pdu_defer
                0x00106b14       0x88 C:\Program Files (x86)\ON Semiconductor\RSL10 EDK oxigen\eclipse\..\lib\ble_core\release\libblelib.a(llm_util.o)
                0x00106b14                llm_pdu_defer
 .text.lld_init
                0x00106b9c      0x280 C:\Program Files (x86)\ON Semiconductor\RSL10 EDK oxigen\eclipse\..\lib\ble_core\release\libblelib.a(lld.o)
                0x00106b9c                lld_init
 .text.lld_core_reset
                0x00106e1c       0x64 C:\Program Files (x86)\ON Semiconductor\RSL10 EDK oxigen\eclipse\..\lib\ble_core\release\libblelib.a(lld.o)
                0x00106e1c                lld_core_reset
 .text.lld_adv_start
                0x00106e80      0x28c C:\Program Files (x86)\ON Semiconductor\RSL10 EDK oxigen\eclipse\..\lib\ble_core\release\libblelib.a(lld.o)
                0x00106e80                lld_adv_start
 .text.lld_adv_stop
                0x0010710c       0x2c C:\Program Files (x86)\ON Semiconductor\RSL10 EDK oxigen\eclipse\..\lib\ble_core\release\libblelib.a(lld.o)
                0x0010710c                lld_adv_stop
 .text.lld_scan_start
                0x00107138      0x20c C:\Program Files (x86)\ON Semiconductor\RSL10 EDK oxigen\eclipse\..\lib\ble_core\release\libblelib.a(lld.o)
                0x00107138                lld_scan_start
 .text.lld_scan_stop
                0x00107344       0x2c C:\Program Files (x86)\ON Semiconductor\RSL10 EDK oxigen\eclipse\..\lib\ble_core\release\libblelib.a(lld.o)
                0x00107344                lld_scan_stop
 .text.lld_con_start
                0x00107370      0x684 C:\Program Files (x86)\ON Semiconductor\RSL10 EDK oxigen\eclipse\..\lib\ble_core\release\libblelib.a(lld.o)
                0x00107370                lld_con_start
 .text.lld_move_to_master
                0x001079f4      0x104 C:\Program Files (x86)\ON Semiconductor\RSL10 EDK oxigen\eclipse\..\lib\ble_core\release\libblelib.a(lld.o)
                0x001079f4                lld_move_to_master
 .text.lld_con_update_req
                0x00107af8       0x68 C:\Program Files (x86)\ON Semiconductor\RSL10 EDK oxigen\eclipse\..\lib\ble_core\release\libblelib.a(lld.o)
                0x00107af8                lld_con_update_req
 .text.lld_con_update_after_param_req
                0x00107b60      0x284 C:\Program Files (x86)\ON Semiconductor\RSL10 EDK oxigen\eclipse\..\lib\ble_core\release\libblelib.a(lld.o)
                0x00107b60                lld_con_update_after_param_req
 .text.lld_con_param_rsp
                0x00107de4      0x110 C:\Program Files (x86)\ON Semiconductor\RSL10 EDK oxigen\eclipse\..\lib\ble_core\release\libblelib.a(lld.o)
                0x00107de4                lld_con_param_rsp
 .text.lld_con_param_req
                0x00107ef4       0xcc C:\Program Files (x86)\ON Semiconductor\RSL10 EDK oxigen\eclipse\..\lib\ble_core\release\libblelib.a(lld.o)
                0x00107ef4                lld_con_param_req
 .text.lld_con_stop
                0x00107fc0        0x8 C:\Program Files (x86)\ON Semiconductor\RSL10 EDK oxigen\eclipse\..\lib\ble_core\release\libblelib.a(lld.o)
                0x00107fc0                lld_con_stop
 .text.lld_get_mode
                0x00107fc8       0x2c C:\Program Files (x86)\ON Semiconductor\RSL10 EDK oxigen\eclipse\..\lib\ble_core\release\libblelib.a(lld.o)
                0x00107fc8                lld_get_mode
 .text.lld_move_to_slave
                0x00107ff4      0x20c C:\Program Files (x86)\ON Semiconductor\RSL10 EDK oxigen\eclipse\..\lib\ble_core\release\libblelib.a(lld.o)
                0x00107ff4                lld_move_to_slave
 .text.lld_ch_map_ind
                0x00108200       0x4c C:\Program Files (x86)\ON Semiconductor\RSL10 EDK oxigen\eclipse\..\lib\ble_core\release\libblelib.a(lld.o)
                0x00108200                lld_ch_map_ind
 .text.lld_con_update_ind
                0x0010824c        0xc C:\Program Files (x86)\ON Semiconductor\RSL10 EDK oxigen\eclipse\..\lib\ble_core\release\libblelib.a(lld.o)
                0x0010824c                lld_con_update_ind
 .text.lld_crypt_isr
                0x00108258        0x8 C:\Program Files (x86)\ON Semiconductor\RSL10 EDK oxigen\eclipse\..\lib\ble_core\release\libblelib.a(lld.o)
                0x00108258                lld_crypt_isr
 .text.lld_test_mode_tx
                0x00108260      0x138 C:\Program Files (x86)\ON Semiconductor\RSL10 EDK oxigen\eclipse\..\lib\ble_core\release\libblelib.a(lld.o)
                0x00108260                lld_test_mode_tx
 .text.lld_test_mode_rx
                0x00108398      0x13c C:\Program Files (x86)\ON Semiconductor\RSL10 EDK oxigen\eclipse\..\lib\ble_core\release\libblelib.a(lld.o)
                0x00108398                lld_test_mode_rx
 .text.lld_test_stop
                0x001084d4       0x3c C:\Program Files (x86)\ON Semiconductor\RSL10 EDK oxigen\eclipse\..\lib\ble_core\release\libblelib.a(lld.o)
                0x001084d4                lld_test_stop
 .text.lld_ral_renew_req
                0x00108510       0x30 C:\Program Files (x86)\ON Semiconductor\RSL10 EDK oxigen\eclipse\..\lib\ble_core\release\libblelib.a(lld.o)
                0x00108510                lld_ral_renew_req
 .text.lld_pdu_llcp_con_param_req_unpk
                0x00108540      0x128 C:\Program Files (x86)\ON Semiconductor\RSL10 EDK oxigen\eclipse\..\lib\ble_core\release\libblelib.a(lld_pdu.o)
 .text.lld_pdu_llcp_con_param_rsp_unpk
                0x00108668      0x128 C:\Program Files (x86)\ON Semiconductor\RSL10 EDK oxigen\eclipse\..\lib\ble_core\release\libblelib.a(lld_pdu.o)
 .text.lld_pdu_llcp_length_req_unpk
                0x00108790       0x64 C:\Program Files (x86)\ON Semiconductor\RSL10 EDK oxigen\eclipse\..\lib\ble_core\release\libblelib.a(lld_pdu.o)
 .text.lld_pdu_llcp_length_rsp_unpk
                0x001087f4       0x64 C:\Program Files (x86)\ON Semiconductor\RSL10 EDK oxigen\eclipse\..\lib\ble_core\release\libblelib.a(lld_pdu.o)
 .text.lld_pdu_llcp_phy_upd_req_unpk
                0x00108858       0x3c C:\Program Files (x86)\ON Semiconductor\RSL10 EDK oxigen\eclipse\..\lib\ble_core\release\libblelib.a(lld_pdu.o)
 .text.lld_pdu_pack
                0x00108894       0xfc C:\Program Files (x86)\ON Semiconductor\RSL10 EDK oxigen\eclipse\..\lib\ble_core\release\libblelib.a(lld_pdu.o)
 .text.lld_pdu_tx_flush_list
                0x00108990       0x74 C:\Program Files (x86)\ON Semiconductor\RSL10 EDK oxigen\eclipse\..\lib\ble_core\release\libblelib.a(lld_pdu.o)
 .text.lld_pdu_cntl_aligned_unpk
                0x00108a04       0x18 C:\Program Files (x86)\ON Semiconductor\RSL10 EDK oxigen\eclipse\..\lib\ble_core\release\libblelib.a(lld_pdu.o)
 .text.lld_pdu_check
                0x00108a1c      0x220 C:\Program Files (x86)\ON Semiconductor\RSL10 EDK oxigen\eclipse\..\lib\ble_core\release\libblelib.a(lld_pdu.o)
                0x00108a1c                lld_pdu_check
 .text.lld_pdu_tx_loop
                0x00108c3c       0x48 C:\Program Files (x86)\ON Semiconductor\RSL10 EDK oxigen\eclipse\..\lib\ble_core\release\libblelib.a(lld_pdu.o)
                0x00108c3c                lld_pdu_tx_loop
 .text.lld_pdu_data_tx_push
                0x00108c84       0x90 C:\Program Files (x86)\ON Semiconductor\RSL10 EDK oxigen\eclipse\..\lib\ble_core\release\libblelib.a(lld_pdu.o)
                0x00108c84                lld_pdu_data_tx_push
 .text.lld_pdu_data_send
                0x00108d14       0x5c C:\Program Files (x86)\ON Semiconductor\RSL10 EDK oxigen\eclipse\..\lib\ble_core\release\libblelib.a(lld_pdu.o)
                0x00108d14                lld_pdu_data_send
 .text.lld_pdu_tx_push
                0x00108d70       0x5c C:\Program Files (x86)\ON Semiconductor\RSL10 EDK oxigen\eclipse\..\lib\ble_core\release\libblelib.a(lld_pdu.o)
                0x00108d70                lld_pdu_tx_push
 .text.lld_pdu_tx_prog
                0x00108dcc      0x400 C:\Program Files (x86)\ON Semiconductor\RSL10 EDK oxigen\eclipse\..\lib\ble_core\release\libblelib.a(lld_pdu.o)
                0x00108dcc                lld_pdu_tx_prog
 .text.lld_pdu_tx_flush
                0x001091cc       0x7c C:\Program Files (x86)\ON Semiconductor\RSL10 EDK oxigen\eclipse\..\lib\ble_core\release\libblelib.a(lld_pdu.o)
                0x001091cc                lld_pdu_tx_flush
 .text.lld_pdu_adv_pack
                0x00109248       0x20 C:\Program Files (x86)\ON Semiconductor\RSL10 EDK oxigen\eclipse\..\lib\ble_core\release\libblelib.a(lld_pdu.o)
                0x00109248                lld_pdu_adv_pack
 .text.lld_pdu_rx_handler
                0x00109268      0x314 C:\Program Files (x86)\ON Semiconductor\RSL10 EDK oxigen\eclipse\..\lib\ble_core\release\libblelib.a(lld_pdu.o)
                0x00109268                lld_pdu_rx_handler
 .text.lld_util_instant_get
                0x0010957c       0x18 C:\Program Files (x86)\ON Semiconductor\RSL10 EDK oxigen\eclipse\..\lib\ble_core\release\libblelib.a(lld_util.o)
                0x0010957c                lld_util_instant_get
 .text.lld_util_set_bd_address
                0x00109594       0x48 C:\Program Files (x86)\ON Semiconductor\RSL10 EDK oxigen\eclipse\..\lib\ble_core\release\libblelib.a(lld_util.o)
                0x00109594                lld_util_set_bd_address
 .text.lld_util_ral_force_rpa_renew
                0x001095dc       0x44 C:\Program Files (x86)\ON Semiconductor\RSL10 EDK oxigen\eclipse\..\lib\ble_core\release\libblelib.a(lld_util.o)
                0x001095dc                lld_util_ral_force_rpa_renew
 .text.lld_util_freq2chnl
                0x00109620       0x20 C:\Program Files (x86)\ON Semiconductor\RSL10 EDK oxigen\eclipse\..\lib\ble_core\release\libblelib.a(lld_util.o)
                0x00109620                lld_util_freq2chnl
 .text.lld_util_get_local_offset
                0x00109640       0x18 C:\Program Files (x86)\ON Semiconductor\RSL10 EDK oxigen\eclipse\..\lib\ble_core\release\libblelib.a(lld_util.o)
                0x00109640                lld_util_get_local_offset
 .text.lld_util_get_peer_offset
                0x00109658       0x1c C:\Program Files (x86)\ON Semiconductor\RSL10 EDK oxigen\eclipse\..\lib\ble_core\release\libblelib.a(lld_util.o)
                0x00109658                lld_util_get_peer_offset
 .text.lld_util_connection_param_set
                0x00109674       0x4c C:\Program Files (x86)\ON Semiconductor\RSL10 EDK oxigen\eclipse\..\lib\ble_core\release\libblelib.a(lld_util.o)
                0x00109674                lld_util_connection_param_set
 .text.lld_util_dle_set_cs_fields
                0x001096c0       0x30 C:\Program Files (x86)\ON Semiconductor\RSL10 EDK oxigen\eclipse\..\lib\ble_core\release\libblelib.a(lld_util.o)
                0x001096c0                lld_util_dle_set_cs_fields
 .text.lld_util_anchor_point_move
                0x001096f0       0xf8 C:\Program Files (x86)\ON Semiconductor\RSL10 EDK oxigen\eclipse\..\lib\ble_core\release\libblelib.a(lld_util.o)
                0x001096f0                lld_util_anchor_point_move
 .text.lld_util_flush_list
                0x001097e8       0x18 C:\Program Files (x86)\ON Semiconductor\RSL10 EDK oxigen\eclipse\..\lib\ble_core\release\libblelib.a(lld_util.o)
                0x001097e8                lld_util_flush_list
 .text.lld_util_instant_ongoing
                0x00109800        0xc C:\Program Files (x86)\ON Semiconductor\RSL10 EDK oxigen\eclipse\..\lib\ble_core\release\libblelib.a(lld_util.o)
                0x00109800                lld_util_instant_ongoing
 .text.lld_util_compute_ce_max
                0x0010980c       0xbc C:\Program Files (x86)\ON Semiconductor\RSL10 EDK oxigen\eclipse\..\lib\ble_core\release\libblelib.a(lld_util.o)
                0x0010980c                lld_util_compute_ce_max
 .text.lld_util_priority_set
                0x001098c8       0x78 C:\Program Files (x86)\ON Semiconductor\RSL10 EDK oxigen\eclipse\..\lib\ble_core\release\libblelib.a(lld_util.o)
                0x001098c8                lld_util_priority_set
 .text.lld_util_get_tx_pkt_cnt
                0x00109940        0x8 C:\Program Files (x86)\ON Semiconductor\RSL10 EDK oxigen\eclipse\..\lib\ble_core\release\libblelib.a(lld_util.o)
                0x00109940                lld_util_get_tx_pkt_cnt
 .text.lld_util_get_phys
                0x00109948       0x3c C:\Program Files (x86)\ON Semiconductor\RSL10 EDK oxigen\eclipse\..\lib\ble_core\release\libblelib.a(lld_util.o)
                0x00109948                lld_util_get_phys
 .text.lld_util_phy_update_ind
                0x00109984       0x78 C:\Program Files (x86)\ON Semiconductor\RSL10 EDK oxigen\eclipse\..\lib\ble_core\release\libblelib.a(lld_util.o)
                0x00109984                lld_util_phy_update_ind
 .text.lld_util_phy_update_req
                0x001099fc       0x40 C:\Program Files (x86)\ON Semiconductor\RSL10 EDK oxigen\eclipse\..\lib\ble_core\release\libblelib.a(lld_util.o)
                0x001099fc                lld_util_phy_update_req
 .text.lld_util_eff_tx_time_set
                0x00109a3c        0xc C:\Program Files (x86)\ON Semiconductor\RSL10 EDK oxigen\eclipse\..\lib\ble_core\release\libblelib.a(lld_util.o)
                0x00109a3c                lld_util_eff_tx_time_set
 .text.lld_wlcoex_set
                0x00109a48       0x1c C:\Program Files (x86)\ON Semiconductor\RSL10 EDK oxigen\eclipse\..\lib\ble_core\release\libblelib.a(lld_wlcoex.o)
                0x00109a48                lld_wlcoex_set
 .text.llc_init
                0x00109a64       0x38 C:\Program Files (x86)\ON Semiconductor\RSL10 EDK oxigen\eclipse\..\lib\ble_core\release\libblelib.a(llc.o)
                0x00109a64                llc_init
 .text.llc_stop
                0x00109a9c       0x50 C:\Program Files (x86)\ON Semiconductor\RSL10 EDK oxigen\eclipse\..\lib\ble_core\release\libblelib.a(llc.o)
                0x00109a9c                llc_stop
 .text.llc_reset
                0x00109aec       0x28 C:\Program Files (x86)\ON Semiconductor\RSL10 EDK oxigen\eclipse\..\lib\ble_core\release\libblelib.a(llc.o)
                0x00109aec                llc_reset
 .text.llc_discon_event_complete_send
                0x00109b14       0x24 C:\Program Files (x86)\ON Semiconductor\RSL10 EDK oxigen\eclipse\..\lib\ble_core\release\libblelib.a(llc.o)
                0x00109b14                llc_discon_event_complete_send
 .text.llc_le_con_cmp_evt_send
                0x00109b38      0x244 C:\Program Files (x86)\ON Semiconductor\RSL10 EDK oxigen\eclipse\..\lib\ble_core\release\libblelib.a(llc.o)
                0x00109b38                llc_le_con_cmp_evt_send
 .text.llc_start
                0x00109d7c      0x178 C:\Program Files (x86)\ON Semiconductor\RSL10 EDK oxigen\eclipse\..\lib\ble_core\release\libblelib.a(llc.o)
                0x00109d7c                llc_start
 .text.llc_con_update_complete_send
                0x00109ef4       0x6c C:\Program Files (x86)\ON Semiconductor\RSL10 EDK oxigen\eclipse\..\lib\ble_core\release\libblelib.a(llc.o)
                0x00109ef4                llc_con_update_complete_send
 .text.llc_ltk_req_send
                0x00109f60       0x38 C:\Program Files (x86)\ON Semiconductor\RSL10 EDK oxigen\eclipse\..\lib\ble_core\release\libblelib.a(llc.o)
                0x00109f60                llc_ltk_req_send
 .text.llc_feats_rd_event_send
                0x00109f98       0x38 C:\Program Files (x86)\ON Semiconductor\RSL10 EDK oxigen\eclipse\..\lib\ble_core\release\libblelib.a(llc.o)
                0x00109f98                llc_feats_rd_event_send
 .text.llc_version_rd_event_send
                0x00109fd0       0x3c C:\Program Files (x86)\ON Semiconductor\RSL10 EDK oxigen\eclipse\..\lib\ble_core\release\libblelib.a(llc.o)
                0x00109fd0                llc_version_rd_event_send
 .text.llc_common_cmd_complete_send
                0x0010a00c       0x20 C:\Program Files (x86)\ON Semiconductor\RSL10 EDK oxigen\eclipse\..\lib\ble_core\release\libblelib.a(llc.o)
                0x0010a00c                llc_common_cmd_complete_send
 .text.llc_common_cmd_status_send
                0x0010a02c       0x20 C:\Program Files (x86)\ON Semiconductor\RSL10 EDK oxigen\eclipse\..\lib\ble_core\release\libblelib.a(llc.o)
                0x0010a02c                llc_common_cmd_status_send
 .text.llc_common_flush_occurred_send
                0x0010a04c       0x1c C:\Program Files (x86)\ON Semiconductor\RSL10 EDK oxigen\eclipse\..\lib\ble_core\release\libblelib.a(llc.o)
                0x0010a04c                llc_common_flush_occurred_send
 .text.llc_common_enc_key_ref_comp_evt_send
                0x0010a068       0x20 C:\Program Files (x86)\ON Semiconductor\RSL10 EDK oxigen\eclipse\..\lib\ble_core\release\libblelib.a(llc.o)
                0x0010a068                llc_common_enc_key_ref_comp_evt_send
 .text.llc_common_enc_change_evt_send
                0x0010a088       0x78 C:\Program Files (x86)\ON Semiconductor\RSL10 EDK oxigen\eclipse\..\lib\ble_core\release\libblelib.a(llc.o)
                0x0010a088                llc_common_enc_change_evt_send
 .text.llc_common_nb_of_pkt_comp_evt_send
                0x0010a100       0x24 C:\Program Files (x86)\ON Semiconductor\RSL10 EDK oxigen\eclipse\..\lib\ble_core\release\libblelib.a(llc.o)
                0x0010a100                llc_common_nb_of_pkt_comp_evt_send
 .text.llc_con_update_ind
                0x0010a124       0x54 C:\Program Files (x86)\ON Semiconductor\RSL10 EDK oxigen\eclipse\..\lib\ble_core\release\libblelib.a(llc.o)
                0x0010a124                llc_con_update_ind
 .text.llc_lsto_con_update
                0x0010a178       0x44 C:\Program Files (x86)\ON Semiconductor\RSL10 EDK oxigen\eclipse\..\lib\ble_core\release\libblelib.a(llc.o)
                0x0010a178                llc_lsto_con_update
 .text.llc_map_update_ind
                0x0010a1bc       0x64 C:\Program Files (x86)\ON Semiconductor\RSL10 EDK oxigen\eclipse\..\lib\ble_core\release\libblelib.a(llc.o)
                0x0010a1bc                llc_map_update_ind
 .text.llc_con_update_finished
                0x0010a220       0x84 C:\Program Files (x86)\ON Semiconductor\RSL10 EDK oxigen\eclipse\..\lib\ble_core\release\libblelib.a(llc.o)
                0x0010a220                llc_con_update_finished
 .text.llc_map_update_finished
                0x0010a2a4       0x7c C:\Program Files (x86)\ON Semiconductor\RSL10 EDK oxigen\eclipse\..\lib\ble_core\release\libblelib.a(llc.o)
                0x0010a2a4                llc_map_update_finished
 .text.llc_phy_update_complete_send
                0x0010a320       0x2c C:\Program Files (x86)\ON Semiconductor\RSL10 EDK oxigen\eclipse\..\lib\ble_core\release\libblelib.a(llc.o)
                0x0010a320                llc_phy_update_complete_send
 .text.llc_phy_update_finished
                0x0010a34c       0xb8 C:\Program Files (x86)\ON Semiconductor\RSL10 EDK oxigen\eclipse\..\lib\ble_core\release\libblelib.a(llc.o)
                0x0010a34c                llc_phy_update_finished
 .text.llc_llcp_send
                0x0010a404       0x9c C:\Program Files (x86)\ON Semiconductor\RSL10 EDK oxigen\eclipse\..\lib\ble_core\release\libblelib.a(llc_llcp.o)
 .text.llcp_ping_rsp_handler
                0x0010a4a0       0x5c C:\Program Files (x86)\ON Semiconductor\RSL10 EDK oxigen\eclipse\..\lib\ble_core\release\libblelib.a(llc_llcp.o)
 .text.llcp_enc_rsp_handler
                0x0010a4fc      0x110 C:\Program Files (x86)\ON Semiconductor\RSL10 EDK oxigen\eclipse\..\lib\ble_core\release\libblelib.a(llc_llcp.o)
 .text.llcp_terminate_ind_handler
                0x0010a60c       0x50 C:\Program Files (x86)\ON Semiconductor\RSL10 EDK oxigen\eclipse\..\lib\ble_core\release\libblelib.a(llc_llcp.o)
 .text.llc_llcp_reject_ind
                0x0010a65c      0x258 C:\Program Files (x86)\ON Semiconductor\RSL10 EDK oxigen\eclipse\..\lib\ble_core\release\libblelib.a(llc_llcp.o)
 .text.llcp_reject_ind_ext_handler
                0x0010a8b4       0x10 C:\Program Files (x86)\ON Semiconductor\RSL10 EDK oxigen\eclipse\..\lib\ble_core\release\libblelib.a(llc_llcp.o)
 .text.llcp_reject_ind_handler
                0x0010a8c4       0x10 C:\Program Files (x86)\ON Semiconductor\RSL10 EDK oxigen\eclipse\..\lib\ble_core\release\libblelib.a(llc_llcp.o)
 .text.llcp_pause_enc_req_handler
                0x0010a8d4       0xd8 C:\Program Files (x86)\ON Semiconductor\RSL10 EDK oxigen\eclipse\..\lib\ble_core\release\libblelib.a(llc_llcp.o)
 .text.llcp_start_enc_req_handler
                0x0010a9ac       0x6c C:\Program Files (x86)\ON Semiconductor\RSL10 EDK oxigen\eclipse\..\lib\ble_core\release\libblelib.a(llc_llcp.o)
 .text.llcp_enc_req_handler
                0x0010aa18       0xe8 C:\Program Files (x86)\ON Semiconductor\RSL10 EDK oxigen\eclipse\..\lib\ble_core\release\libblelib.a(llc_llcp.o)
 .text.llcp_unknown_rsp_handler
                0x0010ab00      0x248 C:\Program Files (x86)\ON Semiconductor\RSL10 EDK oxigen\eclipse\..\lib\ble_core\release\libblelib.a(llc_llcp.o)
 .text.llcp_ping_req_handler
                0x0010ad48       0x3c C:\Program Files (x86)\ON Semiconductor\RSL10 EDK oxigen\eclipse\..\lib\ble_core\release\libblelib.a(llc_llcp.o)
 .text.llc_llcp_version_ind_pdu_send
                0x0010ad84       0x2c C:\Program Files (x86)\ON Semiconductor\RSL10 EDK oxigen\eclipse\..\lib\ble_core\release\libblelib.a(llc_llcp.o)
                0x0010ad84                llc_llcp_version_ind_pdu_send
 .text.llcp_vers_ind_handler
                0x0010adb0       0xa0 C:\Program Files (x86)\ON Semiconductor\RSL10 EDK oxigen\eclipse\..\lib\ble_core\release\libblelib.a(llc_llcp.o)
 .text.llc_llcp_ch_map_update_pdu_send
                0x0010ae50       0x44 C:\Program Files (x86)\ON Semiconductor\RSL10 EDK oxigen\eclipse\..\lib\ble_core\release\libblelib.a(llc_llcp.o)
                0x0010ae50                llc_llcp_ch_map_update_pdu_send
 .text.llc_llcp_pause_enc_req_pdu_send
                0x0010ae94       0x34 C:\Program Files (x86)\ON Semiconductor\RSL10 EDK oxigen\eclipse\..\lib\ble_core\release\libblelib.a(llc_llcp.o)
                0x0010ae94                llc_llcp_pause_enc_req_pdu_send
 .text.llc_llcp_pause_enc_rsp_pdu_send
                0x0010aec8       0x44 C:\Program Files (x86)\ON Semiconductor\RSL10 EDK oxigen\eclipse\..\lib\ble_core\release\libblelib.a(llc_llcp.o)
                0x0010aec8                llc_llcp_pause_enc_rsp_pdu_send
 .text.llcp_pause_enc_rsp_handler
                0x0010af0c       0xf0 C:\Program Files (x86)\ON Semiconductor\RSL10 EDK oxigen\eclipse\..\lib\ble_core\release\libblelib.a(llc_llcp.o)
 .text.llc_llcp_enc_req_pdu_send
                0x0010affc      0x100 C:\Program Files (x86)\ON Semiconductor\RSL10 EDK oxigen\eclipse\..\lib\ble_core\release\libblelib.a(llc_llcp.o)
                0x0010affc                llc_llcp_enc_req_pdu_send
 .text.llc_llcp_enc_rsp_pdu_send
                0x0010b0fc       0x84 C:\Program Files (x86)\ON Semiconductor\RSL10 EDK oxigen\eclipse\..\lib\ble_core\release\libblelib.a(llc_llcp.o)
                0x0010b0fc                llc_llcp_enc_rsp_pdu_send
 .text.llc_llcp_start_enc_rsp_pdu_send
                0x0010b180       0x58 C:\Program Files (x86)\ON Semiconductor\RSL10 EDK oxigen\eclipse\..\lib\ble_core\release\libblelib.a(llc_llcp.o)
                0x0010b180                llc_llcp_start_enc_rsp_pdu_send
 .text.llcp_start_enc_rsp_handler
                0x0010b1d8      0x178 C:\Program Files (x86)\ON Semiconductor\RSL10 EDK oxigen\eclipse\..\lib\ble_core\release\libblelib.a(llc_llcp.o)
 .text.llc_llcp_reject_ind_pdu_send
                0x0010b350       0x6c C:\Program Files (x86)\ON Semiconductor\RSL10 EDK oxigen\eclipse\..\lib\ble_core\release\libblelib.a(llc_llcp.o)
                0x0010b350                llc_llcp_reject_ind_pdu_send
 .text.llcp_phy_upd_ind_handler
                0x0010b3bc      0x28c C:\Program Files (x86)\ON Semiconductor\RSL10 EDK oxigen\eclipse\..\lib\ble_core\release\libblelib.a(llc_llcp.o)
 .text.llcp_phy_rsp_handler
                0x0010b648       0x70 C:\Program Files (x86)\ON Semiconductor\RSL10 EDK oxigen\eclipse\..\lib\ble_core\release\libblelib.a(llc_llcp.o)
 .text.llcp_length_rsp_handler
                0x0010b6b8      0x170 C:\Program Files (x86)\ON Semiconductor\RSL10 EDK oxigen\eclipse\..\lib\ble_core\release\libblelib.a(llc_llcp.o)
 .text.llcp_con_param_rsp_handler
                0x0010b828      0x100 C:\Program Files (x86)\ON Semiconductor\RSL10 EDK oxigen\eclipse\..\lib\ble_core\release\libblelib.a(llc_llcp.o)
 .text.llcp_feats_rsp_handler
                0x0010b928       0xa8 C:\Program Files (x86)\ON Semiconductor\RSL10 EDK oxigen\eclipse\..\lib\ble_core\release\libblelib.a(llc_llcp.o)
 .text.llcp_channel_map_ind_handler
                0x0010b9d0      0x178 C:\Program Files (x86)\ON Semiconductor\RSL10 EDK oxigen\eclipse\..\lib\ble_core\release\libblelib.a(llc_llcp.o)
 .text.llcp_con_upd_ind_handler
                0x0010bb48      0x1c4 C:\Program Files (x86)\ON Semiconductor\RSL10 EDK oxigen\eclipse\..\lib\ble_core\release\libblelib.a(llc_llcp.o)
 .text.llcp_phy_req_handler
                0x0010bd0c      0x184 C:\Program Files (x86)\ON Semiconductor\RSL10 EDK oxigen\eclipse\..\lib\ble_core\release\libblelib.a(llc_llcp.o)
 .text.llc_llcp_con_update_pdu_send
                0x0010be90       0x40 C:\Program Files (x86)\ON Semiconductor\RSL10 EDK oxigen\eclipse\..\lib\ble_core\release\libblelib.a(llc_llcp.o)
                0x0010be90                llc_llcp_con_update_pdu_send
 .text.llc_llcp_con_param_req_pdu_send
                0x0010bed0       0x70 C:\Program Files (x86)\ON Semiconductor\RSL10 EDK oxigen\eclipse\..\lib\ble_core\release\libblelib.a(llc_llcp.o)
                0x0010bed0                llc_llcp_con_param_req_pdu_send
 .text.llc_llcp_con_param_rsp_pdu_send
                0x0010bf40       0x70 C:\Program Files (x86)\ON Semiconductor\RSL10 EDK oxigen\eclipse\..\lib\ble_core\release\libblelib.a(llc_llcp.o)
                0x0010bf40                llc_llcp_con_param_rsp_pdu_send
 .text.llcp_con_param_req_handler
                0x0010bfb0      0x254 C:\Program Files (x86)\ON Semiconductor\RSL10 EDK oxigen\eclipse\..\lib\ble_core\release\libblelib.a(llc_llcp.o)
 .text.llc_llcp_feats_req_pdu_send
                0x0010c204       0x30 C:\Program Files (x86)\ON Semiconductor\RSL10 EDK oxigen\eclipse\..\lib\ble_core\release\libblelib.a(llc_llcp.o)
                0x0010c204                llc_llcp_feats_req_pdu_send
 .text.llc_llcp_feats_rsp_pdu_send
                0x0010c234       0x28 C:\Program Files (x86)\ON Semiconductor\RSL10 EDK oxigen\eclipse\..\lib\ble_core\release\libblelib.a(llc_llcp.o)
                0x0010c234                llc_llcp_feats_rsp_pdu_send
 .text.llcp_feats_req_handler
                0x0010c25c       0x50 C:\Program Files (x86)\ON Semiconductor\RSL10 EDK oxigen\eclipse\..\lib\ble_core\release\libblelib.a(llc_llcp.o)
 .text.llcp_slave_feature_req_handler
                0x0010c2ac        0x4 C:\Program Files (x86)\ON Semiconductor\RSL10 EDK oxigen\eclipse\..\lib\ble_core\release\libblelib.a(llc_llcp.o)
 .text.llc_llcp_start_enc_req_pdu_send
                0x0010c2b0       0x88 C:\Program Files (x86)\ON Semiconductor\RSL10 EDK oxigen\eclipse\..\lib\ble_core\release\libblelib.a(llc_llcp.o)
                0x0010c2b0                llc_llcp_start_enc_req_pdu_send
 .text.llc_llcp_terminate_ind_pdu_send
                0x0010c338       0x64 C:\Program Files (x86)\ON Semiconductor\RSL10 EDK oxigen\eclipse\..\lib\ble_core\release\libblelib.a(llc_llcp.o)
                0x0010c338                llc_llcp_terminate_ind_pdu_send
 .text.llc_llcp_ping_req_pdu_send
                0x0010c39c       0x18 C:\Program Files (x86)\ON Semiconductor\RSL10 EDK oxigen\eclipse\..\lib\ble_core\release\libblelib.a(llc_llcp.o)
                0x0010c39c                llc_llcp_ping_req_pdu_send
 .text.llc_llcp_length_req_pdu_send
                0x0010c3b4       0x44 C:\Program Files (x86)\ON Semiconductor\RSL10 EDK oxigen\eclipse\..\lib\ble_core\release\libblelib.a(llc_llcp.o)
                0x0010c3b4                llc_llcp_length_req_pdu_send
 .text.llc_llcp_length_rsp_pdu_send
                0x0010c3f8       0x44 C:\Program Files (x86)\ON Semiconductor\RSL10 EDK oxigen\eclipse\..\lib\ble_core\release\libblelib.a(llc_llcp.o)
                0x0010c3f8                llc_llcp_length_rsp_pdu_send
 .text.llcp_length_req_handler
                0x0010c43c      0x128 C:\Program Files (x86)\ON Semiconductor\RSL10 EDK oxigen\eclipse\..\lib\ble_core\release\libblelib.a(llc_llcp.o)
 .text.llc_llcp_phy_req_pdu_send
                0x0010c564       0x24 C:\Program Files (x86)\ON Semiconductor\RSL10 EDK oxigen\eclipse\..\lib\ble_core\release\libblelib.a(llc_llcp.o)
                0x0010c564                llc_llcp_phy_req_pdu_send
 .text.llc_llcp_phy_upd_ind_pdu_send
                0x0010c588       0x2c C:\Program Files (x86)\ON Semiconductor\RSL10 EDK oxigen\eclipse\..\lib\ble_core\release\libblelib.a(llc_llcp.o)
                0x0010c588                llc_llcp_phy_upd_ind_pdu_send
 .text.llc_llcp_recv_handler
                0x0010c5b4       0xbc C:\Program Files (x86)\ON Semiconductor\RSL10 EDK oxigen\eclipse\..\lib\ble_core\release\libblelib.a(llc_llcp.o)
                0x0010c5b4                llc_llcp_recv_handler
 .text.llc_llcp_get_autorize
                0x0010c670       0x14 C:\Program Files (x86)\ON Semiconductor\RSL10 EDK oxigen\eclipse\..\lib\ble_core\release\libblelib.a(llc_llcp.o)
                0x0010c670                llc_llcp_get_autorize
 .text.llc_dft_handler
                0x0010c684        0x4 C:\Program Files (x86)\ON Semiconductor\RSL10 EDK oxigen\eclipse\..\lib\ble_core\release\libblelib.a(llc_task.o)
 .text.llm_enc_ind_handler
                0x0010c688       0xe4 C:\Program Files (x86)\ON Semiconductor\RSL10 EDK oxigen\eclipse\..\lib\ble_core\release\libblelib.a(llc_task.o)
 .text.llc_llcp_recv_ind_handler
                0x0010c76c       0x18 C:\Program Files (x86)\ON Semiconductor\RSL10 EDK oxigen\eclipse\..\lib\ble_core\release\libblelib.a(llc_task.o)
 .text.llc_phy_upd_req_ind_handler
                0x0010c784      0x348 C:\Program Files (x86)\ON Semiconductor\RSL10 EDK oxigen\eclipse\..\lib\ble_core\release\libblelib.a(llc_task.o)
 .text.llc_chmap_update_req_ind_handler
                0x0010cacc       0x5c C:\Program Files (x86)\ON Semiconductor\RSL10 EDK oxigen\eclipse\..\lib\ble_core\release\libblelib.a(llc_task.o)
 .text.llc_auth_payl_real_to_ind_handler
                0x0010cb28       0x5c C:\Program Files (x86)\ON Semiconductor\RSL10 EDK oxigen\eclipse\..\lib\ble_core\release\libblelib.a(llc_task.o)
 .text.llc_con_upd_req_ind_handler
                0x0010cb84      0x1e8 C:\Program Files (x86)\ON Semiconductor\RSL10 EDK oxigen\eclipse\..\lib\ble_core\release\libblelib.a(llc_task.o)
 .text.llc_length_req_ind_handler
                0x0010cd6c       0x88 C:\Program Files (x86)\ON Semiconductor\RSL10 EDK oxigen\eclipse\..\lib\ble_core\release\libblelib.a(llc_task.o)
 .text.llc_task_random_gen_request
                0x0010cdf4       0x40 C:\Program Files (x86)\ON Semiconductor\RSL10 EDK oxigen\eclipse\..\lib\ble_core\release\libblelib.a(llc_task.o)
 .text.llc_enc_mgt_ind_handler
                0x0010ce34      0x29c C:\Program Files (x86)\ON Semiconductor\RSL10 EDK oxigen\eclipse\..\lib\ble_core\release\libblelib.a(llc_task.o)
 .text.llc_chnl_assess_timer_handler
                0x0010d0d0       0x8c C:\Program Files (x86)\ON Semiconductor\RSL10 EDK oxigen\eclipse\..\lib\ble_core\release\libblelib.a(llc_task.o)
 .text.llc_llcp_rsp_to_ind_handler
                0x0010d15c       0x10 C:\Program Files (x86)\ON Semiconductor\RSL10 EDK oxigen\eclipse\..\lib\ble_core\release\libblelib.a(llc_task.o)
 .text.llc_link_sup_to_ind_handler
                0x0010d16c       0x20 C:\Program Files (x86)\ON Semiconductor\RSL10 EDK oxigen\eclipse\..\lib\ble_core\release\libblelib.a(llc_task.o)
 .text.llc_auth_payl_nearly_to_ind_handler
                0x0010d18c       0x7c C:\Program Files (x86)\ON Semiconductor\RSL10 EDK oxigen\eclipse\..\lib\ble_core\release\libblelib.a(llc_task.o)
 .text.llc_data_ind_handler
                0x0010d208       0x58 C:\Program Files (x86)\ON Semiconductor\RSL10 EDK oxigen\eclipse\..\lib\ble_core\release\libblelib.a(llc_task.o)
 .text.lld_stop_ind_handler
                0x0010d260      0x16c C:\Program Files (x86)\ON Semiconductor\RSL10 EDK oxigen\eclipse\..\lib\ble_core\release\libblelib.a(llc_task.o)
 .text.llc_check_trafic_paused
                0x0010d3cc       0x68 C:\Program Files (x86)\ON Semiconductor\RSL10 EDK oxigen\eclipse\..\lib\ble_core\release\libblelib.a(llc_util.o)
 .text.llc_util_get_free_conhdl
                0x0010d434       0x2c C:\Program Files (x86)\ON Semiconductor\RSL10 EDK oxigen\eclipse\..\lib\ble_core\release\libblelib.a(llc_util.o)
                0x0010d434                llc_util_get_free_conhdl
 .text.llc_util_get_nb_active_link
                0x0010d460       0x2c C:\Program Files (x86)\ON Semiconductor\RSL10 EDK oxigen\eclipse\..\lib\ble_core\release\libblelib.a(llc_util.o)
                0x0010d460                llc_util_get_nb_active_link
 .text.llc_util_dicon_procedure
                0x0010d48c       0x58 C:\Program Files (x86)\ON Semiconductor\RSL10 EDK oxigen\eclipse\..\lib\ble_core\release\libblelib.a(llc_util.o)
                0x0010d48c                llc_util_dicon_procedure
 .text.llc_util_update_channel_map
                0x0010d4e4       0x18 C:\Program Files (x86)\ON Semiconductor\RSL10 EDK oxigen\eclipse\..\lib\ble_core\release\libblelib.a(llc_util.o)
                0x0010d4e4                llc_util_update_channel_map
 .text.llc_util_set_auth_payl_to_margin
                0x0010d4fc       0x40 C:\Program Files (x86)\ON Semiconductor\RSL10 EDK oxigen\eclipse\..\lib\ble_core\release\libblelib.a(llc_util.o)
                0x0010d4fc                llc_util_set_auth_payl_to_margin
 .text.llc_util_clear_operation_ptr
                0x0010d53c       0x20 C:\Program Files (x86)\ON Semiconductor\RSL10 EDK oxigen\eclipse\..\lib\ble_core\release\libblelib.a(llc_util.o)
                0x0010d53c                llc_util_clear_operation_ptr
 .text.llc_util_bw_mgt
                0x0010d55c       0x68 C:\Program Files (x86)\ON Semiconductor\RSL10 EDK oxigen\eclipse\..\lib\ble_core\release\libblelib.a(llc_util.o)
                0x0010d55c                llc_util_bw_mgt
 .text.llc_end_evt_defer
                0x0010d5c4       0x54 C:\Program Files (x86)\ON Semiconductor\RSL10 EDK oxigen\eclipse\..\lib\ble_core\release\libblelib.a(llc_util.o)
                0x0010d5c4                llc_end_evt_defer
 .text.llc_pdu_llcp_tx_ack_defer
                0x0010d618       0xf0 C:\Program Files (x86)\ON Semiconductor\RSL10 EDK oxigen\eclipse\..\lib\ble_core\release\libblelib.a(llc_util.o)
                0x0010d618                llc_pdu_llcp_tx_ack_defer
 .text.llc_pdu_acl_tx_ack_defer
                0x0010d708       0x2c C:\Program Files (x86)\ON Semiconductor\RSL10 EDK oxigen\eclipse\..\lib\ble_core\release\libblelib.a(llc_util.o)
                0x0010d708                llc_pdu_acl_tx_ack_defer
 .text.llc_pdu_defer
                0x0010d734       0xe4 C:\Program Files (x86)\ON Semiconductor\RSL10 EDK oxigen\eclipse\..\lib\ble_core\release\libblelib.a(llc_util.o)
                0x0010d734                llc_pdu_defer
 .text.em_buf_init
                0x0010d818       0xf0 C:\Program Files (x86)\ON Semiconductor\RSL10 EDK oxigen\eclipse\..\lib\ble_core\release\libblelib.a(em_buf.o)
                0x0010d818                em_buf_init
 .text.em_buf_rx_free
                0x0010d908       0x18 C:\Program Files (x86)\ON Semiconductor\RSL10 EDK oxigen\eclipse\..\lib\ble_core\release\libblelib.a(em_buf.o)
                0x0010d908                em_buf_rx_free
 .text.em_buf_rx_buff_addr_get
                0x0010d920       0x1c C:\Program Files (x86)\ON Semiconductor\RSL10 EDK oxigen\eclipse\..\lib\ble_core\release\libblelib.a(em_buf.o)
                0x0010d920                em_buf_rx_buff_addr_get
 .text.em_buf_tx_free
                0x0010d93c       0x88 C:\Program Files (x86)\ON Semiconductor\RSL10 EDK oxigen\eclipse\..\lib\ble_core\release\libblelib.a(em_buf.o)
                0x0010d93c                em_buf_tx_free
 .text.rwble_hl_init
                0x0010d9c4       0x20 C:\Program Files (x86)\ON Semiconductor\RSL10 EDK oxigen\eclipse\..\lib\ble_core\release\libblelib.a(rwble_hl.o)
                0x0010d9c4                rwble_hl_init
 .text.rwble_hl_reset
                0x0010d9e4       0x20 C:\Program Files (x86)\ON Semiconductor\RSL10 EDK oxigen\eclipse\..\lib\ble_core\release\libblelib.a(rwble_hl.o)
                0x0010d9e4                rwble_hl_reset
 .text.l2cm_l2cap_tx_handler
                0x0010da04       0x4c C:\Program Files (x86)\ON Semiconductor\RSL10 EDK oxigen\eclipse\..\lib\ble_core\release\libblelib.a(l2cm.o)
 .text.l2cm_init
                0x0010da50       0x30 C:\Program Files (x86)\ON Semiconductor\RSL10 EDK oxigen\eclipse\..\lib\ble_core\release\libblelib.a(l2cm.o)
                0x0010da50                l2cm_init
 .text.l2cm_create
                0x0010da80        0x4 C:\Program Files (x86)\ON Semiconductor\RSL10 EDK oxigen\eclipse\..\lib\ble_core\release\libblelib.a(l2cm.o)
                0x0010da80                l2cm_create
 .text.l2cm_cleanup
                0x0010da84        0x8 C:\Program Files (x86)\ON Semiconductor\RSL10 EDK oxigen\eclipse\..\lib\ble_core\release\libblelib.a(l2cm.o)
                0x0010da84                l2cm_cleanup
 .text.l2cm_set_link_layer_buff_size
                0x0010da8c       0x10 C:\Program Files (x86)\ON Semiconductor\RSL10 EDK oxigen\eclipse\..\lib\ble_core\release\libblelib.a(l2cm.o)
                0x0010da8c                l2cm_set_link_layer_buff_size
 .text.l2cm_get_nb_buffer_available
                0x0010da9c        0xc C:\Program Files (x86)\ON Semiconductor\RSL10 EDK oxigen\eclipse\..\lib\ble_core\release\libblelib.a(l2cm.o)
                0x0010da9c                l2cm_get_nb_buffer_available
 .text.l2cm_tx_status
                0x0010daa8       0x3c C:\Program Files (x86)\ON Semiconductor\RSL10 EDK oxigen\eclipse\..\lib\ble_core\release\libblelib.a(l2cm.o)
                0x0010daa8                l2cm_tx_status
 .text.l2cc_create
                0x0010dae4       0x3c C:\Program Files (x86)\ON Semiconductor\RSL10 EDK oxigen\eclipse\..\lib\ble_core\release\libblelib.a(l2cc.o)
                0x0010dae4                l2cc_create
 .text.l2cc_update_state
                0x0010db20       0x34 C:\Program Files (x86)\ON Semiconductor\RSL10 EDK oxigen\eclipse\..\lib\ble_core\release\libblelib.a(l2cc.o)
                0x0010db20                l2cc_update_state
 .text.l2cc_send_complete_evt
                0x0010db54       0x60 C:\Program Files (x86)\ON Semiconductor\RSL10 EDK oxigen\eclipse\..\lib\ble_core\release\libblelib.a(l2cc.o)
                0x0010db54                l2cc_send_complete_evt
 .text.l2cc_send_error_evt
                0x0010dbb4       0x30 C:\Program Files (x86)\ON Semiconductor\RSL10 EDK oxigen\eclipse\..\lib\ble_core\release\libblelib.a(l2cc.o)
                0x0010dbb4                l2cc_send_error_evt
 .text.l2cc_cleanup
                0x0010dbe4       0xc4 C:\Program Files (x86)\ON Semiconductor\RSL10 EDK oxigen\eclipse\..\lib\ble_core\release\libblelib.a(l2cc.o)
                0x0010dbe4                l2cc_cleanup
 .text.l2cc_init
                0x0010dca8       0x34 C:\Program Files (x86)\ON Semiconductor\RSL10 EDK oxigen\eclipse\..\lib\ble_core\release\libblelib.a(l2cc.o)
                0x0010dca8                l2cc_init
 .text.l2cc_get_operation
                0x0010dcdc       0x14 C:\Program Files (x86)\ON Semiconductor\RSL10 EDK oxigen\eclipse\..\lib\ble_core\release\libblelib.a(l2cc.o)
                0x0010dcdc                l2cc_get_operation
 .text.l2cc_get_operation_ptr
                0x0010dcf0       0x10 C:\Program Files (x86)\ON Semiconductor\RSL10 EDK oxigen\eclipse\..\lib\ble_core\release\libblelib.a(l2cc.o)
                0x0010dcf0                l2cc_get_operation_ptr
 .text.l2cc_set_operation_ptr
                0x0010dd00       0x10 C:\Program Files (x86)\ON Semiconductor\RSL10 EDK oxigen\eclipse\..\lib\ble_core\release\libblelib.a(l2cc.o)
                0x0010dd00                l2cc_set_operation_ptr
 .text.l2cc_data_send
                0x0010dd10      0x29c C:\Program Files (x86)\ON Semiconductor\RSL10 EDK oxigen\eclipse\..\lib\ble_core\release\libblelib.a(l2cc.o)
                0x0010dd10                l2cc_data_send
 .text.l2cc_lecb_h2l_err
                0x0010dfac       0x60 C:\Program Files (x86)\ON Semiconductor\RSL10 EDK oxigen\eclipse\..\lib\ble_core\release\libblelib.a(l2cc_lecb.o)
                0x0010dfac                l2cc_lecb_h2l_err
 .text.l2cc_lecb_find
                0x0010e00c       0x38 C:\Program Files (x86)\ON Semiconductor\RSL10 EDK oxigen\eclipse\..\lib\ble_core\release\libblelib.a(l2cc_lecb.o)
                0x0010e00c                l2cc_lecb_find
 .text.l2cc_lecb_free
                0x0010e044       0xcc C:\Program Files (x86)\ON Semiconductor\RSL10 EDK oxigen\eclipse\..\lib\ble_core\release\libblelib.a(l2cc_lecb.o)
                0x0010e044                l2cc_lecb_free
 .text.l2cc_lecb_init_disconnect
                0x0010e110       0x38 C:\Program Files (x86)\ON Semiconductor\RSL10 EDK oxigen\eclipse\..\lib\ble_core\release\libblelib.a(l2cc_lecb.o)
                0x0010e110                l2cc_lecb_init_disconnect
 .text.l2cc_lecb_send_con_req
                0x0010e148       0x58 C:\Program Files (x86)\ON Semiconductor\RSL10 EDK oxigen\eclipse\..\lib\ble_core\release\libblelib.a(l2cc_lecb.o)
                0x0010e148                l2cc_lecb_send_con_req
 .text.l2cc_lecb_send_con_rsp
                0x0010e1a0       0x44 C:\Program Files (x86)\ON Semiconductor\RSL10 EDK oxigen\eclipse\..\lib\ble_core\release\libblelib.a(l2cc_lecb.o)
                0x0010e1a0                l2cc_lecb_send_con_rsp
 .text.l2cc_lecb_send_disc_req
                0x0010e1e4       0x40 C:\Program Files (x86)\ON Semiconductor\RSL10 EDK oxigen\eclipse\..\lib\ble_core\release\libblelib.a(l2cc_lecb.o)
                0x0010e1e4                l2cc_lecb_send_disc_req
 .text.l2cc_lecb_send_disc_rsp
                0x0010e224       0x30 C:\Program Files (x86)\ON Semiconductor\RSL10 EDK oxigen\eclipse\..\lib\ble_core\release\libblelib.a(l2cc_lecb.o)
                0x0010e224                l2cc_lecb_send_disc_rsp
 .text.l2cc_lecb_send_credit_add
                0x0010e254       0x30 C:\Program Files (x86)\ON Semiconductor\RSL10 EDK oxigen\eclipse\..\lib\ble_core\release\libblelib.a(l2cc_lecb.o)
                0x0010e254                l2cc_lecb_send_credit_add
 .text.l2cc_lecb_pdu_pack
                0x0010e284       0x70 C:\Program Files (x86)\ON Semiconductor\RSL10 EDK oxigen\eclipse\..\lib\ble_core\release\libblelib.a(l2cc_pdu.o)
                0x0010e284                l2cc_lecb_pdu_pack
 .text.l2cc_lecb_pdu_unpack
                0x0010e2f4       0x5c C:\Program Files (x86)\ON Semiconductor\RSL10 EDK oxigen\eclipse\..\lib\ble_core\release\libblelib.a(l2cc_pdu.o)
                0x0010e2f4                l2cc_lecb_pdu_unpack
 .text.l2cc_pdu_pack
                0x0010e350      0x31c C:\Program Files (x86)\ON Semiconductor\RSL10 EDK oxigen\eclipse\..\lib\ble_core\release\libblelib.a(l2cc_pdu.o)
                0x0010e350                l2cc_pdu_pack
 .text.l2cc_pdu_unpack
                0x0010e66c      0x2f0 C:\Program Files (x86)\ON Semiconductor\RSL10 EDK oxigen\eclipse\..\lib\ble_core\release\libblelib.a(l2cc_pdu.o)
                0x0010e66c                l2cc_pdu_unpack
 .text.l2cc_pdu_header_check
                0x0010e95c      0x240 C:\Program Files (x86)\ON Semiconductor\RSL10 EDK oxigen\eclipse\..\lib\ble_core\release\libblelib.a(l2cc_pdu.o)
                0x0010e95c                l2cc_pdu_header_check
 .text.l2cc_dbg_pdu_send_cmd_handler
                0x0010eb9c       0x40 C:\Program Files (x86)\ON Semiconductor\RSL10 EDK oxigen\eclipse\..\lib\ble_core\release\libblelib.a(l2cc_task.o)
 .text.l2cc_pdu_recv_ind_handler
                0x0010ebdc       0x7c C:\Program Files (x86)\ON Semiconductor\RSL10 EDK oxigen\eclipse\..\lib\ble_core\release\libblelib.a(l2cc_task.o)
 .text.hci_acl_data_rx_handler
                0x0010ec58      0x100 C:\Program Files (x86)\ON Semiconductor\RSL10 EDK oxigen\eclipse\..\lib\ble_core\release\libblelib.a(l2cc_task.o)
 .text.l2cc_signaling_trans_to_ind_handler
                0x0010ed58       0x44 C:\Program Files (x86)\ON Semiconductor\RSL10 EDK oxigen\eclipse\..\lib\ble_core\release\libblelib.a(l2cc_task.o)
 .text.l2cc_lecb_sdu_send_cmd_handler
                0x0010ed9c       0x84 C:\Program Files (x86)\ON Semiconductor\RSL10 EDK oxigen\eclipse\..\lib\ble_core\release\libblelib.a(l2cc_task.o)
 .text.l2cc_pdu_send_cmd_handler
                0x0010ee20       0x5c C:\Program Files (x86)\ON Semiconductor\RSL10 EDK oxigen\eclipse\..\lib\ble_core\release\libblelib.a(l2cc_task.o)
 .text.hci_nb_cmp_pkts_evt_handler
                0x0010ee7c       0x3c C:\Program Files (x86)\ON Semiconductor\RSL10 EDK oxigen\eclipse\..\lib\ble_core\release\libblelib.a(l2cc_task.o)
 .text.l2cc_lecb_connect_cfm_handler
                0x0010eeb8      0x188 C:\Program Files (x86)\ON Semiconductor\RSL10 EDK oxigen\eclipse\..\lib\ble_core\release\libblelib.a(l2cc_task.o)
 .text.l2cc_process_op
                0x0010f040       0x9c C:\Program Files (x86)\ON Semiconductor\RSL10 EDK oxigen\eclipse\..\lib\ble_core\release\libblelib.a(l2cc_task.o)
                0x0010f040                l2cc_process_op
 .text.l2cc_lecb_disconnect_cmd_handler
                0x0010f0dc       0x88 C:\Program Files (x86)\ON Semiconductor\RSL10 EDK oxigen\eclipse\..\lib\ble_core\release\libblelib.a(l2cc_task.o)
 .text.l2cc_lecb_add_cmd_handler
                0x0010f164       0x8c C:\Program Files (x86)\ON Semiconductor\RSL10 EDK oxigen\eclipse\..\lib\ble_core\release\libblelib.a(l2cc_task.o)
 .text.l2cc_lecb_connect_cmd_handler
                0x0010f1f0      0x148 C:\Program Files (x86)\ON Semiconductor\RSL10 EDK oxigen\eclipse\..\lib\ble_core\release\libblelib.a(l2cc_task.o)
 .text.l2cc_pdu_alloc
                0x0010f338       0x30 C:\Program Files (x86)\ON Semiconductor\RSL10 EDK oxigen\eclipse\..\lib\ble_core\release\libblelib.a(l2cc_task.o)
                0x0010f338                l2cc_pdu_alloc
 .text.l2cc_pdu_send
                0x0010f368        0x8 C:\Program Files (x86)\ON Semiconductor\RSL10 EDK oxigen\eclipse\..\lib\ble_core\release\libblelib.a(l2cc_task.o)
                0x0010f368                l2cc_pdu_send
 .text.gattm_svc_get_start_hdl
                0x0010f370        0xc C:\Program Files (x86)\ON Semiconductor\RSL10 EDK oxigen\eclipse\..\lib\ble_core\release\libblelib.a(gattm.o)
                0x0010f370                gattm_svc_get_start_hdl
 .text.gattm_init
                0x0010f37c       0x24 C:\Program Files (x86)\ON Semiconductor\RSL10 EDK oxigen\eclipse\..\lib\ble_core\release\libblelib.a(gattm.o)
                0x0010f37c                gattm_init
 .text.gattm_init_attr
                0x0010f3a0       0x78 C:\Program Files (x86)\ON Semiconductor\RSL10 EDK oxigen\eclipse\..\lib\ble_core\release\libblelib.a(gattm.o)
                0x0010f3a0                gattm_init_attr
 .text.gattm_create
                0x0010f418        0x4 C:\Program Files (x86)\ON Semiconductor\RSL10 EDK oxigen\eclipse\..\lib\ble_core\release\libblelib.a(gattm.o)
                0x0010f418                gattm_create
 .text.gattm_cleanup
                0x0010f41c        0x8 C:\Program Files (x86)\ON Semiconductor\RSL10 EDK oxigen\eclipse\..\lib\ble_core\release\libblelib.a(gattm.o)
                0x0010f41c                gattm_cleanup
 .text.gattm_default_msg_handler
                0x0010f424        0x4 C:\Program Files (x86)\ON Semiconductor\RSL10 EDK oxigen\eclipse\..\lib\ble_core\release\libblelib.a(gattm_task.o)
 .text.gattm_att_set_value_req_handler
                0x0010f428       0x30 C:\Program Files (x86)\ON Semiconductor\RSL10 EDK oxigen\eclipse\..\lib\ble_core\release\libblelib.a(gattm_task.o)
 .text.gattm_att_get_value_req_handler
                0x0010f458       0x58 C:\Program Files (x86)\ON Semiconductor\RSL10 EDK oxigen\eclipse\..\lib\ble_core\release\libblelib.a(gattm_task.o)
 .text.gattm_att_set_permission_req_handler
                0x0010f4b0       0x2c C:\Program Files (x86)\ON Semiconductor\RSL10 EDK oxigen\eclipse\..\lib\ble_core\release\libblelib.a(gattm_task.o)
 .text.gattm_att_get_permission_req_handler
                0x0010f4dc       0x48 C:\Program Files (x86)\ON Semiconductor\RSL10 EDK oxigen\eclipse\..\lib\ble_core\release\libblelib.a(gattm_task.o)
 .text.gattm_svc_set_permission_req_handler
                0x0010f524       0x2c C:\Program Files (x86)\ON Semiconductor\RSL10 EDK oxigen\eclipse\..\lib\ble_core\release\libblelib.a(gattm_task.o)
 .text.gattm_svc_get_permission_req_handler
                0x0010f550       0x2c C:\Program Files (x86)\ON Semiconductor\RSL10 EDK oxigen\eclipse\..\lib\ble_core\release\libblelib.a(gattm_task.o)
 .text.gattm_add_svc_req_handler
                0x0010f57c       0x28 C:\Program Files (x86)\ON Semiconductor\RSL10 EDK oxigen\eclipse\..\lib\ble_core\release\libblelib.a(gattm_task.o)
 .text.gattc_operation_cleanup
                0x0010f5a4       0x74 C:\Program Files (x86)\ON Semiconductor\RSL10 EDK oxigen\eclipse\..\lib\ble_core\release\libblelib.a(gattc.o)
 .text.gattc_get_mtu
                0x0010f618       0x10 C:\Program Files (x86)\ON Semiconductor\RSL10 EDK oxigen\eclipse\..\lib\ble_core\release\libblelib.a(gattc.o)
                0x0010f618                gattc_get_mtu
 .text.gattc_set_mtu
                0x0010f628       0x4c C:\Program Files (x86)\ON Semiconductor\RSL10 EDK oxigen\eclipse\..\lib\ble_core\release\libblelib.a(gattc.o)
                0x0010f628                gattc_set_mtu
 .text.gattc_send_error_evt
                0x0010f674       0x2c C:\Program Files (x86)\ON Semiconductor\RSL10 EDK oxigen\eclipse\..\lib\ble_core\release\libblelib.a(gattc.o)
                0x0010f674                gattc_send_error_evt
 .text.gattc_get_operation
                0x0010f6a0       0x14 C:\Program Files (x86)\ON Semiconductor\RSL10 EDK oxigen\eclipse\..\lib\ble_core\release\libblelib.a(gattc.o)
                0x0010f6a0                gattc_get_operation
 .text.gattc_get_operation_ptr
                0x0010f6b4       0x10 C:\Program Files (x86)\ON Semiconductor\RSL10 EDK oxigen\eclipse\..\lib\ble_core\release\libblelib.a(gattc.o)
                0x0010f6b4                gattc_get_operation_ptr
 .text.gattc_set_operation_ptr
                0x0010f6c4       0x10 C:\Program Files (x86)\ON Semiconductor\RSL10 EDK oxigen\eclipse\..\lib\ble_core\release\libblelib.a(gattc.o)
                0x0010f6c4                gattc_set_operation_ptr
 .text.gattc_reschedule_operation
                0x0010f6d4       0x30 C:\Program Files (x86)\ON Semiconductor\RSL10 EDK oxigen\eclipse\..\lib\ble_core\release\libblelib.a(gattc.o)
                0x0010f6d4                gattc_reschedule_operation
 .text.gattc_get_requester
                0x0010f704       0x18 C:\Program Files (x86)\ON Semiconductor\RSL10 EDK oxigen\eclipse\..\lib\ble_core\release\libblelib.a(gattc.o)