Archive member included to satisfy reference by file (symbol)

C:\Program Files (x86)\ON Semiconductor\RSL10 EDK\eclipse\..\lib\ble_core\release\libblelib.a(rwip.o)
                              ./code/ble_std.o (BLE_Reset)
C:\Program Files (x86)\ON Semiconductor\RSL10 EDK\eclipse\..\lib\ble_core\release\libblelib.a(rwble.o)
                              C:\Program Files (x86)\ON Semiconductor\RSL10 EDK\eclipse\..\lib\ble_core\release\libblelib.a(rwip.o) (rwble_init)
C:\Program Files (x86)\ON Semiconductor\RSL10 EDK\eclipse\..\lib\ble_core\release\libblelib.a(rf_atlas.o)
                              C:\Program Files (x86)\ON Semiconductor\RSL10 EDK\eclipse\..\lib\ble_core\release\libblelib.a(rwip.o) (rf_init)
C:\Program Files (x86)\ON Semiconductor\RSL10 EDK\eclipse\..\lib\ble_core\release\libblelib.a(prf-prf_utils.o)
                              ./code/ble_basc.o (prf_env_get)
C:\Program Files (x86)\ON Semiconductor\RSL10 EDK\eclipse\..\lib\ble_core\release\libblelib.a(lld_evt.o)
                              C:\Program Files (x86)\ON Semiconductor\RSL10 EDK\eclipse\..\lib\ble_core\release\libblelib.a(rwble.o) (lld_evt_env)
C:\Program Files (x86)\ON Semiconductor\RSL10 EDK\eclipse\..\lib\ble_core\release\libblelib.a(lld_sleep.o)
                              C:\Program Files (x86)\ON Semiconductor\RSL10 EDK\eclipse\..\lib\ble_core\release\libblelib.a(rwip.o) (lld_power_mode_enter)
C:\Program Files (x86)\ON Semiconductor\RSL10 EDK\eclipse\..\lib\ble_core\release\libblelib.a(hci.o)
                              C:\Program Files (x86)\ON Semiconductor\RSL10 EDK\eclipse\..\lib\ble_core\release\libblelib.a(rwip.o) (hci_init)
C:\Program Files (x86)\ON Semiconductor\RSL10 EDK\eclipse\..\lib\ble_core\release\libblelib.a(hci_fc.o)
                              C:\Program Files (x86)\ON Semiconductor\RSL10 EDK\eclipse\..\lib\ble_core\release\libblelib.a(hci.o) (hci_fc_init)
C:\Program Files (x86)\ON Semiconductor\RSL10 EDK\eclipse\..\lib\ble_core\release\libblelib.a(hci_msg.o)
                              C:\Program Files (x86)\ON Semiconductor\RSL10 EDK\eclipse\..\lib\ble_core\release\libblelib.a(hci.o) (hci_look_for_cmd_desc)
C:\Program Files (x86)\ON Semiconductor\RSL10 EDK\eclipse\..\lib\ble_core\release\libblelib.a(llm.o)
                              C:\Program Files (x86)\ON Semiconductor\RSL10 EDK\eclipse\..\lib\ble_core\release\libblelib.a(lld_evt.o) (llm_le_env)
C:\Program Files (x86)\ON Semiconductor\RSL10 EDK\eclipse\..\lib\ble_core\release\libblelib.a(llm_task.o)
                              C:\Program Files (x86)\ON Semiconductor\RSL10 EDK\eclipse\..\lib\ble_core\release\libblelib.a(llm.o) (llm_state)
C:\Program Files (x86)\ON Semiconductor\RSL10 EDK\eclipse\..\lib\ble_core\release\libblelib.a(llm_util.o)
                              C:\Program Files (x86)\ON Semiconductor\RSL10 EDK\eclipse\..\lib\ble_core\release\libblelib.a(llm.o) (llm_util_bd_addr_wl_position)
C:\Program Files (x86)\ON Semiconductor\RSL10 EDK\eclipse\..\lib\ble_core\release\libblelib.a(lld.o)
                              C:\Program Files (x86)\ON Semiconductor\RSL10 EDK\eclipse\..\lib\ble_core\release\libblelib.a(rwble.o) (lld_init)
C:\Program Files (x86)\ON Semiconductor\RSL10 EDK\eclipse\..\lib\ble_core\release\libblelib.a(lld_pdu.o)
                              C:\Program Files (x86)\ON Semiconductor\RSL10 EDK\eclipse\..\lib\ble_core\release\libblelib.a(lld_evt.o) (lld_pdu_check)
C:\Program Files (x86)\ON Semiconductor\RSL10 EDK\eclipse\..\lib\ble_core\release\libblelib.a(lld_util.o)
                              C:\Program Files (x86)\ON Semiconductor\RSL10 EDK\eclipse\..\lib\ble_core\release\libblelib.a(llm_util.o) (lld_util_set_bd_address)
C:\Program Files (x86)\ON Semiconductor\RSL10 EDK\eclipse\..\lib\ble_core\release\libblelib.a(lld_wlcoex.o)
                              C:\Program Files (x86)\ON Semiconductor\RSL10 EDK\eclipse\..\lib\ble_core\release\libblelib.a(rwip.o) (lld_wlcoex_set)
C:\Program Files (x86)\ON Semiconductor\RSL10 EDK\eclipse\..\lib\ble_core\release\libblelib.a(llc.o)
                              C:\Program Files (x86)\ON Semiconductor\RSL10 EDK\eclipse\..\lib\ble_core\release\libblelib.a(rwble.o) (llc_init)
C:\Program Files (x86)\ON Semiconductor\RSL10 EDK\eclipse\..\lib\ble_core\release\libblelib.a(llc_llcp.o)
                              C:\Program Files (x86)\ON Semiconductor\RSL10 EDK\eclipse\..\lib\ble_core\release\libblelib.a(lld_pdu.o) (llc_llcp_recv_handler)
C:\Program Files (x86)\ON Semiconductor\RSL10 EDK\eclipse\..\lib\ble_core\release\libblelib.a(llc_task.o)
                              C:\Program Files (x86)\ON Semiconductor\RSL10 EDK\eclipse\..\lib\ble_core\release\libblelib.a(llc.o) (llc_state)
C:\Program Files (x86)\ON Semiconductor\RSL10 EDK\eclipse\..\lib\ble_core\release\libblelib.a(llc_util.o)
                              C:\Program Files (x86)\ON Semiconductor\RSL10 EDK\eclipse\..\lib\ble_core\release\libblelib.a(llm.o) (llc_util_get_free_conhdl)
[...]
Memory Configuration

Name             Origin             Length             Attributes
ROM              0x00000000         0x00001000         r
FLASH            0x00100000         0x00060000         xrw
PRAM             0x00200000         0x00008000         xrw
DRAM             0x20000000         0x00006000         xrw
DRAM_DSP         0x20006000         0x0000c000         xrw
DRAM_BB          0x20012000         0x00004000         xrw
*default*        0x00000000         0xffffffff

Linker script and memory map

LOAD ./code/app_init.o
LOAD ./code/app_process.o
LOAD ./code/app_spi.o
LOAD ./code/ble_basc.o
LOAD ./code/ble_bass.o
LOAD ./code/ble_custom.o
LOAD ./code/ble_std.o
LOAD ./app.o
LOAD C:\Program Files (x86)\ON Semiconductor\RSL10 EDK\eclipse\..\lib\ble_core\release\libblelib.a
LOAD C:\Program Files (x86)\ON Semiconductor\RSL10 EDK\eclipse\..\lib\ble_core\release\libkelib.a
LOAD C:\Program Files (x86)\ON Semiconductor\RSL10 EDK\eclipse\..\lib\ble_profiles\release\libbasc.a
LOAD C:\Program Files (x86)\ON Semiconductor\RSL10 EDK\eclipse\..\lib\ble_profiles\release\libbass.a
LOAD C:\Program Files (x86)\ON Semiconductor\RSL10 EDK\eclipse\..\lib\release\libcmsis.a
LOAD C:\Program Files (x86)\ON Semiconductor\RSL10 EDK\eclipse\..\lib\release\libsyslib.a
LOAD C:\Program Files (x86)\ON Semiconductor\RSL10 EDK\eclipse\..\lib\ble_core\release\libweak_prf.a
START GROUP
LOAD c:/program files (x86)/gnu tools arm embedded/6 2017-q1-update/bin/../lib/gcc/arm-none-eabi/6.3.1/thumb/v7-m\libgcc.a
LOAD c:/program files (x86)/gnu tools arm embedded/6 2017-q1-update/bin/../lib/gcc/arm-none-eabi/6.3.1/../../../../arm-none-eabi/lib/thumb/v7-m\libg_nano.a
LOAD c:/program files (x86)/gnu tools arm embedded/6 2017-q1-update/bin/../lib/gcc/arm-none-eabi/6.3.1/../../../../arm-none-eabi/lib/thumb/v7-m\libc_nano.a
END GROUP
START GROUP
LOAD c:/program files (x86)/gnu tools arm embedded/6 2017-q1-update/bin/../lib/gcc/arm-none-eabi/6.3.1/thumb/v7-m\libgcc.a
LOAD c:/program files (x86)/gnu tools arm embedded/6 2017-q1-update/bin/../lib/gcc/arm-none-eabi/6.3.1/../../../../arm-none-eabi/lib/thumb/v7-m\libc_nano.a
END GROUP
                0x20006000                __stack = (ORIGIN (DRAM) + LENGTH (DRAM))
                [!provide]                PROVIDE (__stack, __stack)
                0x00000400                __Main_Stack_Size = 0x400
                [!provide]                PROVIDE (_Main_Stack_Size, __Main_Stack_Size)
                0x20005c00                __Main_Stack_Limit = (__stack - __Main_Stack_Size)
                [!provide]                PROVIDE (_Main_Stack_Limit, __Main_Stack_Limit)
                0x200037c4                PROVIDE (__Heap_Begin__, __noinit_end__)
                0x20005c00                PROVIDE (__Heap_Limit__, (__stack - __Main_Stack_Size))
                0xe000ed08                __VTOR = 0xe000ed08

.text           0x00100000    0x24738
                0x00100000                . = ALIGN (0x4)
 *(.interrupt_vector)
 .interrupt_vector
                0x00100000      0x164 C:\Program Files (x86)\ON Semiconductor\RSL10 EDK\eclipse\..\lib\release\libcmsis.a(startup_rsl10.o)
                0x00100000                ISR_Vector_Table
 *(.reset)
 .reset         0x00100164       0x18 C:\Program Files (x86)\ON Semiconductor\RSL10 EDK\eclipse\..\lib\release\libcmsis.a(startup_rsl10.o)
                0x00100164                Reset_Handler
                0x0010017c                . = ALIGN (0x4)
                0x0010017c                PROVIDE (__preinit_array_start__, .)
 *(.preinit_array_sysinit .preinit_array_sysinit.*)
 *(.preinit_array_platform .preinit_array_platform.*)
 *(.preinit_array .preinit_array.*)
                0x0010017c                PROVIDE (__preinit_array_end__, .)
                0x0010017c                . = ALIGN (0x4)
                0x0010017c                PROVIDE (__init_array_start__, .)
 *(SORT(.init_array.*))
 *(.init_array)
                0x0010017c                PROVIDE (__init_array_end__, .)
                0x0010017c                . = ALIGN (0x4)
 *(.text .text.*)
 .text.App_Env_Initialize
                0x0010017c       0x44 ./code/app_init.o
                0x0010017c                App_Env_Initialize
 .text.App_Initialize
                0x001001c0      0x1bc ./code/app_init.o
                0x001001c0                App_Initialize
 .text.Msg_Handler
                0x0010037c        0x4 ./code/app_process.o
                0x0010037c                Msg_Handler
 .text.APP_Timer
                0x00100380      0x14c ./code/app_process.o
                0x00100380                APP_Timer
 .text.DMA0_IRQHandler
                0x001004cc       0xac ./code/app_spi.o
                0x001004cc                DMA0_IRQHandler
 .text.Basc_Env_Initialize
                0x00100578       0x1c ./code/ble_basc.o
                0x00100578                Basc_Env_Initialize
 .text.Batt_ServiceAdd_Client
                0x00100594       0x2c ./code/ble_basc.o
                0x00100594                Batt_ServiceAdd_Client
 .text.Batt_ServiceEnable_Client
                0x001005c0       0x4c ./code/ble_basc.o
                0x001005c0                Batt_ServiceEnable_Client
 .text.Batt_ReadInfoRsp
                0x0010060c       0x68 ./code/ble_basc.o
                0x0010060c                Batt_ReadInfoRsp
 .text.Batt_LevelInd
                0x00100674       0x14 ./code/ble_basc.o
                0x00100674                Batt_LevelInd
 .text.Batt_LevelNtfCfgRsp
                0x00100688       0x18 ./code/ble_basc.o
                0x00100688                Batt_LevelNtfCfgRsp
 .text.Batt_SendReadInfoReq
                0x001006a0       0x30 ./code/ble_basc.o
                0x001006a0                Batt_SendReadInfoReq
 .text.Batt_SendLevelNtfCfgReq
                0x001006d0       0x38 ./code/ble_basc.o
                0x001006d0                Batt_SendLevelNtfCfgReq
 .text.Batt_EnableRsp_Client
                0x00100708       0x5c ./code/ble_basc.o
                0x00100708                Batt_EnableRsp_Client
 .text.Bass_Env_Initialize
                0x00100764        0xc ./code/ble_bass.o
                0x00100764                Bass_Env_Initialize
 .text.Batt_ServiceAdd_Server
                0x00100770       0x40 ./code/ble_bass.o
                0x00100770                Batt_ServiceAdd_Server
 .text.Batt_ServiceEnable_Server
                0x001007b0       0x34 ./code/ble_bass.o
                0x001007b0                Batt_ServiceEnable_Server
 .text.Batt_LevelUpdateSend
                0x001007e4       0x30 ./code/ble_bass.o
                0x001007e4                Batt_LevelUpdateSend
 .text.Batt_LevelNtfCfgInd
                0x00100814       0x10 ./code/ble_bass.o
                0x00100814                Batt_LevelNtfCfgInd
 .text.Batt_EnableRsp_Server
                0x00100824       0x14 ./code/ble_bass.o
                0x00100824                Batt_EnableRsp_Server
 .text.CustomService_Env_Initialize
                0x00100838       0x24 ./code/ble_custom.o
                0x00100838                CustomService_Env_Initialize
 .text.CustomService_ServiceEnable
                0x0010085c       0x5c ./code/ble_custom.o
                0x0010085c                CustomService_ServiceEnable
 .text.GATTC_DiscCharInd
                0x001008b8       0xa0 ./code/ble_custom.o
                0x001008b8                GATTC_DiscCharInd
 .text.GATTC_CmpEvt
                0x00100958       0x94 ./code/ble_custom.o
                0x00100958                GATTC_CmpEvt
 .text.GATTC_DiscSvcInd
                0x001009ec       0x68 ./code/ble_custom.o
                0x001009ec                GATTC_DiscSvcInd
 .text.GATTC_ReadInd
                0x00100a54       0x24 ./code/ble_custom.o
                0x00100a54                GATTC_ReadInd
 .text.GATTC_EvtInd
                0x00100a78       0x58 ./code/ble_custom.o
                0x00100a78                GATTC_EvtInd
 .text.CustomService_SendWrite
                0x00100ad0       0x68 ./code/ble_custom.o
                0x00100ad0                CustomService_SendWrite
 .text.CustomService_ServiceAdd
                0x00100b38       0x94 ./code/ble_custom.o
                0x00100b38                CustomService_ServiceAdd
 .text.GATTM_AddSvcRsp
                0x00100bcc       0x34 ./code/ble_custom.o
                0x00100bcc                GATTM_AddSvcRsp
 .text.GATTC_ReadReqInd
                0x00100c00      0x10c ./code/ble_custom.o
                0x00100c00                GATTC_ReadReqInd
 .text.GATTC_WriteReqInd
                0x00100d0c       0xb0 ./code/ble_custom.o
                0x00100d0c                GATTC_WriteReqInd
 .text.CustomService_SendNotification
                0x00100dbc       0x50 ./code/ble_custom.o
                0x00100dbc                CustomService_SendNotification
 .text.BLE_Initialize
                0x00100e0c      0x13c ./code/ble_std.o
                0x00100e0c                BLE_Initialize
 .text.Service_Add
                0x00100f48       0x24 ./code/ble_std.o
                0x00100f48                Service_Add
 .text.Advertising_Start
                0x00100f6c       0xec ./code/ble_std.o
                0x00100f6c                Advertising_Start
 .text.GAPC_GetDevInfoReqInd
                0x00101058       0x78 ./code/ble_std.o
                0x00101058                GAPC_GetDevInfoReqInd
 .text.GAPC_CmpEvt
                0x001010d0        0x4 ./code/ble_std.o
                0x001010d0                GAPC_CmpEvt
 .text.GAPC_ParamUpdatedInd
                0x001010d4       0x48 ./code/ble_std.o
                0x001010d4                GAPC_ParamUpdatedInd
 .text.GAPC_ParamUpdateReqInd
                0x0010111c       0x5c ./code/ble_std.o
                0x0010111c                GAPC_ParamUpdateReqInd
 .text.Connection_SendStartCmd
                0x00101178       0xa8 ./code/ble_std.o
                0x00101178                Connection_SendStartCmd
 .text.BLE_Connection_SelectBegin.part.0
                0x00101220       0x3c ./code/ble_std.o
 .text.BLE_SetServiceState
                0x0010125c       0x68 ./code/ble_std.o
                0x0010125c                BLE_SetServiceState
 .text.ServiceEnable
                0x001012c4       0x28 ./code/ble_std.o
                0x001012c4                ServiceEnable
 .text.BLE_Operation_Cancel
                0x001012ec       0x1c ./code/ble_std.o
                0x001012ec                BLE_Operation_Cancel
 .text.APP_SwitchRole_Timeout
                0x00101308       0x54 ./code/ble_std.o
                0x00101308                APP_SwitchRole_Timeout
 .text.DeviceIndx
                0x0010135c       0x2c ./code/ble_std.o
                0x0010135c                DeviceIndx
 .text.BLE_Connection_SelectBegin
                0x00101388       0x40 ./code/ble_std.o
                0x00101388                BLE_Connection_SelectBegin
 .text.GAPM_ProfileAddedInd
                0x001013c8       0x58 ./code/ble_std.o
                0x001013c8                GAPM_ProfileAddedInd
 .text.GAPM_CmpEvt
                0x00101420      0x104 ./code/ble_std.o
                0x00101420                GAPM_CmpEvt
 .text.GAPC_ConnectionReqInd
                0x00101524       0xb0 ./code/ble_std.o
                0x00101524                GAPC_ConnectionReqInd
 .text.GAPC_DisconnectInd
                0x001015d4       0x4c ./code/ble_std.o
                0x001015d4                GAPC_DisconnectInd
 .text.startup.main
                0x00101620      0x16c ./app.o
                0x00101620                main
 .text.BLE_Reset
                0x0010178c       0x3c C:\Program Files (x86)\ON Semiconductor\RSL10 EDK\eclipse\..\lib\ble_core\release\libblelib.a(rwip.o)
                0x0010178c                BLE_Reset
 .text.rwip_reset
                0x001017c8       0x34 C:\Program Files (x86)\ON Semiconductor\RSL10 EDK\eclipse\..\lib\ble_core\release\libblelib.a(rwip.o)
                0x001017c8                rwip_reset
 .text.rwip_wakeup
                0x001017fc       0x18 C:\Program Files (x86)\ON Semiconductor\RSL10 EDK\eclipse\..\lib\ble_core\release\libblelib.a(rwip.o)
                0x001017fc                rwip_wakeup
 .text.rwip_wakeup_end
                0x00101814       0x28 C:\Program Files (x86)\ON Semiconductor\RSL10 EDK\eclipse\..\lib\ble_core\release\libblelib.a(rwip.o)
                0x00101814                rwip_wakeup_end
 .text.rwip_wakeup_delay_set
                0x0010183c       0x40 C:\Program Files (x86)\ON Semiconductor\RSL10 EDK\eclipse\..\lib\ble_core\release\libblelib.a(rwip.o)
                0x0010183c                rwip_wakeup_delay_set
 .text.rwip_prevent_sleep_set
                0x0010187c       0x14 C:\Program Files (x86)\ON Semiconductor\RSL10 EDK\eclipse\..\lib\ble_core\release\libblelib.a(rwip.o)
                0x0010187c                rwip_prevent_sleep_set
 .text.rwip_prevent_sleep_clear
                0x00101890       0x14 C:\Program Files (x86)\ON Semiconductor\RSL10 EDK\eclipse\..\lib\ble_core\release\libblelib.a(rwip.o)
                0x00101890                rwip_prevent_sleep_clear
 .text.rwip_sleep_lpcycles_2_us
                0x001018a4       0x48 C:\Program Files (x86)\ON Semiconductor\RSL10 EDK\eclipse\..\lib\ble_core\release\libblelib.a(rwip.o)
                0x001018a4                rwip_sleep_lpcycles_2_us
 .text.rwip_us_2_lpcycles
                0x001018ec       0x34 C:\Program Files (x86)\ON Semiconductor\RSL10 EDK\eclipse\..\lib\ble_core\release\libblelib.a(rwip.o)
                0x001018ec                rwip_us_2_lpcycles
 .text.BLE_InitNoTL
                0x00101920       0x4c C:\Program Files (x86)\ON Semiconductor\RSL10 EDK\eclipse\..\lib\ble_core\release\libblelib.a(rwip.o)
                0x00101920                BLE_InitNoTL
 .text.rwble_init
                0x0010196c       0x28 C:\Program Files (x86)\ON Semiconductor\RSL10 EDK\eclipse\..\lib\ble_core\release\libblelib.a(rwble.o)
                0x0010196c                rwble_init
 .text.rwble_reset
                0x00101994       0x50 C:\Program Files (x86)\ON Semiconductor\RSL10 EDK\eclipse\..\lib\ble_core\release\libblelib.a(rwble.o)
                0x00101994                rwble_reset
 .text.rwble_isr
                0x001019e4       0xdc C:\Program Files (x86)\ON Semiconductor\RSL10 EDK\eclipse\..\lib\ble_core\release\libblelib.a(rwble.o)
                0x001019e4                BLE_CSCNT_IRQHandler
                0x001019e4                BLE_SW_IRQHandler
                0x001019e4                BLE_AUDIO0_IRQHandler
                0x001019e4                BLE_SLP_IRQHandler
                0x001019e4                BLE_RX_IRQHandler
                0x001019e4                rwble_isr
                0x001019e4                BLE_AUDIO2_IRQHandler
                0x001019e4                BLE_AUDIO1_IRQHandler
                0x001019e4                BLE_ERROR_IRQHandler
                0x001019e4                BLE_EVENT_IRQHandler
                0x001019e4                BLE_CRYPT_IRQHandler
                0x001019e4                BLE_FINETGTIM_IRQHandler
 .text.rf_atl_spi_tf
                0x00101ac0       0x24 C:\Program Files (x86)\ON Semiconductor\RSL10 EDK\eclipse\..\lib\ble_core\release\libblelib.a(rf_atlas.o)
 .text.rf_reset
                0x00101ae4        0x4 C:\Program Files (x86)\ON Semiconductor\RSL10 EDK\eclipse\..\lib\ble_core\release\libblelib.a(rf_atlas.o)
 .text.rf_force_agc_enable
                0x00101ae8        0x4 C:\Program Files (x86)\ON Semiconductor\RSL10 EDK\eclipse\..\lib\ble_core\release\libblelib.a(rf_atlas.o)
 .text.rf_txpwr_dbm_get
                0x00101aec        0x4 C:\Program Files (x86)\ON Semiconductor\RSL10 EDK\eclipse\..\lib\ble_core\release\libblelib.a(rf_atlas.o)
 .text.rf_sleep
                0x00101af0       0x10 C:\Program Files (x86)\ON Semiconductor\RSL10 EDK\eclipse\..\lib\ble_core\release\libblelib.a(rf_atlas.o)
 .text.rf_rssi_convert
                0x00101b00       0x38 C:\Program Files (x86)\ON Semiconductor\RSL10 EDK\eclipse\..\lib\ble_core\release\libblelib.a(rf_atlas.o)
 .text.rf_atl_reg_burst_wr
                0x00101b38       0x44 C:\Program Files (x86)\ON Semiconductor\RSL10 EDK\eclipse\..\lib\ble_core\release\libblelib.a(rf_atlas.o)
 .text.rf_atl_reg_wr
                0x00101b7c       0x2c C:\Program Files (x86)\ON Semiconductor\RSL10 EDK\eclipse\..\lib\ble_core\release\libblelib.a(rf_atlas.o)
 .text.rf_atl_reg_rd
                0x00101ba8       0x2c C:\Program Files (x86)\ON Semiconductor\RSL10 EDK\eclipse\..\lib\ble_core\release\libblelib.a(rf_atlas.o)
 .text.rf_init  0x00101bd4      0x52c C:\Program Files (x86)\ON Semiconductor\RSL10 EDK\eclipse\..\lib\ble_core\release\libblelib.a(rf_atlas.o)
                0x00101bd4                rf_init
 .text.prf_itf_get
                0x00102100       0xcc C:\Program Files (x86)\ON Semiconductor\RSL10 EDK\eclipse\..\lib\ble_core\release\libblelib.a(prf-prf_utils.o)
 .text.prf_gatt_write.part.0
                0x001021cc       0x5c C:\Program Files (x86)\ON Semiconductor\RSL10 EDK\eclipse\..\lib\ble_core\release\libblelib.a(prf-prf_utils.o)
 .text.prf_init
                0x00102228       0x6c C:\Program Files (x86)\ON Semiconductor\RSL10 EDK\eclipse\..\lib\ble_core\release\libblelib.a(prf-prf_utils.o)
                0x00102228                prf_init
 .text.prf_add_profile
                0x00102294       0x84 C:\Program Files (x86)\ON Semiconductor\RSL10 EDK\eclipse\..\lib\ble_core\release\libblelib.a(prf-prf_utils.o)
                0x00102294                prf_add_profile
 .text.prf_create
                0x00102318       0x28 C:\Program Files (x86)\ON Semiconductor\RSL10 EDK\eclipse\..\lib\ble_core\release\libblelib.a(prf-prf_utils.o)
                0x00102318                prf_create
 .text.prf_cleanup
                0x00102340       0x2c C:\Program Files (x86)\ON Semiconductor\RSL10 EDK\eclipse\..\lib\ble_core\release\libblelib.a(prf-prf_utils.o)
                0x00102340                prf_cleanup
 .text.prf_env_get
                0x0010236c       0x34 C:\Program Files (x86)\ON Semiconductor\RSL10 EDK\eclipse\..\lib\ble_core\release\libblelib.a(prf-prf_utils.o)
                0x0010236c                prf_env_get
 .text.prf_src_task_get
                0x001023a0       0x10 C:\Program Files (x86)\ON Semiconductor\RSL10 EDK\eclipse\..\lib\ble_core\release\libblelib.a(prf-prf_utils.o)
                0x001023a0                prf_src_task_get
 .text.prf_dst_task_get
                0x001023b0       0x10 C:\Program Files (x86)\ON Semiconductor\RSL10 EDK\eclipse\..\lib\ble_core\release\libblelib.a(prf-prf_utils.o)
                0x001023b0                prf_dst_task_get
 .text.prf_pack_char_pres_fmt
                0x001023c0       0x20 C:\Program Files (x86)\ON Semiconductor\RSL10 EDK\eclipse\..\lib\ble_core\release\libblelib.a(prf-prf_utils.o)
                0x001023c0                prf_pack_char_pres_fmt
 .text.prf_unpack_char_pres_fmt
                0x001023e0       0x24 C:\Program Files (x86)\ON Semiconductor\RSL10 EDK\eclipse\..\lib\ble_core\release\libblelib.a(prf-prf_utils.o)
                0x001023e0                prf_unpack_char_pres_fmt
 .text.prf_read_char_send
                0x00102404       0x3c C:\Program Files (x86)\ON Semiconductor\RSL10 EDK\eclipse\..\lib\ble_core\release\libblelib.a(prf-prf_utils.o)
                0x00102404                prf_read_char_send
 .text.prf_register_atthdl2gatt
                0x00102440       0x3c C:\Program Files (x86)\ON Semiconductor\RSL10 EDK\eclipse\..\lib\ble_core\release\libblelib.a(prf-prf_utils.o)
                0x00102440                prf_register_atthdl2gatt
 .text.prf_disc_svc_send
                0x0010247c       0x40 C:\Program Files (x86)\ON Semiconductor\RSL10 EDK\eclipse\..\lib\ble_core\release\libblelib.a(prf-prf_utils.o)
                0x0010247c                prf_disc_svc_send
 .text.prf_gatt_write_ntf_ind
                0x001024bc       0x24 C:\Program Files (x86)\ON Semiconductor\RSL10 EDK\eclipse\..\lib\ble_core\release\libblelib.a(prf-prf_utils.o)
                0x001024bc                prf_gatt_write_ntf_ind
 .text.prf_check_svc_char_validity
                0x001024e0       0x3c C:\Program Files (x86)\ON Semiconductor\RSL10 EDK\eclipse\..\lib\ble_core\release\libblelib.a(prf-prf_utils.o)
                0x001024e0                prf_check_svc_char_validity
 .text.prf_check_svc_char_desc_validity
                0x0010251c       0x44 C:\Program Files (x86)\ON Semiconductor\RSL10 EDK\eclipse\..\lib\ble_core\release\libblelib.a(prf-prf_utils.o)
                0x0010251c                prf_check_svc_char_desc_validity
 .text.prf_extract_svc_info
                0x00102560      0x1c8 C:\Program Files (x86)\ON Semiconductor\RSL10 EDK\eclipse\..\lib\ble_core\release\libblelib.a(prf-prf_utils.o)
                0x00102560                prf_extract_svc_info
 .text.lld_evt_winsize_change
                0x00102728       0xb8 C:\Program Files (x86)\ON Semiconductor\RSL10 EDK\eclipse\..\lib\ble_core\release\libblelib.a(lld_evt.o)
 .text.lld_evt_rxwin_compute
                0x001027e0       0x64 C:\Program Files (x86)\ON Semiconductor\RSL10 EDK\eclipse\..\lib\ble_core\release\libblelib.a(lld_evt.o)
 .text.lld_evt_slave_time_compute
                0x00102844       0xd4 C:\Program Files (x86)\ON Semiconductor\RSL10 EDK\eclipse\..\lib\ble_core\release\libblelib.a(lld_evt.o)
 .text.lld_evt_prevent_stop
                0x00102918        0x4 C:\Program Files (x86)\ON Semiconductor\RSL10 EDK\eclipse\..\lib\ble_core\release\libblelib.a(lld_evt.o)
                0x00102918                lld_evt_prevent_stop
 .text.lld_evt_deferred_elt_push
                0x0010291c       0x28 C:\Program Files (x86)\ON Semiconductor\RSL10 EDK\eclipse\..\lib\ble_core\release\libblelib.a(lld_evt.o)
 .text.lld_evt_elt_wait_insert
                0x00102944       0x20 C:\Program Files (x86)\ON Semiconductor\RSL10 EDK\eclipse\..\lib\ble_core\release\libblelib.a(lld_evt.o)
 .text.lld_evt_deferred_elt_pop
                0x00102964       0x2c C:\Program Files (x86)\ON Semiconductor\RSL10 EDK\eclipse\..\lib\ble_core\release\libblelib.a(lld_evt.o)
 .text.lld_evt_get_next_free_slot
                0x00102990       0x40 C:\Program Files (x86)\ON Semiconductor\RSL10 EDK\eclipse\..\lib\ble_core\release\libblelib.a(lld_evt.o)
 .text.lld_evt_elt_wait_get
                0x001029d0       0x34 C:\Program Files (x86)\ON Semiconductor\RSL10 EDK\eclipse\..\lib\ble_core\release\libblelib.a(lld_evt.o)
 .text.lld_evt_schedule
                0x00102a04      0x170 C:\Program Files (x86)\ON Semiconductor\RSL10 EDK\eclipse\..\lib\ble_core\release\libblelib.a(lld_evt.o)
                0x00102a04                lld_evt_schedule
 .text.lld_evt_delete_elt_push
                0x00102b74       0x44 C:\Program Files (x86)\ON Semiconductor\RSL10 EDK\eclipse\..\lib\ble_core\release\libblelib.a(lld_evt.o)
                0x00102b74                lld_evt_delete_elt_push
 .text.lld_evt_deffered_elt_handler
                0x00102bb8      0x118 C:\Program Files (x86)\ON Semiconductor\RSL10 EDK\eclipse\..\lib\ble_core\release\libblelib.a(lld_evt.o)
                0x00102bb8                lld_evt_deffered_elt_handler
 .text.lld_evt_channel_next
                0x00102cd0       0x50 C:\Program Files (x86)\ON Semiconductor\RSL10 EDK\eclipse\..\lib\ble_core\release\libblelib.a(lld_evt.o)
                0x00102cd0                lld_evt_channel_next
 .text.lld_evt_init
                0x00102d20      0x130 C:\Program Files (x86)\ON Semiconductor\RSL10 EDK\eclipse\..\lib\ble_core\release\libblelib.a(lld_evt.o)
                0x00102d20                lld_evt_init
 .text.lld_evt_init_evt
                0x00102e50       0x40 C:\Program Files (x86)\ON Semiconductor\RSL10 EDK\eclipse\..\lib\ble_core\release\libblelib.a(lld_evt.o)
                0x00102e50                lld_evt_init_evt
 .text.lld_evt_restart
                0x00102e90      0x8f0 C:\Program Files (x86)\ON Semiconductor\RSL10 EDK\eclipse\..\lib\ble_core\release\libblelib.a(lld_evt.o)
                0x00102e90                lld_evt_restart
 .text.lld_evt_elt_insert
                0x00103780       0x48 C:\Program Files (x86)\ON Semiconductor\RSL10 EDK\eclipse\..\lib\ble_core\release\libblelib.a(lld_evt.o)
                0x00103780                lld_evt_elt_insert
 .text.lld_evt_canceled
                0x001037c8       0x40 C:\Program Files (x86)\ON Semiconductor\RSL10 EDK\eclipse\..\lib\ble_core\release\libblelib.a(lld_evt.o)
                0x001037c8                lld_evt_canceled
 .text.lld_evt_elt_delete
                0x00103808       0xd4 C:\Program Files (x86)\ON Semiconductor\RSL10 EDK\eclipse\..\lib\ble_core\release\libblelib.a(lld_evt.o)
                0x00103808                lld_evt_elt_delete
 .text.lld_evt_delete_elt_handler
                0x001038dc       0x68 C:\Program Files (x86)\ON Semiconductor\RSL10 EDK\eclipse\..\lib\ble_core\release\libblelib.a(lld_evt.o)
 .text.lld_evt_schedule_next
                0x00103944      0x1b8 C:\Program Files (x86)\ON Semiconductor\RSL10 EDK\eclipse\..\lib\ble_core\release\libblelib.a(lld_evt.o)
                0x00103944                lld_evt_schedule_next
 .text.lld_evt_scan_create
                0x00103afc       0x88 C:\Program Files (x86)\ON Semiconductor\RSL10 EDK\eclipse\..\lib\ble_core\release\libblelib.a(lld_evt.o)
                0x00103afc                lld_evt_scan_create
 .text.lld_evt_move_to_master
                0x00103b84      0x15c C:\Program Files (x86)\ON Semiconductor\RSL10 EDK\eclipse\..\lib\ble_core\release\libblelib.a(lld_evt.o)
                0x00103b84                lld_evt_move_to_master
 .text.lld_evt_update_create
                0x00103ce0      0x164 C:\Program Files (x86)\ON Semiconductor\RSL10 EDK\eclipse\..\lib\ble_core\release\libblelib.a(lld_evt.o)
                0x00103ce0                lld_evt_update_create
 .text.lld_evt_move_to_slave
                0x00103e44      0x344 C:\Program Files (x86)\ON Semiconductor\RSL10 EDK\eclipse\..\lib\ble_core\release\libblelib.a(lld_evt.o)
                0x00103e44                lld_evt_move_to_slave
 .text.lld_evt_slave_update
                0x00104188      0x19c C:\Program Files (x86)\ON Semiconductor\RSL10 EDK\eclipse\..\lib\ble_core\release\libblelib.a(lld_evt.o)
                0x00104188                lld_evt_slave_update
 .text.lld_evt_adv_create
                0x00104324       0x8c C:\Program Files (x86)\ON Semiconductor\RSL10 EDK\eclipse\..\lib\ble_core\release\libblelib.a(lld_evt.o)
                0x00104324                lld_evt_adv_create
 .text.lld_evt_end
                0x001043b0      0x194 C:\Program Files (x86)\ON Semiconductor\RSL10 EDK\eclipse\..\lib\ble_core\release\libblelib.a(lld_evt.o)
                0x001043b0                lld_evt_end
 .text.lld_evt_rx
                0x00104544       0x40 C:\Program Files (x86)\ON Semiconductor\RSL10 EDK\eclipse\..\lib\ble_core\release\libblelib.a(lld_evt.o)
                0x00104544                lld_evt_rx
 .text.lld_evt_end_isr
                0x00104584       0x40 C:\Program Files (x86)\ON Semiconductor\RSL10 EDK\eclipse\..\lib\ble_core\release\libblelib.a(lld_evt.o)
                0x00104584                lld_evt_end_isr
 .text.lld_evt_rx_isr
                0x001045c4       0x10 C:\Program Files (x86)\ON Semiconductor\RSL10 EDK\eclipse\..\lib\ble_core\release\libblelib.a(lld_evt.o)
                0x001045c4                lld_evt_rx_isr
 .text.lld_sleep_init
                0x001045d4       0x3c C:\Program Files (x86)\ON Semiconductor\RSL10 EDK\eclipse\..\lib\ble_core\release\libblelib.a(lld_sleep.o)
                0x001045d4                lld_sleep_init
 .text.lld_sleep_wakeup
                0x00104610       0x84 C:\Program Files (x86)\ON Semiconductor\RSL10 EDK\eclipse\..\lib\ble_core\release\libblelib.a(lld_sleep.o)
                0x00104610                lld_sleep_wakeup
 .text.lld_sleep_wakeup_end
                0x00104694       0x1c C:\Program Files (x86)\ON Semiconductor\RSL10 EDK\eclipse\..\lib\ble_core\release\libblelib.a(lld_sleep.o)
                0x00104694                lld_sleep_wakeup_end
 .text.hci_evt_mask_set.part.1
                0x001046b0       0x34 C:\Program Files (x86)\ON Semiconductor\RSL10 EDK\eclipse\..\lib\ble_core\release\libblelib.a(hci.o)
 .text.hci_init
                0x001046e4       0x24 C:\Program Files (x86)\ON Semiconductor\RSL10 EDK\eclipse\..\lib\ble_core\release\libblelib.a(hci.o)
                0x001046e4                hci_init
 .text.hci_reset
                0x00104708       0x24 C:\Program Files (x86)\ON Semiconductor\RSL10 EDK\eclipse\..\lib\ble_core\release\libblelib.a(hci.o)
                0x00104708                hci_reset
 .text.hci_send_2_host
                0x0010472c       0xfc C:\Program Files (x86)\ON Semiconductor\RSL10 EDK\eclipse\..\lib\ble_core\release\libblelib.a(hci.o)
                0x0010472c                hci_send_2_host
 .text.hci_send_2_controller
                0x00104828       0xa4 C:\Program Files (x86)\ON Semiconductor\RSL10 EDK\eclipse\..\lib\ble_core\release\libblelib.a(hci.o)
                0x00104828                hci_send_2_controller
 .text.hci_evt_mask_set
                0x001048cc       0x24 C:\Program Files (x86)\ON Semiconductor\RSL10 EDK\eclipse\..\lib\ble_core\release\libblelib.a(hci.o)
                0x001048cc                hci_evt_mask_set
 .text.hci_fc_init
                0x001048f0       0x20 C:\Program Files (x86)\ON Semiconductor\RSL10 EDK\eclipse\..\lib\ble_core\release\libblelib.a(hci_fc.o)
                0x001048f0                hci_fc_init
 .text.hci_fc_acl_buf_size_set
                0x00104910       0x24 C:\Program Files (x86)\ON Semiconductor\RSL10 EDK\eclipse\..\lib\ble_core\release\libblelib.a(hci_fc.o)
                0x00104910                hci_fc_acl_buf_size_set
 .text.hci_fc_acl_en
                0x00104934       0x30 C:\Program Files (x86)\ON Semiconductor\RSL10 EDK\eclipse\..\lib\ble_core\release\libblelib.a(hci_fc.o)
                0x00104934                hci_fc_acl_en
 .text.hci_fc_host_nb_acl_pkts_complete
                0x00104964       0x14 C:\Program Files (x86)\ON Semiconductor\RSL10 EDK\eclipse\..\lib\ble_core\release\libblelib.a(hci_fc.o)
                0x00104964                hci_fc_host_nb_acl_pkts_complete
 .text.hci_look_for_cmd_desc
                0x00104978       0x64 C:\Program Files (x86)\ON Semiconductor\RSL10 EDK\eclipse\..\lib\ble_core\release\libblelib.a(hci_msg.o)
                0x00104978                hci_look_for_cmd_desc
 .text.hci_look_for_evt_desc
                0x001049dc       0x2c C:\Program Files (x86)\ON Semiconductor\RSL10 EDK\eclipse\..\lib\ble_core\release\libblelib.a(hci_msg.o)
                0x001049dc                hci_look_for_evt_desc
 .text.hci_look_for_le_evt_desc
                0x00104a08       0x2c C:\Program Files (x86)\ON Semiconductor\RSL10 EDK\eclipse\..\lib\ble_core\release\libblelib.a(hci_msg.o)
                0x00104a08                hci_look_for_le_evt_desc
 .text.llm_con_req_ind
                0x00104a34      0x18c C:\Program Files (x86)\ON Semiconductor\RSL10 EDK\eclipse\..\lib\ble_core\release\libblelib.a(llm.o)
                0x00104a34                llm_con_req_ind
 .text.llm_le_adv_report_ind
                0x00104bc0      0x308 C:\Program Files (x86)\ON Semiconductor\RSL10 EDK\eclipse\..\lib\ble_core\release\libblelib.a(llm.o)
                0x00104bc0                llm_le_adv_report_ind
 .text.llm_con_req_tx_cfm
                0x00104ec8      0x13c C:\Program Files (x86)\ON Semiconductor\RSL10 EDK\eclipse\..\lib\ble_core\release\libblelib.a(llm.o)
                0x00104ec8                llm_con_req_tx_cfm
 .text.llm_common_cmd_complete_send
                0x00105004       0x1c C:\Program Files (x86)\ON Semiconductor\RSL10 EDK\eclipse\..\lib\ble_core\release\libblelib.a(llm.o)
                0x00105004                llm_common_cmd_complete_send
 .text.llm_ble_ready
                0x00105020        0x8 C:\Program Files (x86)\ON Semiconductor\RSL10 EDK\eclipse\..\lib\ble_core\release\libblelib.a(llm.o)
                0x00105020                llm_ble_ready
 .text.llm_common_cmd_status_send
                0x00105028       0x1c C:\Program Files (x86)\ON Semiconductor\RSL10 EDK\eclipse\..\lib\ble_core\release\libblelib.a(llm.o)
                0x00105028                llm_common_cmd_status_send
 .text.llm_test_mode_start_tx
                0x00105044      0x280 C:\Program Files (x86)\ON Semiconductor\RSL10 EDK\eclipse\..\lib\ble_core\release\libblelib.a(llm.o)
                0x00105044                llm_test_mode_start_tx
 .text.llm_test_mode_start_rx
                0x001052c4       0xe8 C:\Program Files (x86)\ON Semiconductor\RSL10 EDK\eclipse\..\lib\ble_core\release\libblelib.a(llm.o)
                0x001052c4                llm_test_mode_start_rx
 .text.llm_set_adv_param
                0x001053ac      0x184 C:\Program Files (x86)\ON Semiconductor\RSL10 EDK\eclipse\..\lib\ble_core\release\libblelib.a(llm.o)
                0x001053ac                llm_set_adv_param
 .text.llm_set_adv_data
                0x00105530       0xa4 C:\Program Files (x86)\ON Semiconductor\RSL10 EDK\eclipse\..\lib\ble_core\release\libblelib.a(llm.o)
                0x00105530                llm_set_adv_data
 .text.llm_set_scan_rsp_data
                0x001055d4       0xa4 C:\Program Files (x86)\ON Semiconductor\RSL10 EDK\eclipse\..\lib\ble_core\release\libblelib.a(llm.o)
                0x001055d4                llm_set_scan_rsp_data
 .text.llm_set_scan_param
                0x00105678       0x94 C:\Program Files (x86)\ON Semiconductor\RSL10 EDK\eclipse\..\lib\ble_core\release\libblelib.a(llm.o)
                0x00105678                llm_set_scan_param
 .text.llm_wl_clr
                0x0010570c       0x9c C:\Program Files (x86)\ON Semiconductor\RSL10 EDK\eclipse\..\lib\ble_core\release\libblelib.a(llm.o)
                0x0010570c                llm_wl_clr
 .text.llm_init
                0x001057a8      0x1d0 C:\Program Files (x86)\ON Semiconductor\RSL10 EDK\eclipse\..\lib\ble_core\release\libblelib.a(llm.o)
                0x001057a8                llm_init
 .text.llm_wl_dev_add
                0x00105978       0x84 C:\Program Files (x86)\ON Semiconductor\RSL10 EDK\eclipse\..\lib\ble_core\release\libblelib.a(llm.o)
                0x00105978                llm_wl_dev_add
 .text.llm_wl_dev_rem
                0x001059fc       0x70 C:\Program Files (x86)\ON Semiconductor\RSL10 EDK\eclipse\..\lib\ble_core\release\libblelib.a(llm.o)
                0x001059fc                llm_wl_dev_rem
 .text.llm_wl_dev_add_hdl
                0x00105a6c       0x84 C:\Program Files (x86)\ON Semiconductor\RSL10 EDK\eclipse\..\lib\ble_core\release\libblelib.a(llm.o)
                0x00105a6c                llm_wl_dev_add_hdl
 .text.llm_wl_dev_rem_hdl
                0x00105af0       0x7c C:\Program Files (x86)\ON Semiconductor\RSL10 EDK\eclipse\..\lib\ble_core\release\libblelib.a(llm.o)
                0x00105af0                llm_wl_dev_rem_hdl
 .text.llm_encryption_start
                0x00105b6c       0xb4 C:\Program Files (x86)\ON Semiconductor\RSL10 EDK\eclipse\..\lib\ble_core\release\libblelib.a(llm.o)
                0x00105b6c                llm_encryption_start
 .text.llm_encryption_done
                0x00105c20       0xac C:\Program Files (x86)\ON Semiconductor\RSL10 EDK\eclipse\..\lib\ble_core\release\libblelib.a(llm.o)
                0x00105c20                llm_encryption_done
 .text.llm_ral_clear
                0x00105ccc       0x2c C:\Program Files (x86)\ON Semiconductor\RSL10 EDK\eclipse\..\lib\ble_core\release\libblelib.a(llm.o)
                0x00105ccc                llm_ral_clear
 .text.llm_ral_dev_add
                0x00105cf8      0x150 C:\Program Files (x86)\ON Semiconductor\RSL10 EDK\eclipse\..\lib\ble_core\release\libblelib.a(llm.o)
                0x00105cf8                llm_ral_dev_add
 .text.llm_ral_dev_rm
                0x00105e48       0x40 C:\Program Files (x86)\ON Semiconductor\RSL10 EDK\eclipse\..\lib\ble_core\release\libblelib.a(llm.o)
                0x00105e48                llm_ral_dev_rm
 .text.llm_ral_get_rpa
                0x00105e88       0x8c C:\Program Files (x86)\ON Semiconductor\RSL10 EDK\eclipse\..\lib\ble_core\release\libblelib.a(llm.o)
                0x00105e88                llm_ral_get_rpa
 .text.llm_ral_set_timeout
                0x00105f14       0x4c C:\Program Files (x86)\ON Semiconductor\RSL10 EDK\eclipse\..\lib\ble_core\release\libblelib.a(llm.o)
                0x00105f14                llm_ral_set_timeout
 .text.llm_ral_update
                0x00105f60       0x38 C:\Program Files (x86)\ON Semiconductor\RSL10 EDK\eclipse\..\lib\ble_core\release\libblelib.a(llm.o)
                0x00105f60                llm_ral_update
 .text.llm_set_adv_en
                0x00105f98      0x14c C:\Program Files (x86)\ON Semiconductor\RSL10 EDK\eclipse\..\lib\ble_core\release\libblelib.a(llm.o)
                0x00105f98                llm_set_adv_en
 .text.llm_set_scan_en
                0x001060e4       0xb0 C:\Program Files (x86)\ON Semiconductor\RSL10 EDK\eclipse\..\lib\ble_core\release\libblelib.a(llm.o)
                0x001060e4                llm_set_scan_en
 .text.llm_create_con
                0x00106194      0x13c C:\Program Files (x86)\ON Semiconductor\RSL10 EDK\eclipse\..\lib\ble_core\release\libblelib.a(llm.o)
                0x00106194                llm_create_con
 .text.llm_dft_handler
                0x001062d0        0x4 C:\Program Files (x86)\ON Semiconductor\RSL10 EDK\eclipse\..\lib\ble_core\release\libblelib.a(llm_task.o)
 .text.llm_le_set_host_ch_class_cmd_sto_handler
                0x001062d4       0x10 C:\Program Files (x86)\ON Semiconductor\RSL10 EDK\eclipse\..\lib\ble_core\release\libblelib.a(llm_task.o)
 .text.llm_ecc_result_ind_handler
                0x001062e4      0x10c C:\Program Files (x86)\ON Semiconductor\RSL10 EDK\eclipse\..\lib\ble_core\release\libblelib.a(llm_task.o)
 .text.llm_enc_req_handler
                0x001063f0       0x24 C:\Program Files (x86)\ON Semiconductor\RSL10 EDK\eclipse\..\lib\ble_core\release\libblelib.a(llm_task.o)
 .text.llm_le_enh_priv_addr_renew_timer_handler
                0x00106414       0x4c C:\Program Files (x86)\ON Semiconductor\RSL10 EDK\eclipse\..\lib\ble_core\release\libblelib.a(llm_task.o)
 .text.lld_stop_ind_handler
                0x00106460       0x60 C:\Program Files (x86)\ON Semiconductor\RSL10 EDK\eclipse\..\lib\ble_core\release\libblelib.a(llm_task.o)
 .text.llm_util_bd_addr_wl_position
                0x001064c0       0x68 C:\Program Files (x86)\ON Semiconductor\RSL10 EDK\eclipse\..\lib\ble_core\release\libblelib.a(llm_util.o)
                0x001064c0                llm_util_bd_addr_wl_position
 .text.llm_util_check_address_validity
                0x00106528       0x18 C:\Program Files (x86)\ON Semiconductor\RSL10 EDK\eclipse\..\lib\ble_core\release\libblelib.a(llm_util.o)
                0x00106528                llm_util_check_address_validity
 .text.llm_util_check_map_validity
                0x00106540       0x58 C:\Program Files (x86)\ON Semiconductor\RSL10 EDK\eclipse\..\lib\ble_core\release\libblelib.a(llm_util.o)
                0x00106540                llm_util_check_map_validity
 .text.llm_util_apply_bd_addr
                0x00106598       0x20 C:\Program Files (x86)\ON Semiconductor\RSL10 EDK\eclipse\..\lib\ble_core\release\libblelib.a(llm_util.o)
                0x00106598                llm_util_apply_bd_addr
 .text.llm_util_check_evt_mask
                0x001065b8       0x1c C:\Program Files (x86)\ON Semiconductor\RSL10 EDK\eclipse\..\lib\ble_core\release\libblelib.a(llm_util.o)
                0x001065b8                llm_util_check_evt_mask
 .text.llm_util_get_channel_map
                0x001065d4       0x10 C:\Program Files (x86)\ON Semiconductor\RSL10 EDK\eclipse\..\lib\ble_core\release\libblelib.a(llm_util.o)
                0x001065d4                llm_util_get_channel_map
 .text.llm_util_get_supp_features
                0x001065e4       0x10 C:\Program Files (x86)\ON Semiconductor\RSL10 EDK\eclipse\..\lib\ble_core\release\libblelib.a(llm_util.o)
                0x001065e4                llm_util_get_supp_features
 .text.llm_util_adv_data_update
                0x001065f4       0x40 C:\Program Files (x86)\ON Semiconductor\RSL10 EDK\eclipse\..\lib\ble_core\release\libblelib.a(llm_util.o)
                0x001065f4                llm_util_adv_data_update
 .text.llm_util_bl_check
                0x00106634       0x78 C:\Program Files (x86)\ON Semiconductor\RSL10 EDK\eclipse\..\lib\ble_core\release\libblelib.a(llm_util.o)
                0x00106634                llm_util_bl_check
 .text.llm_util_bd_addr_in_wl
                0x001066ac       0x50 C:\Program Files (x86)\ON Semiconductor\RSL10 EDK\eclipse\..\lib\ble_core\release\libblelib.a(llm_util.o)
                0x001066ac                llm_util_bd_addr_in_wl
 .text.llm_util_get_default_phy
                0x001066fc       0x2c C:\Program Files (x86)\ON Semiconductor\RSL10 EDK\eclipse\..\lib\ble_core\release\libblelib.a(llm_util.o)
                0x001066fc                llm_util_get_default_phy
 .text.llm_util_bd_addr_in_ral
                0x00106728       0x68 C:\Program Files (x86)\ON Semiconductor\RSL10 EDK\eclipse\..\lib\ble_core\release\libblelib.a(llm_util.o)
                0x00106728                llm_util_bd_addr_in_ral
 .text.llm_util_bl_add
                0x00106790       0x98 C:\Program Files (x86)\ON Semiconductor\RSL10 EDK\eclipse\..\lib\ble_core\release\libblelib.a(llm_util.o)
                0x00106790                llm_util_bl_add
 .text.llm_util_bl_rem
                0x00106828       0x74 C:\Program Files (x86)\ON Semiconductor\RSL10 EDK\eclipse\..\lib\ble_core\release\libblelib.a(llm_util.o)
                0x00106828                llm_util_bl_rem
 .text.llm_end_evt_defer
                0x0010689c       0xd0 C:\Program Files (x86)\ON Semiconductor\RSL10 EDK\eclipse\..\lib\ble_core\release\libblelib.a(llm_util.o)
                0x0010689c                llm_end_evt_defer
 .text.llm_pdu_defer
                0x0010696c       0x88 C:\Program Files (x86)\ON Semiconductor\RSL10 EDK\eclipse\..\lib\ble_core\release\libblelib.a(llm_util.o)
                0x0010696c                llm_pdu_defer
 .text.lld_init
                0x001069f4      0x280 C:\Program Files (x86)\ON Semiconductor\RSL10 EDK\eclipse\..\lib\ble_core\release\libblelib.a(lld.o)
                0x001069f4                lld_init
 .text.lld_core_reset
                0x00106c74       0x64 C:\Program Files (x86)\ON Semiconductor\RSL10 EDK\eclipse\..\lib\ble_core\release\libblelib.a(lld.o)
                0x00106c74                lld_core_reset
 .text.lld_adv_start
                0x00106cd8      0x270 C:\Program Files (x86)\ON Semiconductor\RSL10 EDK\eclipse\..\lib\ble_core\release\libblelib.a(lld.o)
                0x00106cd8                lld_adv_start
 .text.lld_adv_stop
                0x00106f48       0x2c C:\Program Files (x86)\ON Semiconductor\RSL10 EDK\eclipse\..\lib\ble_core\release\libblelib.a(lld.o)
                0x00106f48                lld_adv_stop
 .text.lld_scan_start
                0x00106f74      0x1f0 C:\Program Files (x86)\ON Semiconductor\RSL10 EDK\eclipse\..\lib\ble_core\release\libblelib.a(lld.o)
                0x00106f74                lld_scan_start
 .text.lld_scan_stop
                0x00107164       0x2c C:\Program Files (x86)\ON Semiconductor\RSL10 EDK\eclipse\..\lib\ble_core\release\libblelib.a(lld.o)
                0x00107164                lld_scan_stop
 .text.lld_con_start
                0x00107190      0x668 C:\Program Files (x86)\ON Semiconductor\RSL10 EDK\eclipse\..\lib\ble_core\release\libblelib.a(lld.o)
                0x00107190                lld_con_start
 .text.lld_move_to_master
                0x001077f8      0x104 C:\Program Files (x86)\ON Semiconductor\RSL10 EDK\eclipse\..\lib\ble_core\release\libblelib.a(lld.o)
                0x001077f8                lld_move_to_master
 .text.lld_con_update_req
                0x001078fc       0x68 C:\Program Files (x86)\ON Semiconductor\RSL10 EDK\eclipse\..\lib\ble_core\release\libblelib.a(lld.o)
                0x001078fc                lld_con_update_req
 .text.lld_con_update_after_param_req
                0x00107964      0x284 C:\Program Files (x86)\ON Semiconductor\RSL10 EDK\eclipse\..\lib\ble_core\release\libblelib.a(lld.o)
                0x00107964                lld_con_update_after_param_req
 .text.lld_con_param_rsp
                0x00107be8      0x110 C:\Program Files (x86)\ON Semiconductor\RSL10 EDK\eclipse\..\lib\ble_core\release\libblelib.a(lld.o)
                0x00107be8                lld_con_param_rsp
 .text.lld_con_param_req
                0x00107cf8       0xcc C:\Program Files (x86)\ON Semiconductor\RSL10 EDK\eclipse\..\lib\ble_core\release\libblelib.a(lld.o)
                0x00107cf8                lld_con_param_req
 .text.lld_con_stop
                0x00107dc4        0x8 C:\Program Files (x86)\ON Semiconductor\RSL10 EDK\eclipse\..\lib\ble_core\release\libblelib.a(lld.o)
                0x00107dc4                lld_con_stop
 .text.lld_get_mode
                0x00107dcc       0x2c C:\Program Files (x86)\ON Semiconductor\RSL10 EDK\eclipse\..\lib\ble_core\release\libblelib.a(lld.o)
                0x00107dcc                lld_get_mode
 .text.lld_move_to_slave
                0x00107df8      0x20c C:\Program Files (x86)\ON Semiconductor\RSL10 EDK\eclipse\..\lib\ble_core\release\libblelib.a(lld.o)
                0x00107df8                lld_move_to_slave
 .text.lld_ch_map_ind
                0x00108004       0x4c C:\Program Files (x86)\ON Semiconductor\RSL10 EDK\eclipse\..\lib\ble_core\release\libblelib.a(lld.o)
                0x00108004                lld_ch_map_ind
 .text.lld_con_update_ind
                0x00108050        0xc C:\Program Files (x86)\ON Semiconductor\RSL10 EDK\eclipse\..\lib\ble_core\release\libblelib.a(lld.o)
                0x00108050                lld_con_update_ind
 .text.lld_crypt_isr
                0x0010805c        0x8 C:\Program Files (x86)\ON Semiconductor\RSL10 EDK\eclipse\..\lib\ble_core\release\libblelib.a(lld.o)
                0x0010805c                lld_crypt_isr
 .text.lld_test_mode_tx
                0x00108064      0x138 C:\Program Files (x86)\ON Semiconductor\RSL10 EDK\eclipse\..\lib\ble_core\release\libblelib.a(lld.o)
                0x00108064                lld_test_mode_tx
 .text.lld_test_mode_rx
                0x0010819c      0x13c C:\Program Files (x86)\ON Semiconductor\RSL10 EDK\eclipse\..\lib\ble_core\release\libblelib.a(lld.o)
                0x0010819c                lld_test_mode_rx
 .text.lld_test_stop
                0x001082d8       0x3c C:\Program Files (x86)\ON Semiconductor\RSL10 EDK\eclipse\..\lib\ble_core\release\libblelib.a(lld.o)
                0x001082d8                lld_test_stop
 .text.lld_ral_renew_req
                0x00108314       0x14 C:\Program Files (x86)\ON Semiconductor\RSL10 EDK\eclipse\..\lib\ble_core\release\libblelib.a(lld.o)
                0x00108314                lld_ral_renew_req
 .text.lld_pdu_llcp_con_param_req_unpk
                0x00108328      0x128 C:\Program Files (x86)\ON Semiconductor\RSL10 EDK\eclipse\..\lib\ble_core\release\libblelib.a(lld_pdu.o)
 .text.lld_pdu_llcp_con_param_rsp_unpk
                0x00108450      0x128 C:\Program Files (x86)\ON Semiconductor\RSL10 EDK\eclipse\..\lib\ble_core\release\libblelib.a(lld_pdu.o)
 .text.lld_pdu_llcp_length_req_unpk
                0x00108578       0x64 C:\Program Files (x86)\ON Semiconductor\RSL10 EDK\eclipse\..\lib\ble_core\release\libblelib.a(lld_pdu.o)
 .text.lld_pdu_llcp_length_rsp_unpk
                0x001085dc       0x64 C:\Program Files (x86)\ON Semiconductor\RSL10 EDK\eclipse\..\lib\ble_core\release\libblelib.a(lld_pdu.o)
 .text.lld_pdu_llcp_phy_upd_req_unpk
                0x00108640       0x3c C:\Program Files (x86)\ON Semiconductor\RSL10 EDK\eclipse\..\lib\ble_core\release\libblelib.a(lld_pdu.o)
 .text.lld_pdu_pack
                0x0010867c       0xfc C:\Program Files (x86)\ON Semiconductor\RSL10 EDK\eclipse\..\lib\ble_core\release\libblelib.a(lld_pdu.o)
 .text.lld_pdu_tx_flush_list
                0x00108778       0x48 C:\Program Files (x86)\ON Semiconductor\RSL10 EDK\eclipse\..\lib\ble_core\release\libblelib.a(lld_pdu.o)
 .text.lld_pdu_cntl_aligned_unpk
                0x001087c0       0x18 C:\Program Files (x86)\ON Semiconductor\RSL10 EDK\eclipse\..\lib\ble_core\release\libblelib.a(lld_pdu.o)
 .text.lld_pdu_check
                0x001087d8      0x188 C:\Program Files (x86)\ON Semiconductor\RSL10 EDK\eclipse\..\lib\ble_core\release\libblelib.a(lld_pdu.o)
                0x001087d8                lld_pdu_check
 .text.lld_pdu_tx_loop
                0x00108960       0x30 C:\Program Files (x86)\ON Semiconductor\RSL10 EDK\eclipse\..\lib\ble_core\release\libblelib.a(lld_pdu.o)
                0x00108960                lld_pdu_tx_loop
 .text.lld_pdu_data_tx_push
                0x00108990       0x90 C:\Program Files (x86)\ON Semiconductor\RSL10 EDK\eclipse\..\lib\ble_core\release\libblelib.a(lld_pdu.o)
                0x00108990                lld_pdu_data_tx_push
 .text.lld_pdu_data_send
                0x00108a20       0x40 C:\Program Files (x86)\ON Semiconductor\RSL10 EDK\eclipse\..\lib\ble_core\release\libblelib.a(lld_pdu.o)
                0x00108a20                lld_pdu_data_send
 .text.lld_pdu_tx_push
                0x00108a60       0x40 C:\Program Files (x86)\ON Semiconductor\RSL10 EDK\eclipse\..\lib\ble_core\release\libblelib.a(lld_pdu.o)
                0x00108a60                lld_pdu_tx_push
 .text.lld_pdu_tx_prog
                0x00108aa0      0x400 C:\Program Files (x86)\ON Semiconductor\RSL10 EDK\eclipse\..\lib\ble_core\release\libblelib.a(lld_pdu.o)
                0x00108aa0                lld_pdu_tx_prog
 .text.lld_pdu_tx_flush
                0x00108ea0       0x60 C:\Program Files (x86)\ON Semiconductor\RSL10 EDK\eclipse\..\lib\ble_core\release\libblelib.a(lld_pdu.o)
                0x00108ea0                lld_pdu_tx_flush
 .text.lld_pdu_adv_pack
                0x00108f00       0x20 C:\Program Files (x86)\ON Semiconductor\RSL10 EDK\eclipse\..\lib\ble_core\release\libblelib.a(lld_pdu.o)
                0x00108f00                lld_pdu_adv_pack
 .text.lld_pdu_rx_handler
                0x00108f20      0x314 C:\Program Files (x86)\ON Semiconductor\RSL10 EDK\eclipse\..\lib\ble_core\release\libblelib.a(lld_pdu.o)
                0x00108f20                lld_pdu_rx_handler
 .text.lld_util_instant_get
                0x00109234       0x18 C:\Program Files (x86)\ON Semiconductor\RSL10 EDK\eclipse\..\lib\ble_core\release\libblelib.a(lld_util.o)
                0x00109234                lld_util_instant_get
 .text.lld_util_set_bd_address
                0x0010924c       0x48 C:\Program Files (x86)\ON Semiconductor\RSL10 EDK\eclipse\..\lib\ble_core\release\libblelib.a(lld_util.o)
                0x0010924c                lld_util_set_bd_address
 .text.lld_util_ral_force_rpa_renew
                0x00109294       0x44 C:\Program Files (x86)\ON Semiconductor\RSL10 EDK\eclipse\..\lib\ble_core\release\libblelib.a(lld_util.o)
                0x00109294                lld_util_ral_force_rpa_renew
 .text.lld_util_freq2chnl
                0x001092d8       0x20 C:\Program Files (x86)\ON Semiconductor\RSL10 EDK\eclipse\..\lib\ble_core\release\libblelib.a(lld_util.o)
                0x001092d8                lld_util_freq2chnl
 .text.lld_util_get_local_offset
                0x001092f8       0x18 C:\Program Files (x86)\ON Semiconductor\RSL10 EDK\eclipse\..\lib\ble_core\release\libblelib.a(lld_util.o)
                0x001092f8                lld_util_get_local_offset
 .text.lld_util_get_peer_offset
                0x00109310       0x1c C:\Program Files (x86)\ON Semiconductor\RSL10 EDK\eclipse\..\lib\ble_core\release\libblelib.a(lld_util.o)
                0x00109310                lld_util_get_peer_offset
 .text.lld_util_connection_param_set
                0x0010932c       0x4c C:\Program Files (x86)\ON Semiconductor\RSL10 EDK\eclipse\..\lib\ble_core\release\libblelib.a(lld_util.o)
                0x0010932c                lld_util_connection_param_set
 .text.lld_util_dle_set_cs_fields
                0x00109378       0x30 C:\Program Files (x86)\ON Semiconductor\RSL10 EDK\eclipse\..\lib\ble_core\release\libblelib.a(lld_util.o)
                0x00109378                lld_util_dle_set_cs_fields
 .text.lld_util_anchor_point_move
                0x001093a8       0xf8 C:\Program Files (x86)\ON Semiconductor\RSL10 EDK\eclipse\..\lib\ble_core\release\libblelib.a(lld_util.o)
                0x001093a8                lld_util_anchor_point_move
 .text.lld_util_flush_list
                0x001094a0       0x18 C:\Program Files (x86)\ON Semiconductor\RSL10 EDK\eclipse\..\lib\ble_core\release\libblelib.a(lld_util.o)
                0x001094a0                lld_util_flush_list
 .text.lld_util_instant_ongoing
                0x001094b8        0xc C:\Program Files (x86)\ON Semiconductor\RSL10 EDK\eclipse\..\lib\ble_core\release\libblelib.a(lld_util.o)
                0x001094b8                lld_util_instant_ongoing
 .text.lld_util_compute_ce_max
                0x001094c4       0xbc C:\Program Files (x86)\ON Semiconductor\RSL10 EDK\eclipse\..\lib\ble_core\release\libblelib.a(lld_util.o)
                0x001094c4                lld_util_compute_ce_max
 .text.lld_util_priority_set
                0x00109580       0x78 C:\Program Files (x86)\ON Semiconductor\RSL10 EDK\eclipse\..\lib\ble_core\release\libblelib.a(lld_util.o)
                0x00109580                lld_util_priority_set
 .text.lld_util_get_tx_pkt_cnt
                0x001095f8        0x8 C:\Program Files (x86)\ON Semiconductor\RSL10 EDK\eclipse\..\lib\ble_core\release\libblelib.a(lld_util.o)
                0x001095f8                lld_util_get_tx_pkt_cnt
 .text.lld_util_get_phys
                0x00109600       0x3c C:\Program Files (x86)\ON Semiconductor\RSL10 EDK\eclipse\..\lib\ble_core\release\libblelib.a(lld_util.o)
                0x00109600                lld_util_get_phys
 .text.lld_util_phy_update_ind
                0x0010963c       0x78 C:\Program Files (x86)\ON Semiconductor\RSL10 EDK\eclipse\..\lib\ble_core\release\libblelib.a(lld_util.o)
                0x0010963c                lld_util_phy_update_ind
 .text.lld_util_phy_update_req
                0x001096b4       0x40 C:\Program Files (x86)\ON Semiconductor\RSL10 EDK\eclipse\..\lib\ble_core\release\libblelib.a(lld_util.o)
                0x001096b4                lld_util_phy_update_req
 .text.lld_util_eff_tx_time_set
                0x001096f4        0xc C:\Program Files (x86)\ON Semiconductor\RSL10 EDK\eclipse\..\lib\ble_core\release\libblelib.a(lld_util.o)
                0x001096f4                lld_util_eff_tx_time_set
 .text.lld_wlcoex_set
                0x00109700       0x1c C:\Program Files (x86)\ON Semiconductor\RSL10 EDK\eclipse\..\lib\ble_core\release\libblelib.a(lld_wlcoex.o)
                0x00109700                lld_wlcoex_set
 .text.llc_init
                0x0010971c       0x38 C:\Program Files (x86)\ON Semiconductor\RSL10 EDK\eclipse\..\lib\ble_core\release\libblelib.a(llc.o)
                0x0010971c                llc_init
 .text.llc_stop
                0x00109754       0x50 C:\Program Files (x86)\ON Semiconductor\RSL10 EDK\eclipse\..\lib\ble_core\release\libblelib.a(llc.o)
                0x00109754                llc_stop
 .text.llc_reset
                0x001097a4       0x28 C:\Program Files (x86)\ON Semiconductor\RSL10 EDK\eclipse\..\lib\ble_core\release\libblelib.a(llc.o)
                0x001097a4                llc_reset
 .text.llc_discon_event_complete_send
                0x001097cc       0x24 C:\Program Files (x86)\ON Semiconductor\RSL10 EDK\eclipse\..\lib\ble_core\release\libblelib.a(llc.o)
                0x001097cc                llc_discon_event_complete_send
 .text.llc_le_con_cmp_evt_send
                0x001097f0      0x244 C:\Program Files (x86)\ON Semiconductor\RSL10 EDK\eclipse\..\lib\ble_core\release\libblelib.a(llc.o)
                0x001097f0                llc_le_con_cmp_evt_send
 .text.llc_start
                0x00109a34      0x17c C:\Program Files (x86)\ON Semiconductor\RSL10 EDK\eclipse\..\lib\ble_core\release\libblelib.a(llc.o)
                0x00109a34                llc_start
 .text.llc_con_update_complete_send
                0x00109bb0       0x6c C:\Program Files (x86)\ON Semiconductor\RSL10 EDK\eclipse\..\lib\ble_core\release\libblelib.a(llc.o)
                0x00109bb0                llc_con_update_complete_send
 .text.llc_ltk_req_send
                0x00109c1c       0x38 C:\Program Files (x86)\ON Semiconductor\RSL10 EDK\eclipse\..\lib\ble_core\release\libblelib.a(llc.o)
                0x00109c1c                llc_ltk_req_send
 .text.llc_feats_rd_event_send
                0x00109c54       0x38 C:\Program Files (x86)\ON Semiconductor\RSL10 EDK\eclipse\..\lib\ble_core\release\libblelib.a(llc.o)
                0x00109c54                llc_feats_rd_event_send
 .text.llc_version_rd_event_send
                0x00109c8c       0x3c C:\Program Files (x86)\ON Semiconductor\RSL10 EDK\eclipse\..\lib\ble_core\release\libblelib.a(llc.o)
                0x00109c8c                llc_version_rd_event_send
 .text.llc_common_cmd_complete_send
                0x00109cc8       0x20 C:\Program Files (x86)\ON Semiconductor\RSL10 EDK\eclipse\..\lib\ble_core\release\libblelib.a(llc.o)
                0x00109cc8                llc_common_cmd_complete_send
 .text.llc_common_cmd_status_send
                0x00109ce8       0x20 C:\Program Files (x86)\ON Semiconductor\RSL10 EDK\eclipse\..\lib\ble_core\release\libblelib.a(llc.o)
                0x00109ce8                llc_common_cmd_status_send
 .text.llc_common_flush_occurred_send
                0x00109d08       0x1c C:\Program Files (x86)\ON Semiconductor\RSL10 EDK\eclipse\..\lib\ble_core\release\libblelib.a(llc.o)
                0x00109d08                llc_common_flush_occurred_send
 .text.llc_common_enc_key_ref_comp_evt_send
                0x00109d24       0x20 C:\Program Files (x86)\ON Semiconductor\RSL10 EDK\eclipse\..\lib\ble_core\release\libblelib.a(llc.o)
                0x00109d24                llc_common_enc_key_ref_comp_evt_send
 .text.llc_common_enc_change_evt_send
                0x00109d44       0x78 C:\Program Files (x86)\ON Semiconductor\RSL10 EDK\eclipse\..\lib\ble_core\release\libblelib.a(llc.o)
                0x00109d44                llc_common_enc_change_evt_send
 .text.llc_common_nb_of_pkt_comp_evt_send
                0x00109dbc       0x24 C:\Program Files (x86)\ON Semiconductor\RSL10 EDK\eclipse\..\lib\ble_core\release\libblelib.a(llc.o)
                0x00109dbc                llc_common_nb_of_pkt_comp_evt_send
 .text.llc_con_update_ind
                0x00109de0       0x54 C:\Program Files (x86)\ON Semiconductor\RSL10 EDK\eclipse\..\lib\ble_core\release\libblelib.a(llc.o)
                0x00109de0                llc_con_update_ind
 .text.llc_lsto_con_update
                0x00109e34       0x44 C:\Program Files (x86)\ON Semiconductor\RSL10 EDK\eclipse\..\lib\ble_core\release\libblelib.a(llc.o)
                0x00109e34                llc_lsto_con_update
 .text.llc_map_update_ind
                0x00109e78       0x64 C:\Program Files (x86)\ON Semiconductor\RSL10 EDK\eclipse\..\lib\ble_core\release\libblelib.a(llc.o)
                0x00109e78                llc_map_update_ind
 .text.llc_con_update_finished
                0x00109edc       0x84 C:\Program Files (x86)\ON Semiconductor\RSL10 EDK\eclipse\..\lib\ble_core\release\libblelib.a(llc.o)
                0x00109edc                llc_con_update_finished
 .text.llc_map_update_finished
                0x00109f60       0x7c C:\Program Files (x86)\ON Semiconductor\RSL10 EDK\eclipse\..\lib\ble_core\release\libblelib.a(llc.o)
                0x00109f60                llc_map_update_finished
 .text.llc_phy_update_complete_send
                0x00109fdc       0x2c C:\Program Files (x86)\ON Semiconductor\RSL10 EDK\eclipse\..\lib\ble_core\release\libblelib.a(llc.o)
                0x00109fdc                llc_phy_update_complete_send
 .text.llc_phy_update_finished
                0x0010a008       0xb8 C:\Program Files (x86)\ON Semiconductor\RSL10 EDK\eclipse\..\lib\ble_core\release\libblelib.a(llc.o)
                0x0010a008                llc_phy_update_finished
 .text.llc_llcp_send
                0x0010a0c0       0x78 C:\Program Files (x86)\ON Semiconductor\RSL10 EDK\eclipse\..\lib\ble_core\release\libblelib.a(llc_llcp.o)
 .text.llcp_ping_rsp_handler
                0x0010a138       0x5c C:\Program Files (x86)\ON Semiconductor\RSL10 EDK\eclipse\..\lib\ble_core\release\libblelib.a(llc_llcp.o)
 .text.llcp_enc_rsp_handler
                0x0010a194       0xf4 C:\Program Files (x86)\ON Semiconductor\RSL10 EDK\eclipse\..\lib\ble_core\release\libblelib.a(llc_llcp.o)
 .text.llcp_terminate_ind_handler
                0x0010a288       0x50 C:\Program Files (x86)\ON Semiconductor\RSL10 EDK\eclipse\..\lib\ble_core\release\libblelib.a(llc_llcp.o)
 .text.llc_llcp_reject_ind
                0x0010a2d8      0x258 C:\Program Files (x86)\ON Semiconductor\RSL10 EDK\eclipse\..\lib\ble_core\release\libblelib.a(llc_llcp.o)
 .text.llcp_reject_ind_ext_handler
                0x0010a530       0x10 C:\Program Files (x86)\ON Semiconductor\RSL10 EDK\eclipse\..\lib\ble_core\release\libblelib.a(llc_llcp.o)
 .text.llcp_reject_ind_handler
                0x0010a540       0x10 C:\Program Files (x86)\ON Semiconductor\RSL10 EDK\eclipse\..\lib\ble_core\release\libblelib.a(llc_llcp.o)
 .text.llcp_pause_enc_req_handler
                0x0010a550       0xbc C:\Program Files (x86)\ON Semiconductor\RSL10 EDK\eclipse\..\lib\ble_core\release\libblelib.a(llc_llcp.o)
 .text.llcp_start_enc_req_handler
                0x0010a60c       0x6c C:\Program Files (x86)\ON Semiconductor\RSL10 EDK\eclipse\..\lib\ble_core\release\libblelib.a(llc_llcp.o)
 .text.llcp_enc_req_handler
                0x0010a678       0xcc C:\Program Files (x86)\ON Semiconductor\RSL10 EDK\eclipse\..\lib\ble_core\release\libblelib.a(llc_llcp.o)
 .text.llcp_unknown_rsp_handler
                0x0010a744      0x248 C:\Program Files (x86)\ON Semiconductor\RSL10 EDK\eclipse\..\lib\ble_core\release\libblelib.a(llc_llcp.o)
 .text.llcp_ping_req_handler
                0x0010a98c       0x3c C:\Program Files (x86)\ON Semiconductor\RSL10 EDK\eclipse\..\lib\ble_core\release\libblelib.a(llc_llcp.o)
 .text.llc_llcp_version_ind_pdu_send
                0x0010a9c8       0x2c C:\Program Files (x86)\ON Semiconductor\RSL10 EDK\eclipse\..\lib\ble_core\release\libblelib.a(llc_llcp.o)
                0x0010a9c8                llc_llcp_version_ind_pdu_send
 .text.llcp_vers_ind_handler
                0x0010a9f4       0xa0 C:\Program Files (x86)\ON Semiconductor\RSL10 EDK\eclipse\..\lib\ble_core\release\libblelib.a(llc_llcp.o)
 .text.llc_llcp_ch_map_update_pdu_send
                0x0010aa94       0x44 C:\Program Files (x86)\ON Semiconductor\RSL10 EDK\eclipse\..\lib\ble_core\release\libblelib.a(llc_llcp.o)
                0x0010aa94                llc_llcp_ch_map_update_pdu_send
 .text.llc_llcp_pause_enc_req_pdu_send
                0x0010aad8       0x34 C:\Program Files (x86)\ON Semiconductor\RSL10 EDK\eclipse\..\lib\ble_core\release\libblelib.a(llc_llcp.o)
                0x0010aad8                llc_llcp_pause_enc_req_pdu_send
 .text.llc_llcp_pause_enc_rsp_pdu_send
                0x0010ab0c       0x44 C:\Program Files (x86)\ON Semiconductor\RSL10 EDK\eclipse\..\lib\ble_core\release\libblelib.a(llc_llcp.o)
                0x0010ab0c                llc_llcp_pause_enc_rsp_pdu_send
 .text.llcp_pause_enc_rsp_handler
                0x0010ab50       0xd4 C:\Program Files (x86)\ON Semiconductor\RSL10 EDK\eclipse\..\lib\ble_core\release\libblelib.a(llc_llcp.o)
 .text.llc_llcp_enc_req_pdu_send
                0x0010ac24      0x100 C:\Program Files (x86)\ON Semiconductor\RSL10 EDK\eclipse\..\lib\ble_core\release\libblelib.a(llc_llcp.o)
                0x0010ac24                llc_llcp_enc_req_pdu_send
 .text.llc_llcp_enc_rsp_pdu_send
                0x0010ad24       0x84 C:\Program Files (x86)\ON Semiconductor\RSL10 EDK\eclipse\..\lib\ble_core\release\libblelib.a(llc_llcp.o)
                0x0010ad24                llc_llcp_enc_rsp_pdu_send
 .text.llc_llcp_start_enc_rsp_pdu_send
                0x0010ada8       0x58 C:\Program Files (x86)\ON Semiconductor\RSL10 EDK\eclipse\..\lib\ble_core\release\libblelib.a(llc_llcp.o)
                0x0010ada8                llc_llcp_start_enc_rsp_pdu_send
 .text.llcp_start_enc_rsp_handler
                0x0010ae00      0x140 C:\Program Files (x86)\ON Semiconductor\RSL10 EDK\eclipse\..\lib\ble_core\release\libblelib.a(llc_llcp.o)
 .text.llc_llcp_reject_ind_pdu_send
                0x0010af40       0x6c C:\Program Files (x86)\ON Semiconductor\RSL10 EDK\eclipse\..\lib\ble_core\release\libblelib.a(llc_llcp.o)
                0x0010af40                llc_llcp_reject_ind_pdu_send
 .text.llcp_phy_upd_ind_handler
                0x0010afac      0x28c C:\Program Files (x86)\ON Semiconductor\RSL10 EDK\eclipse\..\lib\ble_core\release\libblelib.a(llc_llcp.o)
 .text.llcp_phy_rsp_handler
                0x0010b238       0x70 C:\Program Files (x86)\ON Semiconductor\RSL10 EDK\eclipse\..\lib\ble_core\release\libblelib.a(llc_llcp.o)
 .text.llcp_length_rsp_handler
                0x0010b2a8      0x154 C:\Program Files (x86)\ON Semiconductor\RSL10 EDK\eclipse\..\lib\ble_core\release\libblelib.a(llc_llcp.o)
 .text.llcp_con_param_rsp_handler
                0x0010b3fc      0x100 C:\Program Files (x86)\ON Semiconductor\RSL10 EDK\eclipse\..\lib\ble_core\release\libblelib.a(llc_llcp.o)
 .text.llcp_feats_rsp_handler
                0x0010b4fc       0xa8 C:\Program Files (x86)\ON Semiconductor\RSL10 EDK\eclipse\..\lib\ble_core\release\libblelib.a(llc_llcp.o)
 .text.llcp_channel_map_ind_handler
                0x0010b5a4      0x178 C:\Program Files (x86)\ON Semiconductor\RSL10 EDK\eclipse\..\lib\ble_core\release\libblelib.a(llc_llcp.o)
 .text.llcp_con_upd_ind_handler
                0x0010b71c      0x1c4 C:\Program Files (x86)\ON Semiconductor\RSL10 EDK\eclipse\..\lib\ble_core\release\libblelib.a(llc_llcp.o)
 .text.llcp_phy_req_handler
                0x0010b8e0      0x1a4 C:\Program Files (x86)\ON Semiconductor\RSL10 EDK\eclipse\..\lib\ble_core\release\libblelib.a(llc_llcp.o)
 .text.llc_llcp_con_update_pdu_send
                0x0010ba84       0x40 C:\Program Files (x86)\ON Semiconductor\RSL10 EDK\eclipse\..\lib\ble_core\release\libblelib.a(llc_llcp.o)
                0x0010ba84                llc_llcp_con_update_pdu_send
 .text.llc_llcp_con_param_req_pdu_send
                0x0010bac4       0x70 C:\Program Files (x86)\ON Semiconductor\RSL10 EDK\eclipse\..\lib\ble_core\release\libblelib.a(llc_llcp.o)
                0x0010bac4                llc_llcp_con_param_req_pdu_send
 .text.llc_llcp_con_param_rsp_pdu_send
                0x0010bb34       0x70 C:\Program Files (x86)\ON Semiconductor\RSL10 EDK\eclipse\..\lib\ble_core\release\libblelib.a(llc_llcp.o)
                0x0010bb34                llc_llcp_con_param_rsp_pdu_send
 .text.llcp_con_param_req_handler
                0x0010bba4      0x254 C:\Program Files (x86)\ON Semiconductor\RSL10 EDK\eclipse\..\lib\ble_core\release\libblelib.a(llc_llcp.o)
 .text.llc_llcp_feats_req_pdu_send
                0x0010bdf8       0x30 C:\Program Files (x86)\ON Semiconductor\RSL10 EDK\eclipse\..\lib\ble_core\release\libblelib.a(llc_llcp.o)
                0x0010bdf8                llc_llcp_feats_req_pdu_send
 .text.llc_llcp_feats_rsp_pdu_send
                0x0010be28       0x28 C:\Program Files (x86)\ON Semiconductor\RSL10 EDK\eclipse\..\lib\ble_core\release\libblelib.a(llc_llcp.o)
                0x0010be28                llc_llcp_feats_rsp_pdu_send
 .text.llcp_feats_req_handler
                0x0010be50       0x50 C:\Program Files (x86)\ON Semiconductor\RSL10 EDK\eclipse\..\lib\ble_core\release\libblelib.a(llc_llcp.o)
 .text.llcp_slave_feature_req_handler
                0x0010bea0        0x4 C:\Program Files (x86)\ON Semiconductor\RSL10 EDK\eclipse\..\lib\ble_core\release\libblelib.a(llc_llcp.o)
 .text.llc_llcp_start_enc_req_pdu_send
                0x0010bea4       0x88 C:\Program Files (x86)\ON Semiconductor\RSL10 EDK\eclipse\..\lib\ble_core\release\libblelib.a(llc_llcp.o)
                0x0010bea4                llc_llcp_start_enc_req_pdu_send
 .text.llc_llcp_terminate_ind_pdu_send
                0x0010bf2c       0x64 C:\Program Files (x86)\ON Semiconductor\RSL10 EDK\eclipse\..\lib\ble_core\release\libblelib.a(llc_llcp.o)
                0x0010bf2c                llc_llcp_terminate_ind_pdu_send
 .text.llc_llcp_ping_req_pdu_send
                0x0010bf90       0x18 C:\Program Files (x86)\ON Semiconductor\RSL10 EDK\eclipse\..\lib\ble_core\release\libblelib.a(llc_llcp.o)
                0x0010bf90                llc_llcp_ping_req_pdu_send
 .text.llc_llcp_length_req_pdu_send
                0x0010bfa8       0x44 C:\Program Files (x86)\ON Semiconductor\RSL10 EDK\eclipse\..\lib\ble_core\release\libblelib.a(llc_llcp.o)
                0x0010bfa8                llc_llcp_length_req_pdu_send
 .text.llc_llcp_length_rsp_pdu_send
                0x0010bfec       0x44 C:\Program Files (x86)\ON Semiconductor\RSL10 EDK\eclipse\..\lib\ble_core\release\libblelib.a(llc_llcp.o)
                0x0010bfec                llc_llcp_length_rsp_pdu_send
 .text.llcp_length_req_handler
                0x0010c030      0x110 C:\Program Files (x86)\ON Semiconductor\RSL10 EDK\eclipse\..\lib\ble_core\release\libblelib.a(llc_llcp.o)
 .text.llc_llcp_phy_req_pdu_send
                0x0010c140       0x24 C:\Program Files (x86)\ON Semiconductor\RSL10 EDK\eclipse\..\lib\ble_core\release\libblelib.a(llc_llcp.o)
                0x0010c140                llc_llcp_phy_req_pdu_send
 .text.llc_llcp_phy_upd_ind_pdu_send
                0x0010c164       0x2c C:\Program Files (x86)\ON Semiconductor\RSL10 EDK\eclipse\..\lib\ble_core\release\libblelib.a(llc_llcp.o)
                0x0010c164                llc_llcp_phy_upd_ind_pdu_send
 .text.llc_llcp_recv_handler
                0x0010c190       0xbc C:\Program Files (x86)\ON Semiconductor\RSL10 EDK\eclipse\..\lib\ble_core\release\libblelib.a(llc_llcp.o)
                0x0010c190                llc_llcp_recv_handler
 .text.llc_llcp_get_autorize
                0x0010c24c       0x14 C:\Program Files (x86)\ON Semiconductor\RSL10 EDK\eclipse\..\lib\ble_core\release\libblelib.a(llc_llcp.o)
                0x0010c24c                llc_llcp_get_autorize
 .text.llc_dft_handler
                0x0010c260        0x4 C:\Program Files (x86)\ON Semiconductor\RSL10 EDK\eclipse\..\lib\ble_core\release\libblelib.a(llc_task.o)
 .text.llm_enc_ind_handler
                0x0010c264       0xe4 C:\Program Files (x86)\ON Semiconductor\RSL10 EDK\eclipse\..\lib\ble_core\release\libblelib.a(llc_task.o)
 .text.llc_llcp_recv_ind_handler
                0x0010c348       0x18 C:\Program Files (x86)\ON Semiconductor\RSL10 EDK\eclipse\..\lib\ble_core\release\libblelib.a(llc_task.o)
 .text.llc_phy_upd_req_ind_handler
                0x0010c360      0x348 C:\Program Files (x86)\ON Semiconductor\RSL10 EDK\eclipse\..\lib\ble_core\release\libblelib.a(llc_task.o)
 .text.llc_chmap_update_req_ind_handler
                0x0010c6a8       0x5c C:\Program Files (x86)\ON Semiconductor\RSL10 EDK\eclipse\..\lib\ble_core\release\libblelib.a(llc_task.o)
 .text.llc_auth_payl_real_to_ind_handler
                0x0010c704       0x5c C:\Program Files (x86)\ON Semiconductor\RSL10 EDK\eclipse\..\lib\ble_core\release\libblelib.a(llc_task.o)
 .text.llc_con_upd_req_ind_handler
                0x0010c760      0x1f4 C:\Program Files (x86)\ON Semiconductor\RSL10 EDK\eclipse\..\lib\ble_core\release\libblelib.a(llc_task.o)
 .text.llc_length_req_ind_handler
                0x0010c954       0x88 C:\Program Files (x86)\ON Semiconductor\RSL10 EDK\eclipse\..\lib\ble_core\release\libblelib.a(llc_task.o)
 .text.llc_task_random_gen_request
                0x0010c9dc       0x40 C:\Program Files (x86)\ON Semiconductor\RSL10 EDK\eclipse\..\lib\ble_core\release\libblelib.a(llc_task.o)
 .text.llc_enc_mgt_ind_handler
                0x0010ca1c      0x29c C:\Program Files (x86)\ON Semiconductor\RSL10 EDK\eclipse\..\lib\ble_core\release\libblelib.a(llc_task.o)
 .text.llc_chnl_assess_timer_handler
                0x0010ccb8       0x8c C:\Program Files (x86)\ON Semiconductor\RSL10 EDK\eclipse\..\lib\ble_core\release\libblelib.a(llc_task.o)
 .text.llc_llcp_rsp_to_ind_handler
                0x0010cd44       0x10 C:\Program Files (x86)\ON Semiconductor\RSL10 EDK\eclipse\..\lib\ble_core\release\libblelib.a(llc_task.o)
 .text.llc_link_sup_to_ind_handler
                0x0010cd54       0x20 C:\Program Files (x86)\ON Semiconductor\RSL10 EDK\eclipse\..\lib\ble_core\release\libblelib.a(llc_task.o)
 .text.llc_auth_payl_nearly_to_ind_handler
                0x0010cd74       0x7c C:\Program Files (x86)\ON Semiconductor\RSL10 EDK\eclipse\..\lib\ble_core\release\libblelib.a(llc_task.o)
 .text.llc_data_ind_handler
                0x0010cdf0       0x58 C:\Program Files (x86)\ON Semiconductor\RSL10 EDK\eclipse\..\lib\ble_core\release\libblelib.a(llc_task.o)
 .text.lld_stop_ind_handler
                0x0010ce48      0x16c C:\Program Files (x86)\ON Semiconductor\RSL10 EDK\eclipse\..\lib\ble_core\release\libblelib.a(llc_task.o)
 .text.llc_check_trafic_paused
                0x0010cfb4       0x4c C:\Program Files (x86)\ON Semiconductor\RSL10 EDK\eclipse\..\lib\ble_core\release\libblelib.a(llc_util.o)
 .text.llc_util_get_free_conhdl
                0x0010d000       0x2c C:\Program Files (x86)\ON Semiconductor\RSL10 EDK\eclipse\..\lib\ble_core\release\libblelib.a(llc_util.o)
                0x0010d000                llc_util_get_free_conhdl
 .text.llc_util_get_nb_active_link
                0x0010d02c       0x2c C:\Program Files (x86)\ON Semiconductor\RSL10 EDK\eclipse\..\lib\ble_core\release\libblelib.a(llc_util.o)
                0x0010d02c                llc_util_get_nb_active_link
 .text.llc_util_dicon_procedure
                0x0010d058       0x3c C:\Program Files (x86)\ON Semiconductor\RSL10 EDK\eclipse\..\lib\ble_core\release\libblelib.a(llc_util.o)
                0x0010d058                llc_util_dicon_procedure
 .text.llc_util_update_channel_map
                0x0010d094       0x18 C:\Program Files (x86)\ON Semiconductor\RSL10 EDK\eclipse\..\lib\ble_core\release\libblelib.a(llc_util.o)
                0x0010d094                llc_util_update_channel_map
 .text.llc_util_set_auth_payl_to_margin
                0x0010d0ac       0x40 C:\Program Files (x86)\ON Semiconductor\RSL10 EDK\eclipse\..\lib\ble_core\release\libblelib.a(llc_util.o)
                0x0010d0ac                llc_util_set_auth_payl_to_margin
 .text.llc_util_clear_operation_ptr
                0x0010d0ec       0x20 C:\Program Files (x86)\ON Semiconductor\RSL10 EDK\eclipse\..\lib\ble_core\release\libblelib.a(llc_util.o)
                0x0010d0ec                llc_util_clear_operation_ptr
 .text.llc_util_bw_mgt
                0x0010d10c       0x68 C:\Program Files (x86)\ON Semiconductor\RSL10 EDK\eclipse\..\lib\ble_core\release\libblelib.a(llc_util.o)
                0x0010d10c                llc_util_bw_mgt
 .text.llc_end_evt_defer
                0x0010d174       0x54 C:\Program Files (x86)\ON Semiconductor\RSL10 EDK\eclipse\..\lib\ble_core\release\libblelib.a(llc_util.o)
                0x0010d174                llc_end_evt_defer
 .text.llc_pdu_llcp_tx_ack_defer
                0x0010d1c8       0xd4 C:\Program Files (x86)\ON Semiconductor\RSL10 EDK\eclipse\..\lib\ble_core\release\libblelib.a(llc_util.o)
                0x0010d1c8                llc_pdu_llcp_tx_ack_defer
 .text.llc_pdu_acl_tx_ack_defer
                0x0010d29c       0x2c C:\Program Files (x86)\ON Semiconductor\RSL10 EDK\eclipse\..\lib\ble_core\release\libblelib.a(llc_util.o)
                0x0010d29c                llc_pdu_acl_tx_ack_defer
 .text.llc_pdu_defer
                0x0010d2c8       0xe4 C:\Program Files (x86)\ON Semiconductor\RSL10 EDK\eclipse\..\lib\ble_core\release\libblelib.a(llc_util.o)
                0x0010d2c8                llc_pdu_defer
 .text.em_buf_init
                0x0010d3ac       0xf0 C:\Program Files (x86)\ON Semiconductor\RSL10 EDK\eclipse\..\lib\ble_core\release\libblelib.a(em_buf.o)
                0x0010d3ac                em_buf_init
 .text.em_buf_rx_free
                0x0010d49c       0x18 C:\Program Files (x86)\ON Semiconductor\RSL10 EDK\eclipse\..\lib\ble_core\release\libblelib.a(em_buf.o)
                0x0010d49c                em_buf_rx_free
 .text.em_buf_rx_buff_addr_get
                0x0010d4b4       0x1c C:\Program Files (x86)\ON Semiconductor\RSL10 EDK\eclipse\..\lib\ble_core\release\libblelib.a(em_buf.o)
                0x0010d4b4                em_buf_rx_buff_addr_get
 .text.em_buf_tx_free
                0x0010d4d0       0x6c C:\Program Files (x86)\ON Semiconductor\RSL10 EDK\eclipse\..\lib\ble_core\release\libblelib.a(em_buf.o)
                0x0010d4d0                em_buf_tx_free
 .text.rwble_hl_init
                0x0010d53c       0x20 C:\Program Files (x86)\ON Semiconductor\RSL10 EDK\eclipse\..\lib\ble_core\release\libblelib.a(rwble_hl.o)
                0x0010d53c                rwble_hl_init
 .text.rwble_hl_reset
                0x0010d55c       0x20 C:\Program Files (x86)\ON Semiconductor\RSL10 EDK\eclipse\..\lib\ble_core\release\libblelib.a(rwble_hl.o)
                0x0010d55c                rwble_hl_reset
 .text.l2cm_l2cap_tx_handler
                0x0010d57c       0x4c C:\Program Files (x86)\ON Semiconductor\RSL10 EDK\eclipse\..\lib\ble_core\release\libblelib.a(l2cm.o)
 .text.l2cm_init
                0x0010d5c8       0x30 C:\Program Files (x86)\ON Semiconductor\RSL10 EDK\eclipse\..\lib\ble_core\release\libblelib.a(l2cm.o)
                0x0010d5c8                l2cm_init
 .text.l2cm_set_link_layer_buff_size
                0x0010d5f8       0x10 C:\Program Files (x86)\ON Semiconductor\RSL10 EDK\eclipse\..\lib\ble_core\release\libblelib.a(l2cm.o)
                0x0010d5f8                l2cm_set_link_layer_buff_size
 .text.l2cm_get_nb_buffer_available
                0x0010d608        0xc C:\Program Files (x86)\ON Semiconductor\RSL10 EDK\eclipse\..\lib\ble_core\release\libblelib.a(l2cm.o)
                0x0010d608                l2cm_get_nb_buffer_available
 .text.l2cm_tx_status
                0x0010d614       0x3c C:\Program Files (x86)\ON Semiconductor\RSL10 EDK\eclipse\..\lib\ble_core\release\libblelib.a(l2cm.o)
                0x0010d614                l2cm_tx_status
 .text.l2cm_create
                0x0010d650       0x14 C:\Program Files (x86)\ON Semiconductor\RSL10 EDK\eclipse\..\lib\ble_core\release\libblelib.a(l2cm.o)
                0x0010d650                l2cm_create
 .text.l2cm_cleanup
                0x0010d664       0x18 C:\Program Files (x86)\ON Semiconductor\RSL10 EDK\eclipse\..\lib\ble_core\release\libblelib.a(l2cm.o)
                0x0010d664                l2cm_cleanup
 .text.l2cc_create
                0x0010d67c       0x3c C:\Program Files (x86)\ON Semiconductor\RSL10 EDK\eclipse\..\lib\ble_core\release\libblelib.a(l2cc.o)
                0x0010d67c                l2cc_create
 .text.l2cc_update_state
                0x0010d6b8       0x34 C:\Program Files (x86)\ON Semiconductor\RSL10 EDK\eclipse\..\lib\ble_core\release\libblelib.a(l2cc.o)
                0x0010d6b8                l2cc_update_state
 .text.l2cc_send_complete_evt
                0x0010d6ec       0x60 C:\Program Files (x86)\ON Semiconductor\RSL10 EDK\eclipse\..\lib\ble_core\release\libblelib.a(l2cc.o)
                0x0010d6ec                l2cc_send_complete_evt
 .text.l2cc_send_error_evt
                0x0010d74c       0x30 C:\Program Files (x86)\ON Semiconductor\RSL10 EDK\eclipse\..\lib\ble_core\release\libblelib.a(l2cc.o)
                0x0010d74c                l2cc_send_error_evt
 .text.l2cc_cleanup
                0x0010d77c       0xc4 C:\Program Files (x86)\ON Semiconductor\RSL10 EDK\eclipse\..\lib\ble_core\release\libblelib.a(l2cc.o)
                0x0010d77c                l2cc_cleanup
 .text.l2cc_init
                0x0010d840       0x34 C:\Program Files (x86)\ON Semiconductor\RSL10 EDK\eclipse\..\lib\ble_core\release\libblelib.a(l2cc.o)
                0x0010d840                l2cc_init
 .text.l2cc_get_operation
                0x0010d874       0x14 C:\Program Files (x86)\ON Semiconductor\RSL10 EDK\eclipse\..\lib\ble_core\release\libblelib.a(l2cc.o)
                0x0010d874                l2cc_get_operation
 .text.l2cc_get_operation_ptr
                0x0010d888       0x10 C:\Program Files (x86)\ON Semiconductor\RSL10 EDK\eclipse\..\lib\ble_core\release\libblelib.a(l2cc.o)
                0x0010d888                l2cc_get_operation_ptr
 .text.l2cc_set_operation_ptr
                0x0010d898       0x10 C:\Program Files (x86)\ON Semiconductor\RSL10 EDK\eclipse\..\lib\ble_core\release\libblelib.a(l2cc.o)
                0x0010d898                l2cc_set_operation_ptr
 .text.l2cc_data_send
                0x0010d8a8      0x280 C:\Program Files (x86)\ON Semiconductor\RSL10 EDK\eclipse\..\lib\ble_core\release\libblelib.a(l2cc.o)
                0x0010d8a8                l2cc_data_send
 .text.l2cc_lecb_h2l_err
                0x0010db28       0x60 C:\Program Files (x86)\ON Semiconductor\RSL10 EDK\eclipse\..\lib\ble_core\release\libblelib.a(l2cc_lecb.o)
                0x0010db28                l2cc_lecb_h2l_err
 .text.l2cc_lecb_find
                0x0010db88       0x38 C:\Program Files (x86)\ON Semiconductor\RSL10 EDK\eclipse\..\lib\ble_core\release\libblelib.a(l2cc_lecb.o)
                0x0010db88                l2cc_lecb_find
 .text.l2cc_lecb_free
                0x0010dbc0       0xcc C:\Program Files (x86)\ON Semiconductor\RSL10 EDK\eclipse\..\lib\ble_core\release\libblelib.a(l2cc_lecb.o)
                0x0010dbc0                l2cc_lecb_free
 .text.l2cc_lecb_init_disconnect
                0x0010dc8c       0x38 C:\Program Files (x86)\ON Semiconductor\RSL10 EDK\eclipse\..\lib\ble_core\release\libblelib.a(l2cc_lecb.o)
                0x0010dc8c                l2cc_lecb_init_disconnect
 .text.l2cc_lecb_send_con_req
                0x0010dcc4       0x58 C:\Program Files (x86)\ON Semiconductor\RSL10 EDK\eclipse\..\lib\ble_core\release\libblelib.a(l2cc_lecb.o)
                0x0010dcc4                l2cc_lecb_send_con_req
 .text.l2cc_lecb_send_con_rsp
                0x0010dd1c       0x44 C:\Program Files (x86)\ON Semiconductor\RSL10 EDK\eclipse\..\lib\ble_core\release\libblelib.a(l2cc_lecb.o)
                0x0010dd1c                l2cc_lecb_send_con_rsp
 .text.l2cc_lecb_send_disc_req
                0x0010dd60       0x40 C:\Program Files (x86)\ON Semiconductor\RSL10 EDK\eclipse\..\lib\ble_core\release\libblelib.a(l2cc_lecb.o)
                0x0010dd60                l2cc_lecb_send_disc_req
 .text.l2cc_lecb_send_disc_rsp
                0x0010dda0       0x30 C:\Program Files (x86)\ON Semiconductor\RSL10 EDK\eclipse\..\lib\ble_core\release\libblelib.a(l2cc_lecb.o)
                0x0010dda0                l2cc_lecb_send_disc_rsp
 .text.l2cc_lecb_send_credit_add
                0x0010ddd0       0x30 C:\Program Files (x86)\ON Semiconductor\RSL10 EDK\eclipse\..\lib\ble_core\release\libblelib.a(l2cc_lecb.o)
                0x0010ddd0                l2cc_lecb_send_credit_add
 .text.l2cc_lecb_pdu_pack
                0x0010de00       0x70 C:\Program Files (x86)\ON Semiconductor\RSL10 EDK\eclipse\..\lib\ble_core\release\libblelib.a(l2cc_pdu.o)
                0x0010de00                l2cc_lecb_pdu_pack
 .text.l2cc_lecb_pdu_unpack
                0x0010de70       0x5c C:\Program Files (x86)\ON Semiconductor\RSL10 EDK\eclipse\..\lib\ble_core\release\libblelib.a(l2cc_pdu.o)
                0x0010de70                l2cc_lecb_pdu_unpack
 .text.l2cc_pdu_pack
                0x0010decc      0x31c C:\Program Files (x86)\ON Semiconductor\RSL10 EDK\eclipse\..\lib\ble_core\release\libblelib.a(l2cc_pdu.o)
                0x0010decc                l2cc_pdu_pack
 .text.l2cc_pdu_unpack
                0x0010e1e8      0x2f0 C:\Program Files (x86)\ON Semiconductor\RSL10 EDK\eclipse\..\lib\ble_core\release\libblelib.a(l2cc_pdu.o)
                0x0010e1e8                l2cc_pdu_unpack
 .text.l2cc_pdu_header_check
                0x0010e4d8      0x240 C:\Program Files (x86)\ON Semiconductor\RSL10 EDK\eclipse\..\lib\ble_core\release\libblelib.a(l2cc_pdu.o)
                0x0010e4d8                l2cc_pdu_header_check
 .text.l2cc_default_msg_handler
                0x0010e718        0x4 C:\Program Files (x86)\ON Semiconductor\RSL10 EDK\eclipse\..\lib\ble_core\release\libblelib.a(l2cc_task.o)
 .text.l2cc_dbg_pdu_send_cmd_handler
                0x0010e71c       0x40 C:\Program Files (x86)\ON Semiconductor\RSL10 EDK\eclipse\..\lib\ble_core\release\libblelib.a(l2cc_task.o)
 .text.l2cc_pdu_recv_ind_handler
                0x0010e75c       0x7c C:\Program Files (x86)\ON Semiconductor\RSL10 EDK\eclipse\..\lib\ble_core\release\libblelib.a(l2cc_task.o)
 .text.hci_acl_data_rx_handler
                0x0010e7d8      0x100 C:\Program Files (x86)\ON Semiconductor\RSL10 EDK\eclipse\..\lib\ble_core\release\libblelib.a(l2cc_task.o)
 .text.l2cc_signaling_trans_to_ind_handler
                0x0010e8d8       0x44 C:\Program Files (x86)\ON Semiconductor\RSL10 EDK\eclipse\..\lib\ble_core\release\libblelib.a(l2cc_task.o)
 .text.l2cc_lecb_sdu_send_cmd_handler
                0x0010e91c       0x84 C:\Program Files (x86)\ON Semiconductor\RSL10 EDK\eclipse\..\lib\ble_core\release\libblelib.a(l2cc_task.o)
 .text.l2cc_pdu_send_cmd_handler
                0x0010e9a0       0x5c C:\Program Files (x86)\ON Semiconductor\RSL10 EDK\eclipse\..\lib\ble_core\release\libblelib.a(l2cc_task.o)
 .text.hci_nb_cmp_pkts_evt_handler
                0x0010e9fc       0x3c C:\Program Files (x86)\ON Semiconductor\RSL10 EDK\eclipse\..\lib\ble_core\release\libblelib.a(l2cc_task.o)
 .text.l2cc_lecb_connect_cfm_handler
                0x0010ea38      0x188 C:\Program Files (x86)\ON Semiconductor\RSL10 EDK\eclipse\..\lib\ble_core\release\libblelib.a(l2cc_task.o)
 .text.l2cc_process_op
                0x0010ebc0       0x9c C:\Program Files (x86)\ON Semiconductor\RSL10 EDK\eclipse\..\lib\ble_core\release\libblelib.a(l2cc_task.o)
                0x0010ebc0                l2cc_process_op
 .text.l2cc_lecb_disconnect_cmd_handler
                0x0010ec5c       0x88 C:\Program Files (x86)\ON Semiconductor\RSL10 EDK\eclipse\..\lib\ble_core\release\libblelib.a(l2cc_task.o)
 .text.l2cc_lecb_add_cmd_handler
                0x0010ece4       0x8c C:\Program Files (x86)\ON Semiconductor\RSL10 EDK\eclipse\..\lib\ble_core\release\libblelib.a(l2cc_task.o)
 .text.l2cc_lecb_connect_cmd_handler
                0x0010ed70      0x148 C:\Program Files (x86)\ON Semiconductor\RSL10 EDK\eclipse\..\lib\ble_core\release\libblelib.a(l2cc_task.o)
 .text.l2cc_pdu_alloc
                0x0010eeb8       0x30 C:\Program Files (x86)\ON Semiconductor\RSL10 EDK\eclipse\..\lib\ble_core\release\libblelib.a(l2cc_task.o)
                0x0010eeb8                l2cc_pdu_alloc
 .text.l2cc_pdu_send
                0x0010eee8        0x8 C:\Program Files (x86)\ON Semiconductor\RSL10 EDK\eclipse\..\lib\ble_core\release\libblelib.a(l2cc_task.o)
                0x0010eee8                l2cc_pdu_send
 .text.gattm_svc_get_start_hdl
                0x0010eef0        0xc C:\Program Files (x86)\ON Semiconductor\RSL10 EDK\eclipse\..\lib\ble_core\release\libblelib.a(gattm.o)
                0x0010eef0                gattm_svc_get_start_hdl
 .text.gattm_init
                0x0010eefc       0x24 C:\Program Files (x86)\ON Semiconductor\RSL10 EDK\eclipse\..\lib\ble_core\release\libblelib.a(gattm.o)
                0x0010eefc                gattm_init
 .text.gattm_init_attr
                0x0010ef20       0x78 C:\Program Files (x86)\ON Semiconductor\RSL10 EDK\eclipse\..\lib\ble_core\release\libblelib.a(gattm.o)
                0x0010ef20                gattm_init_attr
 .text.gattm_create
                0x0010ef98        0x4 C:\Program Files (x86)\ON Semiconductor\RSL10 EDK\eclipse\..\lib\ble_core\release\libblelib.a(gattm.o)
                0x0010ef98                gattm_create
 .text.gattm_cleanup
                0x0010ef9c        0x8 C:\Program Files (x86)\ON Semiconductor\RSL10 EDK\eclipse\..\lib\ble_core\release\libblelib.a(gattm.o)
                0x0010ef9c                gattm_cleanup
 .text.gattm_default_msg_handler
                0x0010efa4        0x4 C:\Program Files (x86)\ON Semiconductor\RSL10 EDK\eclipse\..\lib\ble_core\release\libblelib.a(gattm_task.o)
 .text.gattm_att_set_value_req_handler
                0x0010efa8       0x30 C:\Program Files (x86)\ON Semiconductor\RSL10 EDK\eclipse\..\lib\ble_core\release\libblelib.a(gattm_task.o)
 .text.gattm_att_get_value_req_handler
                0x0010efd8       0x58 C:\Program Files (x86)\ON Semiconductor\RSL10 EDK\eclipse\..\lib\ble_core\release\libblelib.a(gattm_task.o)
 .text.gattm_att_set_permission_req_handler
                0x0010f030       0x2c C:\Program Files (x86)\ON Semiconductor\RSL10 EDK\eclipse\..\lib\ble_core\release\libblelib.a(gattm_task.o)
 .text.gattm_att_get_permission_req_handler
                0x0010f05c       0x48 C:\Program Files (x86)\ON Semiconductor\RSL10 EDK\eclipse\..\lib\ble_core\release\libblelib.a(gattm_task.o)
 .text.gattm_svc_set_permission_req_handler
                0x0010f0a4       0x2c C:\Program Files (x86)\ON Semiconductor\RSL10 EDK\eclipse\..\lib\ble_core\release\libblelib.a(gattm_task.o)
 .text.gattm_svc_get_permission_req_handler
                0x0010f0d0       0x2c C:\Program Files (x86)\ON Semiconductor\RSL10 EDK\eclipse\..\lib\ble_core\release\libblelib.a(gattm_task.o)
 .text.gattm_add_svc_req_handler
                0x0010f0fc       0x28 C:\Program Files (x86)\ON Semiconductor\RSL10 EDK\eclipse\..\lib\ble_core\release\libblelib.a(gattm_task.o)
 .text.gattc_operation_cleanup
                0x0010f124       0x74 C:\Program Files (x86)\ON Semiconductor\RSL10 EDK\eclipse\..\lib\ble_core\release\libblelib.a(gattc.o)
 .text.gattc_get_mtu
                0x0010f198       0x10 C:\Program Files (x86)\ON Semiconductor\RSL10 EDK\eclipse\..\lib\ble_core\release\libblelib.a(gattc.o)
                0x0010f198                gattc_get_mtu
 .text.gattc_set_mtu
                0x0010f1a8       0x4c C:\Program Files (x86)\ON Semiconductor\RSL10 EDK\eclipse\..\lib\ble_core\release\libblelib.a(gattc.o)
                0x0010f1a8                gattc_set_mtu
 .text.gattc_send_error_evt
                0x0010f1f4       0x2c C:\Program Files (x86)\ON Semiconductor\RSL10 EDK\eclipse\..\lib\ble_core\release\libblelib.a(gattc.o)
                0x0010f1f4                gattc_send_error_evt
 .text.gattc_get_operation
                0x0010f220       0x14 C:\Program Files (x86)\ON Semiconductor\RSL10 EDK\eclipse\..\lib\ble_core\release\libblelib.a(gattc.o)
                0x0010f220                gattc_get_operation
 .text.gattc_get_operation_ptr
                0x0010f234       0x10 C:\Program Files (x86)\ON Semiconductor\RSL10 EDK\eclipse\..\lib\ble_core\release\libblelib.a(gattc.o)
                0x0010f234                gattc_get_operation_ptr
 .text.gattc_set_operation_ptr
                0x0010f244       0x10 C:\Program Files (x86)\ON Semiconductor\RSL10 EDK\eclipse\..\lib\ble_core\release\libblelib.a(gattc.o)
                0x0010f244                gattc_set_operation_ptr
 .text.gattc_reschedule_operation
                0x0010f254       0x30 C:\Program Files (x86)\ON Semiconductor\RSL10 EDK\eclipse\..\lib\ble_core\release\libblelib.a(gattc.o)
                0x0010f254                gattc_reschedule_operation
 .text.gattc_get_requester
                0x0010f284       0x18 C:\Program Files (x86)\ON Semiconductor\RSL10 EDK\eclipse\..\lib\ble_core\release\libblelib.a(gattc.o)
                0x0010f284                gattc_get_requester
 .text.gattc_update_state
                0x0010f29c       0x34 C:\Program Files (x86)\ON Semiconductor\RSL10 EDK\eclipse\..\lib\ble_core\release\libblelib.a(gattc.o)
                0x0010f29c                gattc_update_state
 .text.gattc_create
                0x0010f2d0       0x84 C:\Program Files (x86)\ON Semiconductor\RSL10 EDK\eclipse\..\lib\ble_core\release\libblelib.a(gattc.o)
                0x0010f2d0                gattc_create
 .text.gattc_con_enable
                0x0010f354       0x18 C:\Program Files (x86)\ON Semiconductor\RSL10 EDK\eclipse\..\lib\ble_core\release\libblelib.a(gattc.o)
                0x0010f354                gattc_con_enable
 .text.gattc_send_complete_evt
                0x0010f36c       0x64 C:\Program Files (x86)\ON Semiconductor\RSL10 EDK\eclipse\..\lib\ble_core\release\libblelib.a(gattc.o)
                0x0010f36c                gattc_send_complete_evt
 .text.gattc_cleanup
                0x0010f3d0       0xa8 C:\Program Files (x86)\ON Semiconductor\RSL10 EDK\eclipse\..\lib\ble_core\release\libblelib.a(gattc.o)
                0x0010f3d0                gattc_cleanup
 .text.gattc_init
                0x0010f478       0x34 C:\Program Files (x86)\ON Semiconductor\RSL10 EDK\eclipse\..\lib\ble_core\release\libblelib.a(gattc.o)
                0x0010f478                gattc_init
 .text.gattc_default_msg_handler
                0x0010f4ac        0xc C:\Program Files (x86)\ON Semiconductor\RSL10 EDK\eclipse\..\lib\ble_core\release\libblelib.a(gattc_task.o)
 .text.l2cc_cmp_evt_handler
                0x0010f4b8       0x54 C:\Program Files (x86)\ON Semiconductor\RSL10 EDK\eclipse\..\lib\ble_core\release\libblelib.a(gattc_task.o)
 .text.l2cc_pdu_recv_ind_handler
                0x0010f50c       0x64 C:\Program Files (x86)\ON Semiconductor\RSL10 EDK\eclipse\..\lib\ble_core\release\libblelib.a(gattc_task.o)
 .text.gapc_cmp_evt_handler
                0x0010f570       0x40 C:\Program Files (x86)\ON Semiconductor\RSL10 EDK\eclipse\..\lib\ble_core\release\libblelib.a(gattc_task.o)
 .text.gattc_read_cfm_handler
                0x0010f5b0       0x40 C:\Program Files (x86)\ON Semiconductor\RSL10 EDK\eclipse\..\lib\ble_core\release\libblelib.a(gattc_task.o)
 .text.gattc_disc_char_desc_ind_handler